version https://git-lfs.github.com/spec/v1
oid sha256:4d681a1759f427d0e67618cd913c55d6f07bebfbedd71fd9035d03dd2bc45e5d
size 770365823
