version https://git-lfs.github.com/spec/v1
oid sha256:c82b55131bdd48ebbb40f0f64d60f5ae59af93e66f0a895db258f9465626228b
size 2134
