version https://git-lfs.github.com/spec/v1
oid sha256:bcff55dec6c4dca94f8d0809ca8fa1c7b30d3a83031be83eac6d089266c73ae3
size 142
