---
source: lustre-collector/src/parser.rs
expression: result
---
(
    [
        Target(
            RecoveryStatus(
                TargetStat {
                    kind: Ost,
                    param: Param(
                        "recovery_status",
                    ),
                    target: Target(
                        "200NVX2-OST0000",
                    ),
                    value: Complete,
                },
            ),
        ),
        Target(
            RecoveryDuration(
                TargetStat {
                    kind: Ost,
                    param: Param(
                        "recovery_status",
                    ),
                    target: Target(
                        "200NVX2-OST0000",
                    ),
                    value: 1,
                },
            ),
        ),
        Target(
            RecoveryCompletedClients(
                TargetStat {
                    kind: Ost,
                    param: Param(
                        "recovery_status",
                    ),
                    target: Target(
                        "200NVX2-OST0000",
                    ),
                    value: 8,
                },
            ),
        ),
        Target(
            RecoveryStatus(
                TargetStat {
                    kind: Ost,
                    param: Param(
                        "recovery_status",
                    ),
                    target: Target(
                        "200NVX2-OST0003",
                    ),
                    value: Complete,
                },
            ),
        ),
        Target(
            RecoveryDuration(
                TargetStat {
                    kind: Ost,
                    param: Param(
                        "recovery_status",
                    ),
                    target: Target(
                        "200NVX2-OST0003",
                    ),
                    value: 15,
                },
            ),
        ),
        Target(
            RecoveryCompletedClients(
                TargetStat {
                    kind: Ost,
                    param: Param(
                        "recovery_status",
                    ),
                    target: Target(
                        "200NVX2-OST0003",
                    ),
                    value: 8,
                },
            ),
        ),
        Target(
            RecoveryStatus(
                TargetStat {
                    kind: Ost,
                    param: Param(
                        "recovery_status",
                    ),
                    target: Target(
                        "200NVX2-OST0004",
                    ),
                    value: Complete,
                },
            ),
        ),
        Target(
            RecoveryDuration(
                TargetStat {
                    kind: Ost,
                    param: Param(
                        "recovery_status",
                    ),
                    target: Target(
                        "200NVX2-OST0004",
                    ),
                    value: 14,
                },
            ),
        ),
        Target(
            RecoveryCompletedClients(
                TargetStat {
                    kind: Ost,
                    param: Param(
                        "recovery_status",
                    ),
                    target: Target(
                        "200NVX2-OST0004",
                    ),
                    value: 8,
                },
            ),
        ),
        Target(
            RecoveryStatus(
                TargetStat {
                    kind: Ost,
                    param: Param(
                        "recovery_status",
                    ),
                    target: Target(
                        "200NVX2-OST0007",
                    ),
                    value: Complete,
                },
            ),
        ),
        Target(
            RecoveryDuration(
                TargetStat {
                    kind: Ost,
                    param: Param(
                        "recovery_status",
                    ),
                    target: Target(
                        "200NVX2-OST0007",
                    ),
                    value: 14,
                },
            ),
        ),
        Target(
            RecoveryCompletedClients(
                TargetStat {
                    kind: Ost,
                    param: Param(
                        "recovery_status",
                    ),
                    target: Target(
                        "200NVX2-OST0007",
                    ),
                    value: 8,
                },
            ),
        ),
    ],
    "",
)
