---
source: src/node_stats_parsers.rs
expression: parse_meminfo_line().parse(x)
---
Ok(
    (
        Node(
            MemTotal(
                NodeStat {
                    param: Param(
                        "mem_total",
                    ),
                    value: 5943788,
                },
            ),
        ),
        "\n",
    ),
)
