version https://git-lfs.github.com/spec/v1
oid sha256:94770df5fdc730ece2db29c92c985274f669321f349a00ceb4b606399cf214b8
size 836493071
