---
source: src/time.rs
expression: result
---
(
    "1684948453.142852820",
    "",
)
