---
source: lustre-collector/src/mgs/client_count_parser.rs
expression: result
---
(
    "MGS",
    "",
)
