---
source: src/mgs/mgs_parser.rs
expression: result

---
(
    [
        Target(
            Stats(
                TargetStat {
                    kind: Mgt,
                    param: Param(
                        "stats",
                    ),
                    target: Target(
                        "MGS",
                    ),
                    value: [
                        Stat {
                            name: "req_waittime",
                            units: "usec",
                            samples: 31280,
                            min: Some(
                                11,
                            ),
                            max: Some(
                                2695,
                            ),
                            sum: Some(
                                5020274,
                            ),
                            sumsquare: Some(
                                1032267156,
                            ),
                        },
                        Stat {
                            name: "req_qdepth",
                            units: "reqs",
                            samples: 31280,
                            min: Some(
                                0,
                            ),
                            max: Some(
                                1,
                            ),
                            sum: Some(
                                56,
                            ),
                            sumsquare: Some(
                                56,
                            ),
                        },
                        Stat {
                            name: "req_active",
                            units: "reqs",
                            samples: 31280,
                            min: Some(
                                1,
                            ),
                            max: Some(
                                2,
                            ),
                            sum: Some(
                                36625,
                            ),
                            sumsquare: Some(
                                47315,
                            ),
                        },
                        Stat {
                            name: "req_timeout",
                            units: "sec",
                            samples: 31280,
                            min: Some(
                                1,
                            ),
                            max: Some(
                                10,
                            ),
                            sum: Some(
                                31289,
                            ),
                            sumsquare: Some(
                                31379,
                            ),
                        },
                        Stat {
                            name: "reqbuf_avail",
                            units: "bufs",
                            samples: 85192,
                            min: Some(
                                62,
                            ),
                            max: Some(
                                64,
                            ),
                            sum: Some(
                                5364658,
                            ),
                            sumsquare: Some(
                                337866142,
                            ),
                        },
                        Stat {
                            name: "ldlm_plain_enqueue",
                            units: "reqs",
                            samples: 201,
                            min: Some(
                                1,
                            ),
                            max: Some(
                                1,
                            ),
                            sum: Some(
                                201,
                            ),
                            sumsquare: Some(
                                201,
                            ),
                        },
                        Stat {
                            name: "mgs_connect",
                            units: "usec",
                            samples: 9,
                            min: Some(
                                52,
                            ),
                            max: Some(
                                5165,
                            ),
                            sum: Some(
                                19362,
                            ),
                            sumsquare: Some(
                                66639088,
                            ),
                        },
                        Stat {
                            name: "mgs_disconnect",
                            units: "usec",
                            samples: 4,
                            min: Some(
                                50,
                            ),
                            max: Some(
                                92,
                            ),
                            sum: Some(
                                265,
                            ),
                            sumsquare: Some(
                                18709,
                            ),
                        },
                        Stat {
                            name: "mgs_target_reg",
                            units: "usec",
                            samples: 90,
                            min: Some(
                                874,
                            ),
                            max: Some(
                                163383,
                            ),
                            sum: Some(
                                1262544,
                            ),
                            sumsquare: Some(
                                91852108168,
                            ),
                        },
                        Stat {
                            name: "mgs_config_read",
                            units: "usec",
                            samples: 41,
                            min: Some(
                                41,
                            ),
                            max: Some(
                                2203,
                            ),
                            sum: Some(
                                26823,
                            ),
                            sumsquare: Some(
                                32448779,
                            ),
                        },
                        Stat {
                            name: "obd_ping",
                            units: "usec",
                            samples: 30339,
                            min: Some(
                                3,
                            ),
                            max: Some(
                                4398,
                            ),
                            sum: Some(
                                1552005,
                            ),
                            sumsquare: Some(
                                134387261,
                            ),
                        },
                        Stat {
                            name: "llog_origin_handle_open",
                            units: "usec",
                            samples: 153,
                            min: Some(
                                29,
                            ),
                            max: Some(
                                16443,
                            ),
                            sum: Some(
                                25516,
                            ),
                            sumsquare: Some(
                                270992222,
                            ),
                        },
                        Stat {
                            name: "llog_origin_handle_next_block",
                            units: "usec",
                            samples: 298,
                            min: Some(
                                24,
                            ),
                            max: Some(
                                31952,
                            ),
                            sum: Some(
                                141030,
                            ),
                            sumsquare: Some(
                                2788155300,
                            ),
                        },
                        Stat {
                            name: "llog_origin_handle_read_header",
                            units: "usec",
                            samples: 145,
                            min: Some(
                                25,
                            ),
                            max: Some(
                                44125,
                            ),
                            sum: Some(
                                192095,
                            ),
                            sumsquare: Some(
                                4905765639,
                            ),
                        },
                    ],
                },
            ),
        ),
        Target(
            ThreadsMax(
                TargetStat {
                    kind: Mgt,
                    param: Param(
                        "threads_max",
                    ),
                    target: Target(
                        "MGS",
                    ),
                    value: 32,
                },
            ),
        ),
        Target(
            ThreadsMin(
                TargetStat {
                    kind: Mgt,
                    param: Param(
                        "threads_min",
                    ),
                    target: Target(
                        "MGS",
                    ),
                    value: 3,
                },
            ),
        ),
        Target(
            ThreadsStarted(
                TargetStat {
                    kind: Mgt,
                    param: Param(
                        "threads_started",
                    ),
                    target: Target(
                        "MGS",
                    ),
                    value: 4,
                },
            ),
        ),
        Target(
            NumExports(
                TargetStat {
                    kind: Mgt,
                    param: Param(
                        "num_exports",
                    ),
                    target: Target(
                        "MGS",
                    ),
                    value: 5,
                },
            ),
        ),
    ],
    "",
)
