---
source: lustrefs-exporter/src/main.rs
expression: x
---

