---
source: src/main.rs
expression: x
---
# HELP lustre_available_bytes Number of bytes readily available in the pool
# TYPE lustre_available_bytes gauge
lustre_available_bytes{component="MGT",target="MGS"} 474824704 0
lustre_available_bytes{component="MDT",target="fs-MDT0000"} 2423201792 0
lustre_available_bytes{component="OST",target="fs-OST0000"} 4135227392 0
lustre_available_bytes{component="OST",target="fs-OST0001"} 4135227392 0

# HELP lustre_capacity_bytes Capacity of the pool in bytes
# TYPE lustre_capacity_bytes gauge
lustre_capacity_bytes{component="MGT",target="MGS"} 502878208 0
lustre_capacity_bytes{component="MDT",target="fs-MDT0000"} 2665299968 0
lustre_capacity_bytes{component="OST",target="fs-OST0000"} 4206989312 0
lustre_capacity_bytes{component="OST",target="fs-OST0001"} 4206989312 0

# HELP lustre_connected_clients Number of connected clients
# TYPE lustre_connected_clients gauge
lustre_connected_clients{component="MDT",target="fs-MDT0000"} 1 0
lustre_connected_clients{component="MDT",target="fs-MDT0000"} 1 0

# HELP lustre_dio_frags Current disk IO fragmentation for the given size.
# TYPE lustre_dio_frags gauge
lustre_dio_frags{component="OST",operation="read",target="fs-OST0000",size="2"} 0 0
lustre_dio_frags{component="OST",operation="write",target="fs-OST0000",size="2"} 4 0
lustre_dio_frags{component="OST",operation="read",target="fs-OST0000",size="3"} 0 0
lustre_dio_frags{component="OST",operation="write",target="fs-OST0000",size="3"} 0 0
lustre_dio_frags{component="OST",operation="read",target="fs-OST0000",size="4"} 0 0
lustre_dio_frags{component="OST",operation="write",target="fs-OST0000",size="4"} 1 0
lustre_dio_frags{component="OST",operation="read",target="fs-OST0000",size="5"} 0 0
lustre_dio_frags{component="OST",operation="write",target="fs-OST0000",size="5"} 0 0
lustre_dio_frags{component="OST",operation="read",target="fs-OST0000",size="6"} 0 0
lustre_dio_frags{component="OST",operation="write",target="fs-OST0000",size="6"} 2 0
lustre_dio_frags{component="OST",operation="read",target="fs-OST0000",size="7"} 0 0
lustre_dio_frags{component="OST",operation="write",target="fs-OST0000",size="7"} 0 0
lustre_dio_frags{component="OST",operation="read",target="fs-OST0000",size="8"} 0 0
lustre_dio_frags{component="OST",operation="write",target="fs-OST0000",size="8"} 11 0
lustre_dio_frags{component="OST",operation="read",target="fs-OST0001",size="1"} 0 0
lustre_dio_frags{component="OST",operation="write",target="fs-OST0001",size="1"} 1 0
lustre_dio_frags{component="OST",operation="read",target="fs-OST0001",size="2"} 0 0
lustre_dio_frags{component="OST",operation="write",target="fs-OST0001",size="2"} 5 0
lustre_dio_frags{component="OST",operation="read",target="fs-OST0001",size="3"} 0 0
lustre_dio_frags{component="OST",operation="write",target="fs-OST0001",size="3"} 0 0
lustre_dio_frags{component="OST",operation="read",target="fs-OST0001",size="4"} 0 0
lustre_dio_frags{component="OST",operation="write",target="fs-OST0001",size="4"} 1 0
lustre_dio_frags{component="OST",operation="read",target="fs-OST0001",size="5"} 0 0
lustre_dio_frags{component="OST",operation="write",target="fs-OST0001",size="5"} 1 0
lustre_dio_frags{component="OST",operation="read",target="fs-OST0001",size="6"} 0 0
lustre_dio_frags{component="OST",operation="write",target="fs-OST0001",size="6"} 0 0
lustre_dio_frags{component="OST",operation="read",target="fs-OST0001",size="7"} 0 0
lustre_dio_frags{component="OST",operation="write",target="fs-OST0001",size="7"} 0 0
lustre_dio_frags{component="OST",operation="read",target="fs-OST0001",size="8"} 0 0
lustre_dio_frags{component="OST",operation="write",target="fs-OST0001",size="8"} 12 0

# HELP lustre_discontiguous_blocks_total 
# TYPE lustre_discontiguous_blocks_total counter
lustre_discontiguous_blocks_total{component="OST",operation="read",target="fs-OST0000",size="0"} 0 0
lustre_discontiguous_blocks_total{component="OST",operation="write",target="fs-OST0000",size="0"} 17 0
lustre_discontiguous_blocks_total{component="OST",operation="read",target="fs-OST0000",size="1"} 0 0
lustre_discontiguous_blocks_total{component="OST",operation="write",target="fs-OST0000",size="1"} 1 0
lustre_discontiguous_blocks_total{component="OST",operation="read",target="fs-OST0001",size="0"} 0 0
lustre_discontiguous_blocks_total{component="OST",operation="write",target="fs-OST0001",size="0"} 19 0
lustre_discontiguous_blocks_total{component="OST",operation="read",target="fs-OST0001",size="1"} 0 0
lustre_discontiguous_blocks_total{component="OST",operation="write",target="fs-OST0001",size="1"} 1 0

# HELP lustre_discontiguous_pages_total Total number of logical discontinuities per RPC.
# TYPE lustre_discontiguous_pages_total counter
lustre_discontiguous_pages_total{component="OST",operation="read",target="fs-OST0000",size="0"} 0 0
lustre_discontiguous_pages_total{component="OST",operation="write",target="fs-OST0000",size="0"} 17 0
lustre_discontiguous_pages_total{component="OST",operation="read",target="fs-OST0000",size="1"} 0 0
lustre_discontiguous_pages_total{component="OST",operation="write",target="fs-OST0000",size="1"} 1 0
lustre_discontiguous_pages_total{component="OST",operation="read",target="fs-OST0001",size="0"} 0 0
lustre_discontiguous_pages_total{component="OST",operation="write",target="fs-OST0001",size="0"} 19 0
lustre_discontiguous_pages_total{component="OST",operation="read",target="fs-OST0001",size="1"} 0 0
lustre_discontiguous_pages_total{component="OST",operation="write",target="fs-OST0001",size="1"} 1 0

# HELP lustre_disk_io Current number of I/O operations that are processing during the snapshot.
# TYPE lustre_disk_io gauge
lustre_disk_io{component="OST",operation="read",target="fs-OST0000",size="1"} 0 0
lustre_disk_io{component="OST",operation="write",target="fs-OST0000",size="1"} 13 0
lustre_disk_io{component="OST",operation="read",target="fs-OST0000",size="2"} 0 0
lustre_disk_io{component="OST",operation="write",target="fs-OST0000",size="2"} 18 0
lustre_disk_io{component="OST",operation="read",target="fs-OST0000",size="3"} 0 0
lustre_disk_io{component="OST",operation="write",target="fs-OST0000",size="3"} 29 0
lustre_disk_io{component="OST",operation="read",target="fs-OST0000",size="4"} 0 0
lustre_disk_io{component="OST",operation="write",target="fs-OST0000",size="4"} 19 0
lustre_disk_io{component="OST",operation="read",target="fs-OST0000",size="5"} 0 0
lustre_disk_io{component="OST",operation="write",target="fs-OST0000",size="5"} 14 0
lustre_disk_io{component="OST",operation="read",target="fs-OST0000",size="6"} 0 0
lustre_disk_io{component="OST",operation="write",target="fs-OST0000",size="6"} 11 0
lustre_disk_io{component="OST",operation="read",target="fs-OST0000",size="7"} 0 0
lustre_disk_io{component="OST",operation="write",target="fs-OST0000",size="7"} 6 0
lustre_disk_io{component="OST",operation="read",target="fs-OST0000",size="8"} 0 0
lustre_disk_io{component="OST",operation="write",target="fs-OST0000",size="8"} 1 0
lustre_disk_io{component="OST",operation="read",target="fs-OST0000",size="9"} 0 0
lustre_disk_io{component="OST",operation="write",target="fs-OST0000",size="9"} 1 0
lustre_disk_io{component="OST",operation="read",target="fs-OST0001",size="1"} 0 0
lustre_disk_io{component="OST",operation="write",target="fs-OST0001",size="1"} 15 0
lustre_disk_io{component="OST",operation="read",target="fs-OST0001",size="2"} 0 0
lustre_disk_io{component="OST",operation="write",target="fs-OST0001",size="2"} 17 0
lustre_disk_io{component="OST",operation="read",target="fs-OST0001",size="3"} 0 0
lustre_disk_io{component="OST",operation="write",target="fs-OST0001",size="3"} 23 0
lustre_disk_io{component="OST",operation="read",target="fs-OST0001",size="4"} 0 0
lustre_disk_io{component="OST",operation="write",target="fs-OST0001",size="4"} 16 0
lustre_disk_io{component="OST",operation="read",target="fs-OST0001",size="5"} 0 0
lustre_disk_io{component="OST",operation="write",target="fs-OST0001",size="5"} 15 0
lustre_disk_io{component="OST",operation="read",target="fs-OST0001",size="6"} 0 0
lustre_disk_io{component="OST",operation="write",target="fs-OST0001",size="6"} 13 0
lustre_disk_io{component="OST",operation="read",target="fs-OST0001",size="7"} 0 0
lustre_disk_io{component="OST",operation="write",target="fs-OST0001",size="7"} 6 0
lustre_disk_io{component="OST",operation="read",target="fs-OST0001",size="8"} 0 0
lustre_disk_io{component="OST",operation="write",target="fs-OST0001",size="8"} 2 0
lustre_disk_io{component="OST",operation="read",target="fs-OST0001",size="9"} 0 0
lustre_disk_io{component="OST",operation="write",target="fs-OST0001",size="9"} 2 0
lustre_disk_io{component="OST",operation="read",target="fs-OST0001",size="10"} 0 0
lustre_disk_io{component="OST",operation="write",target="fs-OST0001",size="10"} 1 0
lustre_disk_io{component="OST",operation="read",target="fs-OST0001",size="11"} 0 0
lustre_disk_io{component="OST",operation="write",target="fs-OST0001",size="11"} 4 0
lustre_disk_io{component="OST",operation="read",target="fs-OST0001",size="12"} 0 0
lustre_disk_io{component="OST",operation="write",target="fs-OST0001",size="12"} 2 0

# HELP lustre_disk_io_total Total number of operations the filesystem has performed for the given size.
# TYPE lustre_disk_io_total counter
lustre_disk_io_total{component="OST",operation="read",target="fs-OST0000",size="524288"} 0 0
lustre_disk_io_total{component="OST",operation="write",target="fs-OST0000",size="524288"} 112 0
lustre_disk_io_total{component="OST",operation="read",target="fs-OST0001",size="524288"} 0 0
lustre_disk_io_total{component="OST",operation="write",target="fs-OST0001",size="524288"} 116 0

# HELP lustre_drop_count_total Total number of messages that have been dropped
# TYPE lustre_drop_count_total counter
lustre_drop_count_total{nid="0@lo"} 3 0
lustre_drop_count_total{nid="10.73.20.11@tcp"} 5 0
lustre_drop_count_total{nid="10.73.20.51@tcp"} 6 0

# HELP lustre_exports_dirty_total Total number of exports that have been marked dirty
# TYPE lustre_exports_dirty_total counter
lustre_exports_dirty_total{component="OST",target="fs-OST0000"} 0 0
lustre_exports_dirty_total{component="OST",target="fs-OST0001"} 0 0

# HELP lustre_exports_granted_total Total number of exports that have been marked granted
# TYPE lustre_exports_granted_total counter
lustre_exports_granted_total{component="OST",target="fs-OST0000"} 98188992 0
lustre_exports_granted_total{component="OST",target="fs-OST0001"} 113017408 0

# HELP lustre_exports_pending_total Total number of exports that have been marked pending
# TYPE lustre_exports_pending_total counter
lustre_exports_pending_total{component="OST",target="fs-OST0000"} 0 0
lustre_exports_pending_total{component="OST",target="fs-OST0001"} 0 0

# HELP lustre_exports_total Total number of times the pool has been exported
# TYPE lustre_exports_total counter
lustre_exports_total{component="MGT",target="MGS"} 4 0
lustre_exports_total{component="OST",target="fs-OST0000"} 2 0
lustre_exports_total{component="OST",target="fs-OST0001"} 2 0
lustre_exports_total{component="MDT",target="fs-MDT0000"} 10 0

# HELP lustre_free_bytes Number of bytes allocated to the pool
# TYPE lustre_free_bytes gauge
lustre_free_bytes{component="MGT",target="MGS"} 501665792 0
lustre_free_bytes{component="MDT",target="fs-MDT0000"} 2662928384 0
lustre_free_bytes{component="OST",target="fs-OST0000"} 4205690880 0
lustre_free_bytes{component="OST",target="fs-OST0001"} 4205690880 0

# HELP lustre_inodes_free The number of inodes (objects) available
# TYPE lustre_inodes_free gauge
lustre_inodes_free{component="MGT",target="MGS"} 32570 0
lustre_inodes_free{component="MDT",target="fs-MDT0000"} 1885348 0
lustre_inodes_free{component="OST",target="fs-OST0000"} 40628 0
lustre_inodes_free{component="OST",target="fs-OST0001"} 40628 0

# HELP lustre_inodes_maximum The maximum number of inodes (objects) the filesystem can hold
# TYPE lustre_inodes_maximum gauge
lustre_inodes_maximum{component="MGT",target="MGS"} 32768 0
lustre_inodes_maximum{component="MDT",target="fs-MDT0000"} 1885696 0
lustre_inodes_maximum{component="OST",target="fs-OST0000"} 40960 0
lustre_inodes_maximum{component="OST",target="fs-OST0001"} 40960 0

# HELP lustre_io_time_milliseconds_total Total time in milliseconds the filesystem has spent processing various object sizes.
# TYPE lustre_io_time_milliseconds_total counter
lustre_io_time_milliseconds_total{component="OST",operation="read",target="fs-OST0000",size="16"} 0 0
lustre_io_time_milliseconds_total{component="OST",operation="write",target="fs-OST0000",size="16"} 2 0
lustre_io_time_milliseconds_total{component="OST",operation="read",target="fs-OST0000",size="32"} 0 0
lustre_io_time_milliseconds_total{component="OST",operation="write",target="fs-OST0000",size="32"} 4 0
lustre_io_time_milliseconds_total{component="OST",operation="read",target="fs-OST0000",size="64"} 0 0
lustre_io_time_milliseconds_total{component="OST",operation="write",target="fs-OST0000",size="64"} 9 0
lustre_io_time_milliseconds_total{component="OST",operation="read",target="fs-OST0000",size="128"} 0 0
lustre_io_time_milliseconds_total{component="OST",operation="write",target="fs-OST0000",size="128"} 3 0
lustre_io_time_milliseconds_total{component="OST",operation="read",target="fs-OST0001",size="16"} 0 0
lustre_io_time_milliseconds_total{component="OST",operation="write",target="fs-OST0001",size="16"} 1 0
lustre_io_time_milliseconds_total{component="OST",operation="read",target="fs-OST0001",size="32"} 0 0
lustre_io_time_milliseconds_total{component="OST",operation="write",target="fs-OST0001",size="32"} 10 0
lustre_io_time_milliseconds_total{component="OST",operation="read",target="fs-OST0001",size="64"} 0 0
lustre_io_time_milliseconds_total{component="OST",operation="write",target="fs-OST0001",size="64"} 5 0
lustre_io_time_milliseconds_total{component="OST",operation="read",target="fs-OST0001",size="128"} 0 0
lustre_io_time_milliseconds_total{component="OST",operation="write",target="fs-OST0001",size="128"} 4 0

# HELP lustre_job_read_bytes_total The total number of bytes that have been read.
# TYPE lustre_job_read_bytes_total counter
lustre_job_read_bytes_total{component="OST",target="fs-OST0000",jobid="kworker/2:2.0"} 0 0
lustre_job_read_bytes_total{component="OST",target="fs-OST0000",jobid="dd.0"} 0 0
lustre_job_read_bytes_total{component="OST",target="fs-OST0001",jobid="kworker/2:2.0"} 0 0
lustre_job_read_bytes_total{component="OST",target="fs-OST0001",jobid="dd.0"} 0 0

# HELP lustre_job_read_maximum_size_bytes The maximum read size in bytes.
# TYPE lustre_job_read_maximum_size_bytes gauge
lustre_job_read_maximum_size_bytes{component="OST",target="fs-OST0000",jobid="kworker/2:2.0"} 0 0
lustre_job_read_maximum_size_bytes{component="OST",target="fs-OST0000",jobid="dd.0"} 0 0
lustre_job_read_maximum_size_bytes{component="OST",target="fs-OST0001",jobid="kworker/2:2.0"} 0 0
lustre_job_read_maximum_size_bytes{component="OST",target="fs-OST0001",jobid="dd.0"} 0 0

# HELP lustre_job_read_minimum_size_bytes The minimum read size in bytes.
# TYPE lustre_job_read_minimum_size_bytes gauge
lustre_job_read_minimum_size_bytes{component="OST",target="fs-OST0000",jobid="kworker/2:2.0"} 0 0
lustre_job_read_minimum_size_bytes{component="OST",target="fs-OST0000",jobid="dd.0"} 0 0
lustre_job_read_minimum_size_bytes{component="OST",target="fs-OST0001",jobid="kworker/2:2.0"} 0 0
lustre_job_read_minimum_size_bytes{component="OST",target="fs-OST0001",jobid="dd.0"} 0 0

# HELP lustre_job_read_samples_total Total number of reads that have been recorded.
# TYPE lustre_job_read_samples_total counter
lustre_job_read_samples_total{component="OST",target="fs-OST0000",jobid="kworker/2:2.0"} 0 0
lustre_job_read_samples_total{component="OST",target="fs-OST0000",jobid="dd.0"} 0 0
lustre_job_read_samples_total{component="OST",target="fs-OST0001",jobid="kworker/2:2.0"} 0 0
lustre_job_read_samples_total{component="OST",target="fs-OST0001",jobid="dd.0"} 0 0

# HELP lustre_job_stats_total Number of operations the filesystem has performed, recorded by jobstats.
# TYPE lustre_job_stats_total counter
lustre_job_stats_total{component="MDT",target="fs-MDT0000",jobid="dd.0",operation="open"} 1 0
lustre_job_stats_total{component="MDT",target="fs-MDT0000",jobid="dd.0",operation="close"} 4 0
lustre_job_stats_total{component="MDT",target="fs-MDT0000",jobid="dd.0",operation="mknod"} 0 0
lustre_job_stats_total{component="MDT",target="fs-MDT0000",jobid="dd.0",operation="link"} 0 0
lustre_job_stats_total{component="MDT",target="fs-MDT0000",jobid="dd.0",operation="unlink"} 0 0
lustre_job_stats_total{component="MDT",target="fs-MDT0000",jobid="dd.0",operation="mkdir"} 0 0
lustre_job_stats_total{component="MDT",target="fs-MDT0000",jobid="dd.0",operation="rmdir"} 0 0
lustre_job_stats_total{component="MDT",target="fs-MDT0000",jobid="dd.0",operation="rename"} 0 0
lustre_job_stats_total{component="MDT",target="fs-MDT0000",jobid="dd.0",operation="getattr"} 3 0
lustre_job_stats_total{component="MDT",target="fs-MDT0000",jobid="dd.0",operation="setattr"} 4 0
lustre_job_stats_total{component="MDT",target="fs-MDT0000",jobid="dd.0",operation="getxattr"} 1 0
lustre_job_stats_total{component="MDT",target="fs-MDT0000",jobid="dd.0",operation="setxattr"} 0 0
lustre_job_stats_total{component="MDT",target="fs-MDT0000",jobid="dd.0",operation="statfs"} 0 0
lustre_job_stats_total{component="MDT",target="fs-MDT0000",jobid="dd.0",operation="sync"} 0 0
lustre_job_stats_total{component="MDT",target="fs-MDT0000",jobid="dd.0",operation="samedir_rename"} 0 0
lustre_job_stats_total{component="MDT",target="fs-MDT0000",jobid="dd.0",operation="crossdir_rename"} 0 0

# HELP lustre_job_write_bytes_total The total number of bytes that have been written.
# TYPE lustre_job_write_bytes_total counter
lustre_job_write_bytes_total{component="OST",target="fs-OST0000",jobid="kworker/2:2.0"} 0 0
lustre_job_write_bytes_total{component="OST",target="fs-OST0000",jobid="dd.0"} 57671680 0
lustre_job_write_bytes_total{component="OST",target="fs-OST0001",jobid="kworker/2:2.0"} 0 0
lustre_job_write_bytes_total{component="OST",target="fs-OST0001",jobid="dd.0"} 59670528 0

# HELP lustre_job_write_maximum_size_bytes The maximum write size in bytes.
# TYPE lustre_job_write_maximum_size_bytes gauge
lustre_job_write_maximum_size_bytes{component="OST",target="fs-OST0000",jobid="kworker/2:2.0"} 0 0
lustre_job_write_maximum_size_bytes{component="OST",target="fs-OST0000",jobid="dd.0"} 4194304 0
lustre_job_write_maximum_size_bytes{component="OST",target="fs-OST0001",jobid="kworker/2:2.0"} 0 0
lustre_job_write_maximum_size_bytes{component="OST",target="fs-OST0001",jobid="dd.0"} 4194304 0

# HELP lustre_job_write_minimum_size_bytes The minimum write size in bytes.
# TYPE lustre_job_write_minimum_size_bytes gauge
lustre_job_write_minimum_size_bytes{component="OST",target="fs-OST0000",jobid="kworker/2:2.0"} 0 0
lustre_job_write_minimum_size_bytes{component="OST",target="fs-OST0000",jobid="dd.0"} 1048576 0
lustre_job_write_minimum_size_bytes{component="OST",target="fs-OST0001",jobid="kworker/2:2.0"} 0 0
lustre_job_write_minimum_size_bytes{component="OST",target="fs-OST0001",jobid="dd.0"} 524288 0

# HELP lustre_job_write_samples_total Total number of writes that have been recorded.
# TYPE lustre_job_write_samples_total counter
lustre_job_write_samples_total{component="OST",target="fs-OST0000",jobid="kworker/2:2.0"} 0 0
lustre_job_write_samples_total{component="OST",target="fs-OST0000",jobid="dd.0"} 17 0
lustre_job_write_samples_total{component="OST",target="fs-OST0001",jobid="kworker/2:2.0"} 0 0
lustre_job_write_samples_total{component="OST",target="fs-OST0001",jobid="dd.0"} 19 0

# HELP lustre_lock_contended_total Number of contended locks
# TYPE lustre_lock_contended_total counter
lustre_lock_contended_total{component="MDT",target="fs-MDT0000"} 32 0
lustre_lock_contended_total{component="OST",target="fs-OST0000"} 32 0
lustre_lock_contended_total{component="OST",target="fs-OST0001"} 32 0

# HELP lustre_lock_contention_seconds_total Time in seconds during which locks were contended
# TYPE lustre_lock_contention_seconds_total counter
lustre_lock_contention_seconds_total{component="MDT",target="fs-MDT0000"} 2 0
lustre_lock_contention_seconds_total{component="OST",target="fs-OST0000"} 2 0
lustre_lock_contention_seconds_total{component="OST",target="fs-OST0001"} 2 0

# HELP lustre_lock_count_total Number of locks
# TYPE lustre_lock_count_total counter
lustre_lock_count_total{component="MDT",target="fs-MDT0000"} 32 0
lustre_lock_count_total{component="OST",target="fs-OST0000"} 1 0
lustre_lock_count_total{component="OST",target="fs-OST0001"} 1 0

# HELP lustre_lock_timeout_total Number of lock timeouts
# TYPE lustre_lock_timeout_total counter
lustre_lock_timeout_total{component="MDT",target="fs-MDT0000"} 0 0
lustre_lock_timeout_total{component="OST",target="fs-OST0000"} 0 0
lustre_lock_timeout_total{component="OST",target="fs-OST0001"} 0 0

# HELP lustre_pages_per_bulk_rw_total Total number of pages per block RPC.
# TYPE lustre_pages_per_bulk_rw_total counter
lustre_pages_per_bulk_rw_total{component="OST",operation="read",target="fs-OST0000",size="256"} 0 0
lustre_pages_per_bulk_rw_total{component="OST",operation="write",target="fs-OST0000",size="256"} 4 0
lustre_pages_per_bulk_rw_total{component="OST",operation="read",target="fs-OST0000",size="512"} 0 0
lustre_pages_per_bulk_rw_total{component="OST",operation="write",target="fs-OST0000",size="512"} 1 0
lustre_pages_per_bulk_rw_total{component="OST",operation="read",target="fs-OST0000",size="1024"} 0 0
lustre_pages_per_bulk_rw_total{component="OST",operation="write",target="fs-OST0000",size="1024"} 13 0
lustre_pages_per_bulk_rw_total{component="OST",operation="read",target="fs-OST0001",size="128"} 0 0
lustre_pages_per_bulk_rw_total{component="OST",operation="write",target="fs-OST0001",size="128"} 1 0
lustre_pages_per_bulk_rw_total{component="OST",operation="read",target="fs-OST0001",size="256"} 0 0
lustre_pages_per_bulk_rw_total{component="OST",operation="write",target="fs-OST0001",size="256"} 5 0
lustre_pages_per_bulk_rw_total{component="OST",operation="read",target="fs-OST0001",size="512"} 0 0
lustre_pages_per_bulk_rw_total{component="OST",operation="write",target="fs-OST0001",size="512"} 1 0
lustre_pages_per_bulk_rw_total{component="OST",operation="read",target="fs-OST0001",size="1024"} 0 0
lustre_pages_per_bulk_rw_total{component="OST",operation="write",target="fs-OST0001",size="1024"} 13 0

# HELP lustre_receive_count_total Total number of messages that have been received
# TYPE lustre_receive_count_total counter
lustre_receive_count_total{nid="0@lo"} 27011 0
lustre_receive_count_total{nid="10.73.20.11@tcp"} 25960 0
lustre_receive_count_total{nid="10.73.20.51@tcp"} 25880 0

# HELP lustre_send_count_total Total number of messages that have been sent
# TYPE lustre_send_count_total counter
lustre_send_count_total{nid="0@lo"} 27014 0
lustre_send_count_total{nid="10.73.20.11@tcp"} 25956 0
lustre_send_count_total{nid="10.73.20.51@tcp"} 25870 0

