---
source: lustrefs-exporter/src/routes.rs
expression: response.as_text().await
---
# HELP lustre_job_read_samples_total Total number of reads that have been recorded.
# TYPE lustre_job_read_samples_total counter
lustre_job_read_samples_total{component="ost",jobid="SLURM_JOB10",operation="read_bytes",target="es01a-OST0001"} 0
lustre_job_read_samples_total{component="ost",jobid="SLURM_JOB10:0:es18kxe-co-client",operation="read_bytes",target="es01a-OST0001"} 0
lustre_job_read_samples_total{component="ost",jobid="SLURM_JOB20",operation="read_bytes",target="es01a-OST0001"} 0
lustre_job_read_samples_total{component="ost",jobid="SLURM_JOB20:0:es18kxe-co-client",operation="read_bytes",target="es01a-OST0001"} 0
lustre_job_read_samples_total{component="ost",jobid="SLURM_JOB29",operation="read_bytes",target="es01a-OST0001"} 0
lustre_job_read_samples_total{component="ost",jobid="SLURM_JOB29:0:es18kxe-co-client",operation="read_bytes",target="es01a-OST0001"} 0
lustre_job_read_samples_total{component="ost",jobid="SLURM_JOB35",operation="read_bytes",target="es01a-OST0001"} 0
lustre_job_read_samples_total{component="ost",jobid="SLURM_JOB35:0:es18kxe-co-client",operation="read_bytes",target="es01a-OST0001"} 0
lustre_job_read_samples_total{component="ost",jobid="SLURM_JOB51",operation="read_bytes",target="es01a-OST0001"} 0
lustre_job_read_samples_total{component="ost",jobid="SLURM_JOB51:0:es18kxe-co-client",operation="read_bytes",target="es01a-OST0001"} 0
lustre_job_read_samples_total{component="ost",jobid="SLURM_JOB59",operation="read_bytes",target="es01a-OST0001"} 0
lustre_job_read_samples_total{component="ost",jobid="SLURM_JOB59:0:es18kxe-co-client",operation="read_bytes",target="es01a-OST0001"} 0
lustre_job_read_samples_total{component="ost",jobid="SLURM_JOB79",operation="read_bytes",target="es01a-OST0001"} 0
lustre_job_read_samples_total{component="ost",jobid="SLURM_JOB79:0:es18kxe-co-client",operation="read_bytes",target="es01a-OST0001"} 0
lustre_job_read_samples_total{component="ost",jobid="SLURM_JOB97",operation="read_bytes",target="es01a-OST0001"} 0
lustre_job_read_samples_total{component="ost",jobid="SLURM_JOB97:0:es18kxe-co-client",operation="read_bytes",target="es01a-OST0001"} 0
# HELP lustre_job_read_minimum_size_bytes The minimum read size in bytes.
# TYPE lustre_job_read_minimum_size_bytes gauge
lustre_job_read_minimum_size_bytes{component="ost",jobid="SLURM_JOB10",operation="read_bytes",target="es01a-OST0001"} 0
lustre_job_read_minimum_size_bytes{component="ost",jobid="SLURM_JOB10:0:es18kxe-co-client",operation="read_bytes",target="es01a-OST0001"} 0
lustre_job_read_minimum_size_bytes{component="ost",jobid="SLURM_JOB20",operation="read_bytes",target="es01a-OST0001"} 0
lustre_job_read_minimum_size_bytes{component="ost",jobid="SLURM_JOB20:0:es18kxe-co-client",operation="read_bytes",target="es01a-OST0001"} 0
lustre_job_read_minimum_size_bytes{component="ost",jobid="SLURM_JOB29",operation="read_bytes",target="es01a-OST0001"} 0
lustre_job_read_minimum_size_bytes{component="ost",jobid="SLURM_JOB29:0:es18kxe-co-client",operation="read_bytes",target="es01a-OST0001"} 0
lustre_job_read_minimum_size_bytes{component="ost",jobid="SLURM_JOB35",operation="read_bytes",target="es01a-OST0001"} 0
lustre_job_read_minimum_size_bytes{component="ost",jobid="SLURM_JOB35:0:es18kxe-co-client",operation="read_bytes",target="es01a-OST0001"} 0
lustre_job_read_minimum_size_bytes{component="ost",jobid="SLURM_JOB51",operation="read_bytes",target="es01a-OST0001"} 0
lustre_job_read_minimum_size_bytes{component="ost",jobid="SLURM_JOB51:0:es18kxe-co-client",operation="read_bytes",target="es01a-OST0001"} 0
lustre_job_read_minimum_size_bytes{component="ost",jobid="SLURM_JOB59",operation="read_bytes",target="es01a-OST0001"} 0
lustre_job_read_minimum_size_bytes{component="ost",jobid="SLURM_JOB59:0:es18kxe-co-client",operation="read_bytes",target="es01a-OST0001"} 0
lustre_job_read_minimum_size_bytes{component="ost",jobid="SLURM_JOB79",operation="read_bytes",target="es01a-OST0001"} 0
lustre_job_read_minimum_size_bytes{component="ost",jobid="SLURM_JOB79:0:es18kxe-co-client",operation="read_bytes",target="es01a-OST0001"} 0
lustre_job_read_minimum_size_bytes{component="ost",jobid="SLURM_JOB97",operation="read_bytes",target="es01a-OST0001"} 0
lustre_job_read_minimum_size_bytes{component="ost",jobid="SLURM_JOB97:0:es18kxe-co-client",operation="read_bytes",target="es01a-OST0001"} 0
# HELP lustre_job_read_maximum_size_bytes The maximum read size in bytes.
# TYPE lustre_job_read_maximum_size_bytes counter
lustre_job_read_maximum_size_bytes{component="ost",jobid="SLURM_JOB10",operation="read_bytes",target="es01a-OST0001"} 0
lustre_job_read_maximum_size_bytes{component="ost",jobid="SLURM_JOB10:0:es18kxe-co-client",operation="read_bytes",target="es01a-OST0001"} 0
lustre_job_read_maximum_size_bytes{component="ost",jobid="SLURM_JOB20",operation="read_bytes",target="es01a-OST0001"} 0
lustre_job_read_maximum_size_bytes{component="ost",jobid="SLURM_JOB20:0:es18kxe-co-client",operation="read_bytes",target="es01a-OST0001"} 0
lustre_job_read_maximum_size_bytes{component="ost",jobid="SLURM_JOB29",operation="read_bytes",target="es01a-OST0001"} 0
lustre_job_read_maximum_size_bytes{component="ost",jobid="SLURM_JOB29:0:es18kxe-co-client",operation="read_bytes",target="es01a-OST0001"} 0
lustre_job_read_maximum_size_bytes{component="ost",jobid="SLURM_JOB35",operation="read_bytes",target="es01a-OST0001"} 0
lustre_job_read_maximum_size_bytes{component="ost",jobid="SLURM_JOB35:0:es18kxe-co-client",operation="read_bytes",target="es01a-OST0001"} 0
lustre_job_read_maximum_size_bytes{component="ost",jobid="SLURM_JOB51",operation="read_bytes",target="es01a-OST0001"} 0
lustre_job_read_maximum_size_bytes{component="ost",jobid="SLURM_JOB51:0:es18kxe-co-client",operation="read_bytes",target="es01a-OST0001"} 0
lustre_job_read_maximum_size_bytes{component="ost",jobid="SLURM_JOB59",operation="read_bytes",target="es01a-OST0001"} 0
lustre_job_read_maximum_size_bytes{component="ost",jobid="SLURM_JOB59:0:es18kxe-co-client",operation="read_bytes",target="es01a-OST0001"} 0
lustre_job_read_maximum_size_bytes{component="ost",jobid="SLURM_JOB79",operation="read_bytes",target="es01a-OST0001"} 0
lustre_job_read_maximum_size_bytes{component="ost",jobid="SLURM_JOB79:0:es18kxe-co-client",operation="read_bytes",target="es01a-OST0001"} 0
lustre_job_read_maximum_size_bytes{component="ost",jobid="SLURM_JOB97",operation="read_bytes",target="es01a-OST0001"} 0
lustre_job_read_maximum_size_bytes{component="ost",jobid="SLURM_JOB97:0:es18kxe-co-client",operation="read_bytes",target="es01a-OST0001"} 0
# HELP lustre_job_read_bytes_total The total number of bytes that have been read.
# TYPE lustre_job_read_bytes_total counter
lustre_job_read_bytes_total{component="ost",jobid="SLURM_JOB10",operation="read_bytes",target="es01a-OST0001"} 0
lustre_job_read_bytes_total{component="ost",jobid="SLURM_JOB10:0:es18kxe-co-client",operation="read_bytes",target="es01a-OST0001"} 0
lustre_job_read_bytes_total{component="ost",jobid="SLURM_JOB20",operation="read_bytes",target="es01a-OST0001"} 0
lustre_job_read_bytes_total{component="ost",jobid="SLURM_JOB20:0:es18kxe-co-client",operation="read_bytes",target="es01a-OST0001"} 0
lustre_job_read_bytes_total{component="ost",jobid="SLURM_JOB29",operation="read_bytes",target="es01a-OST0001"} 0
lustre_job_read_bytes_total{component="ost",jobid="SLURM_JOB29:0:es18kxe-co-client",operation="read_bytes",target="es01a-OST0001"} 0
lustre_job_read_bytes_total{component="ost",jobid="SLURM_JOB35",operation="read_bytes",target="es01a-OST0001"} 0
lustre_job_read_bytes_total{component="ost",jobid="SLURM_JOB35:0:es18kxe-co-client",operation="read_bytes",target="es01a-OST0001"} 0
lustre_job_read_bytes_total{component="ost",jobid="SLURM_JOB51",operation="read_bytes",target="es01a-OST0001"} 0
lustre_job_read_bytes_total{component="ost",jobid="SLURM_JOB51:0:es18kxe-co-client",operation="read_bytes",target="es01a-OST0001"} 0
lustre_job_read_bytes_total{component="ost",jobid="SLURM_JOB59",operation="read_bytes",target="es01a-OST0001"} 0
lustre_job_read_bytes_total{component="ost",jobid="SLURM_JOB59:0:es18kxe-co-client",operation="read_bytes",target="es01a-OST0001"} 0
lustre_job_read_bytes_total{component="ost",jobid="SLURM_JOB79",operation="read_bytes",target="es01a-OST0001"} 0
lustre_job_read_bytes_total{component="ost",jobid="SLURM_JOB79:0:es18kxe-co-client",operation="read_bytes",target="es01a-OST0001"} 0
lustre_job_read_bytes_total{component="ost",jobid="SLURM_JOB97",operation="read_bytes",target="es01a-OST0001"} 0
lustre_job_read_bytes_total{component="ost",jobid="SLURM_JOB97:0:es18kxe-co-client",operation="read_bytes",target="es01a-OST0001"} 0
# HELP lustre_job_write_samples_total Total number of writes that have been recorded.
# TYPE lustre_job_write_samples_total counter
lustre_job_write_samples_total{component="ost",jobid="SLURM_JOB10",operation="write_bytes",target="es01a-OST0001"} 17
lustre_job_write_samples_total{component="ost",jobid="SLURM_JOB10:0:es18kxe-co-client",operation="write_bytes",target="es01a-OST0001"} 861
lustre_job_write_samples_total{component="ost",jobid="SLURM_JOB20",operation="write_bytes",target="es01a-OST0001"} 15
lustre_job_write_samples_total{component="ost",jobid="SLURM_JOB20:0:es18kxe-co-client",operation="write_bytes",target="es01a-OST0001"} 864
lustre_job_write_samples_total{component="ost",jobid="SLURM_JOB29",operation="write_bytes",target="es01a-OST0001"} 17
lustre_job_write_samples_total{component="ost",jobid="SLURM_JOB29:0:es18kxe-co-client",operation="write_bytes",target="es01a-OST0001"} 852
lustre_job_write_samples_total{component="ost",jobid="SLURM_JOB35",operation="write_bytes",target="es01a-OST0001"} 17
lustre_job_write_samples_total{component="ost",jobid="SLURM_JOB35:0:es18kxe-co-client",operation="write_bytes",target="es01a-OST0001"} 857
lustre_job_write_samples_total{component="ost",jobid="SLURM_JOB51",operation="write_bytes",target="es01a-OST0001"} 14
lustre_job_write_samples_total{component="ost",jobid="SLURM_JOB51:0:es18kxe-co-client",operation="write_bytes",target="es01a-OST0001"} 823
lustre_job_write_samples_total{component="ost",jobid="SLURM_JOB59",operation="write_bytes",target="es01a-OST0001"} 15
lustre_job_write_samples_total{component="ost",jobid="SLURM_JOB59:0:es18kxe-co-client",operation="write_bytes",target="es01a-OST0001"} 824
lustre_job_write_samples_total{component="ost",jobid="SLURM_JOB79",operation="write_bytes",target="es01a-OST0001"} 15
lustre_job_write_samples_total{component="ost",jobid="SLURM_JOB79:0:es18kxe-co-client",operation="write_bytes",target="es01a-OST0001"} 821
lustre_job_write_samples_total{component="ost",jobid="SLURM_JOB97",operation="write_bytes",target="es01a-OST0001"} 14
lustre_job_write_samples_total{component="ost",jobid="SLURM_JOB97:0:es18kxe-co-client",operation="write_bytes",target="es01a-OST0001"} 809
# HELP lustre_job_write_minimum_size_bytes The minimum write size in bytes.
# TYPE lustre_job_write_minimum_size_bytes gauge
lustre_job_write_minimum_size_bytes{component="ost",jobid="SLURM_JOB10",operation="write_bytes",target="es01a-OST0001"} 622592
lustre_job_write_minimum_size_bytes{component="ost",jobid="SLURM_JOB10:0:es18kxe-co-client",operation="write_bytes",target="es01a-OST0001"} 24576
lustre_job_write_minimum_size_bytes{component="ost",jobid="SLURM_JOB20",operation="write_bytes",target="es01a-OST0001"} 360448
lustre_job_write_minimum_size_bytes{component="ost",jobid="SLURM_JOB20:0:es18kxe-co-client",operation="write_bytes",target="es01a-OST0001"} 4096
lustre_job_write_minimum_size_bytes{component="ost",jobid="SLURM_JOB29",operation="write_bytes",target="es01a-OST0001"} 1409024
lustre_job_write_minimum_size_bytes{component="ost",jobid="SLURM_JOB29:0:es18kxe-co-client",operation="write_bytes",target="es01a-OST0001"} 65536
lustre_job_write_minimum_size_bytes{component="ost",jobid="SLURM_JOB35",operation="write_bytes",target="es01a-OST0001"} 229376
lustre_job_write_minimum_size_bytes{component="ost",jobid="SLURM_JOB35:0:es18kxe-co-client",operation="write_bytes",target="es01a-OST0001"} 40960
lustre_job_write_minimum_size_bytes{component="ost",jobid="SLURM_JOB51",operation="write_bytes",target="es01a-OST0001"} 6553600
lustre_job_write_minimum_size_bytes{component="ost",jobid="SLURM_JOB51:0:es18kxe-co-client",operation="write_bytes",target="es01a-OST0001"} 131072
lustre_job_write_minimum_size_bytes{component="ost",jobid="SLURM_JOB59",operation="write_bytes",target="es01a-OST0001"} 1245184
lustre_job_write_minimum_size_bytes{component="ost",jobid="SLURM_JOB59:0:es18kxe-co-client",operation="write_bytes",target="es01a-OST0001"} 16384
lustre_job_write_minimum_size_bytes{component="ost",jobid="SLURM_JOB79",operation="write_bytes",target="es01a-OST0001"} 1572864
lustre_job_write_minimum_size_bytes{component="ost",jobid="SLURM_JOB79:0:es18kxe-co-client",operation="write_bytes",target="es01a-OST0001"} 32768
lustre_job_write_minimum_size_bytes{component="ost",jobid="SLURM_JOB97",operation="write_bytes",target="es01a-OST0001"} 9043968
lustre_job_write_minimum_size_bytes{component="ost",jobid="SLURM_JOB97:0:es18kxe-co-client",operation="write_bytes",target="es01a-OST0001"} 65536
# HELP lustre_job_write_maximum_size_bytes The maximum write size in bytes.
# TYPE lustre_job_write_maximum_size_bytes counter
lustre_job_write_maximum_size_bytes{component="ost",jobid="SLURM_JOB10",operation="write_bytes",target="es01a-OST0001"} 16777216
lustre_job_write_maximum_size_bytes{component="ost",jobid="SLURM_JOB10:0:es18kxe-co-client",operation="write_bytes",target="es01a-OST0001"} 16777216
lustre_job_write_maximum_size_bytes{component="ost",jobid="SLURM_JOB20",operation="write_bytes",target="es01a-OST0001"} 16777216
lustre_job_write_maximum_size_bytes{component="ost",jobid="SLURM_JOB20:0:es18kxe-co-client",operation="write_bytes",target="es01a-OST0001"} 16777216
lustre_job_write_maximum_size_bytes{component="ost",jobid="SLURM_JOB29",operation="write_bytes",target="es01a-OST0001"} 16777216
lustre_job_write_maximum_size_bytes{component="ost",jobid="SLURM_JOB29:0:es18kxe-co-client",operation="write_bytes",target="es01a-OST0001"} 16777216
lustre_job_write_maximum_size_bytes{component="ost",jobid="SLURM_JOB35",operation="write_bytes",target="es01a-OST0001"} 16777216
lustre_job_write_maximum_size_bytes{component="ost",jobid="SLURM_JOB35:0:es18kxe-co-client",operation="write_bytes",target="es01a-OST0001"} 16777216
lustre_job_write_maximum_size_bytes{component="ost",jobid="SLURM_JOB51",operation="write_bytes",target="es01a-OST0001"} 16777216
lustre_job_write_maximum_size_bytes{component="ost",jobid="SLURM_JOB51:0:es18kxe-co-client",operation="write_bytes",target="es01a-OST0001"} 16777216
lustre_job_write_maximum_size_bytes{component="ost",jobid="SLURM_JOB59",operation="write_bytes",target="es01a-OST0001"} 16777216
lustre_job_write_maximum_size_bytes{component="ost",jobid="SLURM_JOB59:0:es18kxe-co-client",operation="write_bytes",target="es01a-OST0001"} 16777216
lustre_job_write_maximum_size_bytes{component="ost",jobid="SLURM_JOB79",operation="write_bytes",target="es01a-OST0001"} 16777216
lustre_job_write_maximum_size_bytes{component="ost",jobid="SLURM_JOB79:0:es18kxe-co-client",operation="write_bytes",target="es01a-OST0001"} 16777216
lustre_job_write_maximum_size_bytes{component="ost",jobid="SLURM_JOB97",operation="write_bytes",target="es01a-OST0001"} 16777216
lustre_job_write_maximum_size_bytes{component="ost",jobid="SLURM_JOB97:0:es18kxe-co-client",operation="write_bytes",target="es01a-OST0001"} 16777216
# HELP lustre_job_write_bytes_total The total number of bytes that have been written.
# TYPE lustre_job_write_bytes_total counter
lustre_job_write_bytes_total{component="ost",jobid="SLURM_JOB10",operation="write_bytes",target="es01a-OST0001"} 204800000
lustre_job_write_bytes_total{component="ost",jobid="SLURM_JOB10:0:es18kxe-co-client",operation="write_bytes",target="es01a-OST0001"} 11025514496
lustre_job_write_bytes_total{component="ost",jobid="SLURM_JOB20",operation="write_bytes",target="es01a-OST0001"} 203063296
lustre_job_write_bytes_total{component="ost",jobid="SLURM_JOB20:0:es18kxe-co-client",operation="write_bytes",target="es01a-OST0001"} 11027513344
lustre_job_write_bytes_total{component="ost",jobid="SLURM_JOB29",operation="write_bytes",target="es01a-OST0001"} 204177408
lustre_job_write_bytes_total{component="ost",jobid="SLURM_JOB29:0:es18kxe-co-client",operation="write_bytes",target="es01a-OST0001"} 11014340608
lustre_job_write_bytes_total{component="ost",jobid="SLURM_JOB35",operation="write_bytes",target="es01a-OST0001"} 203620352
lustre_job_write_bytes_total{component="ost",jobid="SLURM_JOB35:0:es18kxe-co-client",operation="write_bytes",target="es01a-OST0001"} 11016437760
lustre_job_write_bytes_total{component="ost",jobid="SLURM_JOB51",operation="write_bytes",target="es01a-OST0001"} 202342400
lustre_job_write_bytes_total{component="ost",jobid="SLURM_JOB51:0:es18kxe-co-client",operation="write_bytes",target="es01a-OST0001"} 11017355264
lustre_job_write_bytes_total{component="ost",jobid="SLURM_JOB59",operation="write_bytes",target="es01a-OST0001"} 201883648
lustre_job_write_bytes_total{component="ost",jobid="SLURM_JOB59:0:es18kxe-co-client",operation="write_bytes",target="es01a-OST0001"} 11015880704
lustre_job_write_bytes_total{component="ost",jobid="SLURM_JOB79",operation="write_bytes",target="es01a-OST0001"} 201392128
lustre_job_write_bytes_total{component="ost",jobid="SLURM_JOB79:0:es18kxe-co-client",operation="write_bytes",target="es01a-OST0001"} 11022073856
lustre_job_write_bytes_total{component="ost",jobid="SLURM_JOB97",operation="write_bytes",target="es01a-OST0001"} 201359360
lustre_job_write_bytes_total{component="ost",jobid="SLURM_JOB97:0:es18kxe-co-client",operation="write_bytes",target="es01a-OST0001"} 11024826368
# HELP lustre_job_stats_total Number of operations the filesystem has performed, recorded by jobstats.
# TYPE lustre_job_stats_total counter
lustre_job_stats_total{component="ost",jobid="SLURM_JOB10",operation="create",target="es01a-OST0001"} 0
lustre_job_stats_total{component="ost",jobid="SLURM_JOB10",operation="destroy",target="es01a-OST0001"} 0
lustre_job_stats_total{component="ost",jobid="SLURM_JOB10",operation="get_info",target="es01a-OST0001"} 0
lustre_job_stats_total{component="ost",jobid="SLURM_JOB10",operation="getattr",target="es01a-OST0001"} 0
lustre_job_stats_total{component="ost",jobid="SLURM_JOB10",operation="punch",target="es01a-OST0001"} 2
lustre_job_stats_total{component="ost",jobid="SLURM_JOB10",operation="quotactl",target="es01a-OST0001"} 0
lustre_job_stats_total{component="ost",jobid="SLURM_JOB10",operation="set_info",target="es01a-OST0001"} 0
lustre_job_stats_total{component="ost",jobid="SLURM_JOB10",operation="setattr",target="es01a-OST0001"} 0
lustre_job_stats_total{component="ost",jobid="SLURM_JOB10",operation="statfs",target="es01a-OST0001"} 0
lustre_job_stats_total{component="ost",jobid="SLURM_JOB10",operation="sync",target="es01a-OST0001"} 0
lustre_job_stats_total{component="ost",jobid="SLURM_JOB10:0:es18kxe-co-client",operation="create",target="es01a-OST0001"} 0
lustre_job_stats_total{component="ost",jobid="SLURM_JOB10:0:es18kxe-co-client",operation="destroy",target="es01a-OST0001"} 0
lustre_job_stats_total{component="ost",jobid="SLURM_JOB10:0:es18kxe-co-client",operation="get_info",target="es01a-OST0001"} 0
lustre_job_stats_total{component="ost",jobid="SLURM_JOB10:0:es18kxe-co-client",operation="getattr",target="es01a-OST0001"} 0
lustre_job_stats_total{component="ost",jobid="SLURM_JOB10:0:es18kxe-co-client",operation="punch",target="es01a-OST0001"} 85
lustre_job_stats_total{component="ost",jobid="SLURM_JOB10:0:es18kxe-co-client",operation="quotactl",target="es01a-OST0001"} 0
lustre_job_stats_total{component="ost",jobid="SLURM_JOB10:0:es18kxe-co-client",operation="set_info",target="es01a-OST0001"} 0
lustre_job_stats_total{component="ost",jobid="SLURM_JOB10:0:es18kxe-co-client",operation="setattr",target="es01a-OST0001"} 0
lustre_job_stats_total{component="ost",jobid="SLURM_JOB10:0:es18kxe-co-client",operation="statfs",target="es01a-OST0001"} 0
lustre_job_stats_total{component="ost",jobid="SLURM_JOB10:0:es18kxe-co-client",operation="sync",target="es01a-OST0001"} 0
lustre_job_stats_total{component="ost",jobid="SLURM_JOB20",operation="create",target="es01a-OST0001"} 0
lustre_job_stats_total{component="ost",jobid="SLURM_JOB20",operation="destroy",target="es01a-OST0001"} 0
lustre_job_stats_total{component="ost",jobid="SLURM_JOB20",operation="get_info",target="es01a-OST0001"} 0
lustre_job_stats_total{component="ost",jobid="SLURM_JOB20",operation="getattr",target="es01a-OST0001"} 0
lustre_job_stats_total{component="ost",jobid="SLURM_JOB20",operation="punch",target="es01a-OST0001"} 2
lustre_job_stats_total{component="ost",jobid="SLURM_JOB20",operation="quotactl",target="es01a-OST0001"} 0
lustre_job_stats_total{component="ost",jobid="SLURM_JOB20",operation="set_info",target="es01a-OST0001"} 0
lustre_job_stats_total{component="ost",jobid="SLURM_JOB20",operation="setattr",target="es01a-OST0001"} 0
lustre_job_stats_total{component="ost",jobid="SLURM_JOB20",operation="statfs",target="es01a-OST0001"} 0
lustre_job_stats_total{component="ost",jobid="SLURM_JOB20",operation="sync",target="es01a-OST0001"} 0
lustre_job_stats_total{component="ost",jobid="SLURM_JOB20:0:es18kxe-co-client",operation="create",target="es01a-OST0001"} 0
lustre_job_stats_total{component="ost",jobid="SLURM_JOB20:0:es18kxe-co-client",operation="destroy",target="es01a-OST0001"} 0
lustre_job_stats_total{component="ost",jobid="SLURM_JOB20:0:es18kxe-co-client",operation="get_info",target="es01a-OST0001"} 0
lustre_job_stats_total{component="ost",jobid="SLURM_JOB20:0:es18kxe-co-client",operation="getattr",target="es01a-OST0001"} 0
lustre_job_stats_total{component="ost",jobid="SLURM_JOB20:0:es18kxe-co-client",operation="punch",target="es01a-OST0001"} 85
lustre_job_stats_total{component="ost",jobid="SLURM_JOB20:0:es18kxe-co-client",operation="quotactl",target="es01a-OST0001"} 0
lustre_job_stats_total{component="ost",jobid="SLURM_JOB20:0:es18kxe-co-client",operation="set_info",target="es01a-OST0001"} 0
lustre_job_stats_total{component="ost",jobid="SLURM_JOB20:0:es18kxe-co-client",operation="setattr",target="es01a-OST0001"} 0
lustre_job_stats_total{component="ost",jobid="SLURM_JOB20:0:es18kxe-co-client",operation="statfs",target="es01a-OST0001"} 0
lustre_job_stats_total{component="ost",jobid="SLURM_JOB20:0:es18kxe-co-client",operation="sync",target="es01a-OST0001"} 0
lustre_job_stats_total{component="ost",jobid="SLURM_JOB29",operation="create",target="es01a-OST0001"} 0
lustre_job_stats_total{component="ost",jobid="SLURM_JOB29",operation="destroy",target="es01a-OST0001"} 0
lustre_job_stats_total{component="ost",jobid="SLURM_JOB29",operation="get_info",target="es01a-OST0001"} 0
lustre_job_stats_total{component="ost",jobid="SLURM_JOB29",operation="getattr",target="es01a-OST0001"} 0
lustre_job_stats_total{component="ost",jobid="SLURM_JOB29",operation="punch",target="es01a-OST0001"} 2
lustre_job_stats_total{component="ost",jobid="SLURM_JOB29",operation="quotactl",target="es01a-OST0001"} 0
lustre_job_stats_total{component="ost",jobid="SLURM_JOB29",operation="set_info",target="es01a-OST0001"} 0
lustre_job_stats_total{component="ost",jobid="SLURM_JOB29",operation="setattr",target="es01a-OST0001"} 0
lustre_job_stats_total{component="ost",jobid="SLURM_JOB29",operation="statfs",target="es01a-OST0001"} 0
lustre_job_stats_total{component="ost",jobid="SLURM_JOB29",operation="sync",target="es01a-OST0001"} 0
lustre_job_stats_total{component="ost",jobid="SLURM_JOB29:0:es18kxe-co-client",operation="create",target="es01a-OST0001"} 0
lustre_job_stats_total{component="ost",jobid="SLURM_JOB29:0:es18kxe-co-client",operation="destroy",target="es01a-OST0001"} 0
lustre_job_stats_total{component="ost",jobid="SLURM_JOB29:0:es18kxe-co-client",operation="get_info",target="es01a-OST0001"} 0
lustre_job_stats_total{component="ost",jobid="SLURM_JOB29:0:es18kxe-co-client",operation="getattr",target="es01a-OST0001"} 0
lustre_job_stats_total{component="ost",jobid="SLURM_JOB29:0:es18kxe-co-client",operation="punch",target="es01a-OST0001"} 85
lustre_job_stats_total{component="ost",jobid="SLURM_JOB29:0:es18kxe-co-client",operation="quotactl",target="es01a-OST0001"} 0
lustre_job_stats_total{component="ost",jobid="SLURM_JOB29:0:es18kxe-co-client",operation="set_info",target="es01a-OST0001"} 0
lustre_job_stats_total{component="ost",jobid="SLURM_JOB29:0:es18kxe-co-client",operation="setattr",target="es01a-OST0001"} 0
lustre_job_stats_total{component="ost",jobid="SLURM_JOB29:0:es18kxe-co-client",operation="statfs",target="es01a-OST0001"} 0
lustre_job_stats_total{component="ost",jobid="SLURM_JOB29:0:es18kxe-co-client",operation="sync",target="es01a-OST0001"} 0
lustre_job_stats_total{component="ost",jobid="SLURM_JOB35",operation="create",target="es01a-OST0001"} 0
lustre_job_stats_total{component="ost",jobid="SLURM_JOB35",operation="destroy",target="es01a-OST0001"} 0
lustre_job_stats_total{component="ost",jobid="SLURM_JOB35",operation="get_info",target="es01a-OST0001"} 0
lustre_job_stats_total{component="ost",jobid="SLURM_JOB35",operation="getattr",target="es01a-OST0001"} 0
lustre_job_stats_total{component="ost",jobid="SLURM_JOB35",operation="punch",target="es01a-OST0001"} 2
lustre_job_stats_total{component="ost",jobid="SLURM_JOB35",operation="quotactl",target="es01a-OST0001"} 0
lustre_job_stats_total{component="ost",jobid="SLURM_JOB35",operation="set_info",target="es01a-OST0001"} 0
lustre_job_stats_total{component="ost",jobid="SLURM_JOB35",operation="setattr",target="es01a-OST0001"} 0
lustre_job_stats_total{component="ost",jobid="SLURM_JOB35",operation="statfs",target="es01a-OST0001"} 0
lustre_job_stats_total{component="ost",jobid="SLURM_JOB35",operation="sync",target="es01a-OST0001"} 0
lustre_job_stats_total{component="ost",jobid="SLURM_JOB35:0:es18kxe-co-client",operation="create",target="es01a-OST0001"} 0
lustre_job_stats_total{component="ost",jobid="SLURM_JOB35:0:es18kxe-co-client",operation="destroy",target="es01a-OST0001"} 0
lustre_job_stats_total{component="ost",jobid="SLURM_JOB35:0:es18kxe-co-client",operation="get_info",target="es01a-OST0001"} 0
lustre_job_stats_total{component="ost",jobid="SLURM_JOB35:0:es18kxe-co-client",operation="getattr",target="es01a-OST0001"} 0
lustre_job_stats_total{component="ost",jobid="SLURM_JOB35:0:es18kxe-co-client",operation="punch",target="es01a-OST0001"} 85
lustre_job_stats_total{component="ost",jobid="SLURM_JOB35:0:es18kxe-co-client",operation="quotactl",target="es01a-OST0001"} 0
lustre_job_stats_total{component="ost",jobid="SLURM_JOB35:0:es18kxe-co-client",operation="set_info",target="es01a-OST0001"} 0
lustre_job_stats_total{component="ost",jobid="SLURM_JOB35:0:es18kxe-co-client",operation="setattr",target="es01a-OST0001"} 0
lustre_job_stats_total{component="ost",jobid="SLURM_JOB35:0:es18kxe-co-client",operation="statfs",target="es01a-OST0001"} 0
lustre_job_stats_total{component="ost",jobid="SLURM_JOB35:0:es18kxe-co-client",operation="sync",target="es01a-OST0001"} 0
lustre_job_stats_total{component="ost",jobid="SLURM_JOB51",operation="create",target="es01a-OST0001"} 0
lustre_job_stats_total{component="ost",jobid="SLURM_JOB51",operation="destroy",target="es01a-OST0001"} 0
lustre_job_stats_total{component="ost",jobid="SLURM_JOB51",operation="get_info",target="es01a-OST0001"} 0
lustre_job_stats_total{component="ost",jobid="SLURM_JOB51",operation="getattr",target="es01a-OST0001"} 0
lustre_job_stats_total{component="ost",jobid="SLURM_JOB51",operation="punch",target="es01a-OST0001"} 2
lustre_job_stats_total{component="ost",jobid="SLURM_JOB51",operation="quotactl",target="es01a-OST0001"} 0
lustre_job_stats_total{component="ost",jobid="SLURM_JOB51",operation="set_info",target="es01a-OST0001"} 0
lustre_job_stats_total{component="ost",jobid="SLURM_JOB51",operation="setattr",target="es01a-OST0001"} 0
lustre_job_stats_total{component="ost",jobid="SLURM_JOB51",operation="statfs",target="es01a-OST0001"} 0
lustre_job_stats_total{component="ost",jobid="SLURM_JOB51",operation="sync",target="es01a-OST0001"} 0
lustre_job_stats_total{component="ost",jobid="SLURM_JOB51:0:es18kxe-co-client",operation="create",target="es01a-OST0001"} 0
lustre_job_stats_total{component="ost",jobid="SLURM_JOB51:0:es18kxe-co-client",operation="destroy",target="es01a-OST0001"} 0
lustre_job_stats_total{component="ost",jobid="SLURM_JOB51:0:es18kxe-co-client",operation="get_info",target="es01a-OST0001"} 0
lustre_job_stats_total{component="ost",jobid="SLURM_JOB51:0:es18kxe-co-client",operation="getattr",target="es01a-OST0001"} 0
lustre_job_stats_total{component="ost",jobid="SLURM_JOB51:0:es18kxe-co-client",operation="punch",target="es01a-OST0001"} 85
lustre_job_stats_total{component="ost",jobid="SLURM_JOB51:0:es18kxe-co-client",operation="quotactl",target="es01a-OST0001"} 0
lustre_job_stats_total{component="ost",jobid="SLURM_JOB51:0:es18kxe-co-client",operation="set_info",target="es01a-OST0001"} 0
lustre_job_stats_total{component="ost",jobid="SLURM_JOB51:0:es18kxe-co-client",operation="setattr",target="es01a-OST0001"} 0
lustre_job_stats_total{component="ost",jobid="SLURM_JOB51:0:es18kxe-co-client",operation="statfs",target="es01a-OST0001"} 0
lustre_job_stats_total{component="ost",jobid="SLURM_JOB51:0:es18kxe-co-client",operation="sync",target="es01a-OST0001"} 0
lustre_job_stats_total{component="ost",jobid="SLURM_JOB59",operation="create",target="es01a-OST0001"} 0
lustre_job_stats_total{component="ost",jobid="SLURM_JOB59",operation="destroy",target="es01a-OST0001"} 0
lustre_job_stats_total{component="ost",jobid="SLURM_JOB59",operation="get_info",target="es01a-OST0001"} 0
lustre_job_stats_total{component="ost",jobid="SLURM_JOB59",operation="getattr",target="es01a-OST0001"} 0
lustre_job_stats_total{component="ost",jobid="SLURM_JOB59",operation="punch",target="es01a-OST0001"} 2
lustre_job_stats_total{component="ost",jobid="SLURM_JOB59",operation="quotactl",target="es01a-OST0001"} 0
lustre_job_stats_total{component="ost",jobid="SLURM_JOB59",operation="set_info",target="es01a-OST0001"} 0
lustre_job_stats_total{component="ost",jobid="SLURM_JOB59",operation="setattr",target="es01a-OST0001"} 0
lustre_job_stats_total{component="ost",jobid="SLURM_JOB59",operation="statfs",target="es01a-OST0001"} 0
lustre_job_stats_total{component="ost",jobid="SLURM_JOB59",operation="sync",target="es01a-OST0001"} 0
lustre_job_stats_total{component="ost",jobid="SLURM_JOB59:0:es18kxe-co-client",operation="create",target="es01a-OST0001"} 0
lustre_job_stats_total{component="ost",jobid="SLURM_JOB59:0:es18kxe-co-client",operation="destroy",target="es01a-OST0001"} 0
lustre_job_stats_total{component="ost",jobid="SLURM_JOB59:0:es18kxe-co-client",operation="get_info",target="es01a-OST0001"} 0
lustre_job_stats_total{component="ost",jobid="SLURM_JOB59:0:es18kxe-co-client",operation="getattr",target="es01a-OST0001"} 0
lustre_job_stats_total{component="ost",jobid="SLURM_JOB59:0:es18kxe-co-client",operation="punch",target="es01a-OST0001"} 85
lustre_job_stats_total{component="ost",jobid="SLURM_JOB59:0:es18kxe-co-client",operation="quotactl",target="es01a-OST0001"} 0
lustre_job_stats_total{component="ost",jobid="SLURM_JOB59:0:es18kxe-co-client",operation="set_info",target="es01a-OST0001"} 0
lustre_job_stats_total{component="ost",jobid="SLURM_JOB59:0:es18kxe-co-client",operation="setattr",target="es01a-OST0001"} 0
lustre_job_stats_total{component="ost",jobid="SLURM_JOB59:0:es18kxe-co-client",operation="statfs",target="es01a-OST0001"} 0
lustre_job_stats_total{component="ost",jobid="SLURM_JOB59:0:es18kxe-co-client",operation="sync",target="es01a-OST0001"} 0
lustre_job_stats_total{component="ost",jobid="SLURM_JOB79",operation="create",target="es01a-OST0001"} 0
lustre_job_stats_total{component="ost",jobid="SLURM_JOB79",operation="destroy",target="es01a-OST0001"} 0
lustre_job_stats_total{component="ost",jobid="SLURM_JOB79",operation="get_info",target="es01a-OST0001"} 0
lustre_job_stats_total{component="ost",jobid="SLURM_JOB79",operation="getattr",target="es01a-OST0001"} 0
lustre_job_stats_total{component="ost",jobid="SLURM_JOB79",operation="punch",target="es01a-OST0001"} 2
lustre_job_stats_total{component="ost",jobid="SLURM_JOB79",operation="quotactl",target="es01a-OST0001"} 0
lustre_job_stats_total{component="ost",jobid="SLURM_JOB79",operation="set_info",target="es01a-OST0001"} 0
lustre_job_stats_total{component="ost",jobid="SLURM_JOB79",operation="setattr",target="es01a-OST0001"} 0
lustre_job_stats_total{component="ost",jobid="SLURM_JOB79",operation="statfs",target="es01a-OST0001"} 0
lustre_job_stats_total{component="ost",jobid="SLURM_JOB79",operation="sync",target="es01a-OST0001"} 0
lustre_job_stats_total{component="ost",jobid="SLURM_JOB79:0:es18kxe-co-client",operation="create",target="es01a-OST0001"} 0
lustre_job_stats_total{component="ost",jobid="SLURM_JOB79:0:es18kxe-co-client",operation="destroy",target="es01a-OST0001"} 0
lustre_job_stats_total{component="ost",jobid="SLURM_JOB79:0:es18kxe-co-client",operation="get_info",target="es01a-OST0001"} 0
lustre_job_stats_total{component="ost",jobid="SLURM_JOB79:0:es18kxe-co-client",operation="getattr",target="es01a-OST0001"} 0
lustre_job_stats_total{component="ost",jobid="SLURM_JOB79:0:es18kxe-co-client",operation="punch",target="es01a-OST0001"} 85
lustre_job_stats_total{component="ost",jobid="SLURM_JOB79:0:es18kxe-co-client",operation="quotactl",target="es01a-OST0001"} 0
lustre_job_stats_total{component="ost",jobid="SLURM_JOB79:0:es18kxe-co-client",operation="set_info",target="es01a-OST0001"} 0
lustre_job_stats_total{component="ost",jobid="SLURM_JOB79:0:es18kxe-co-client",operation="setattr",target="es01a-OST0001"} 0
lustre_job_stats_total{component="ost",jobid="SLURM_JOB79:0:es18kxe-co-client",operation="statfs",target="es01a-OST0001"} 0
lustre_job_stats_total{component="ost",jobid="SLURM_JOB79:0:es18kxe-co-client",operation="sync",target="es01a-OST0001"} 0
lustre_job_stats_total{component="ost",jobid="SLURM_JOB97",operation="create",target="es01a-OST0001"} 0
lustre_job_stats_total{component="ost",jobid="SLURM_JOB97",operation="destroy",target="es01a-OST0001"} 0
lustre_job_stats_total{component="ost",jobid="SLURM_JOB97",operation="get_info",target="es01a-OST0001"} 0
lustre_job_stats_total{component="ost",jobid="SLURM_JOB97",operation="getattr",target="es01a-OST0001"} 0
lustre_job_stats_total{component="ost",jobid="SLURM_JOB97",operation="punch",target="es01a-OST0001"} 2
lustre_job_stats_total{component="ost",jobid="SLURM_JOB97",operation="quotactl",target="es01a-OST0001"} 0
lustre_job_stats_total{component="ost",jobid="SLURM_JOB97",operation="set_info",target="es01a-OST0001"} 0
lustre_job_stats_total{component="ost",jobid="SLURM_JOB97",operation="setattr",target="es01a-OST0001"} 0
lustre_job_stats_total{component="ost",jobid="SLURM_JOB97",operation="statfs",target="es01a-OST0001"} 0
lustre_job_stats_total{component="ost",jobid="SLURM_JOB97",operation="sync",target="es01a-OST0001"} 0
lustre_job_stats_total{component="ost",jobid="SLURM_JOB97:0:es18kxe-co-client",operation="create",target="es01a-OST0001"} 0
lustre_job_stats_total{component="ost",jobid="SLURM_JOB97:0:es18kxe-co-client",operation="destroy",target="es01a-OST0001"} 0
lustre_job_stats_total{component="ost",jobid="SLURM_JOB97:0:es18kxe-co-client",operation="get_info",target="es01a-OST0001"} 0
lustre_job_stats_total{component="ost",jobid="SLURM_JOB97:0:es18kxe-co-client",operation="getattr",target="es01a-OST0001"} 0
lustre_job_stats_total{component="ost",jobid="SLURM_JOB97:0:es18kxe-co-client",operation="punch",target="es01a-OST0001"} 85
lustre_job_stats_total{component="ost",jobid="SLURM_JOB97:0:es18kxe-co-client",operation="quotactl",target="es01a-OST0001"} 0
lustre_job_stats_total{component="ost",jobid="SLURM_JOB97:0:es18kxe-co-client",operation="set_info",target="es01a-OST0001"} 0
lustre_job_stats_total{component="ost",jobid="SLURM_JOB97:0:es18kxe-co-client",operation="setattr",target="es01a-OST0001"} 0
lustre_job_stats_total{component="ost",jobid="SLURM_JOB97:0:es18kxe-co-client",operation="statfs",target="es01a-OST0001"} 0
lustre_job_stats_total{component="ost",jobid="SLURM_JOB97:0:es18kxe-co-client",operation="sync",target="es01a-OST0001"} 0
# EOF
