version https://git-lfs.github.com/spec/v1
oid sha256:080f85583318a8f3bc0dded58536eaccf81d465ac2dd25db016994a0f3fe86fd
size 333242973
