---
source: lustrefs-exporter/src/lib.rs
expression: stats
---
# HELP lustre_health_healthy Indicates whether the Lustre server is healthy or not. 1 is healthy, 0 is unhealthy.
# TYPE lustre_health_healthy gauge
lustre_health_healthy{} 1
# HELP lustre_lnet_mem_used Gives information about Lustre LNet memory usage.
# TYPE lustre_lnet_mem_used gauge
lustre_lnet_mem_used{} 73956309
# HELP lustre_mem_used Gives information about Lustre memory usage.
# TYPE lustre_mem_used gauge
lustre_mem_used{} 3642490860
# HELP lustre_mem_used_max Gives information about Lustre maximum memory usage.
# TYPE lustre_mem_used_max counter
lustre_mem_used_max{} 5683347385
# HELP lustre_disk_io_total Total number of operations the filesystem has performed for the given size. 'size' label represents 'Disk I/O size', the size of each I/O operation.
# TYPE lustre_disk_io_total counter
lustre_disk_io_total{component="ost",operation="read",size="1048576",target="ai400x2-OST0000"} 51611589
lustre_disk_io_total{component="ost",operation="read",size="1048576",target="ai400x2-OST0001"} 51626985
lustre_disk_io_total{component="ost",operation="read",size="131072",target="ai400x2-OST0000"} 0
lustre_disk_io_total{component="ost",operation="read",size="131072",target="ai400x2-OST0001"} 0
lustre_disk_io_total{component="ost",operation="read",size="16384",target="ai400x2-OST0001"} 0
lustre_disk_io_total{component="ost",operation="read",size="262144",target="ai400x2-OST0000"} 0
lustre_disk_io_total{component="ost",operation="read",size="262144",target="ai400x2-OST0001"} 0
lustre_disk_io_total{component="ost",operation="read",size="32768",target="ai400x2-OST0001"} 0
lustre_disk_io_total{component="ost",operation="read",size="4096",target="ai400x2-OST0001"} 0
lustre_disk_io_total{component="ost",operation="read",size="524288",target="ai400x2-OST0000"} 0
lustre_disk_io_total{component="ost",operation="read",size="524288",target="ai400x2-OST0001"} 0
lustre_disk_io_total{component="ost",operation="read",size="65536",target="ai400x2-OST0000"} 0
lustre_disk_io_total{component="ost",operation="read",size="65536",target="ai400x2-OST0001"} 0
lustre_disk_io_total{component="ost",operation="read",size="8192",target="ai400x2-OST0001"} 0
lustre_disk_io_total{component="ost",operation="write",size="1048576",target="ai400x2-OST0000"} 7603189
lustre_disk_io_total{component="ost",operation="write",size="1048576",target="ai400x2-OST0001"} 8646007
lustre_disk_io_total{component="ost",operation="write",size="131072",target="ai400x2-OST0000"} 0
lustre_disk_io_total{component="ost",operation="write",size="131072",target="ai400x2-OST0001"} 22
lustre_disk_io_total{component="ost",operation="write",size="16384",target="ai400x2-OST0001"} 4
lustre_disk_io_total{component="ost",operation="write",size="262144",target="ai400x2-OST0000"} 3
lustre_disk_io_total{component="ost",operation="write",size="262144",target="ai400x2-OST0001"} 52
lustre_disk_io_total{component="ost",operation="write",size="32768",target="ai400x2-OST0001"} 5
lustre_disk_io_total{component="ost",operation="write",size="4096",target="ai400x2-OST0001"} 5
lustre_disk_io_total{component="ost",operation="write",size="524288",target="ai400x2-OST0000"} 16
lustre_disk_io_total{component="ost",operation="write",size="524288",target="ai400x2-OST0001"} 104
lustre_disk_io_total{component="ost",operation="write",size="65536",target="ai400x2-OST0000"} 1
lustre_disk_io_total{component="ost",operation="write",size="65536",target="ai400x2-OST0001"} 11
lustre_disk_io_total{component="ost",operation="write",size="8192",target="ai400x2-OST0001"} 1
# HELP lustre_dio_frags Current disk IO fragmentation for the given size. 'size' label represents 'Disk fragmented I/Os', the number of I/Os that were not written entirely sequentially.
# TYPE lustre_dio_frags counter
lustre_dio_frags{component="ost",operation="read",size="1",target="ai400x2-OST0000"} 51611589
lustre_dio_frags{component="ost",operation="read",size="1",target="ai400x2-OST0001"} 51626985
lustre_dio_frags{component="ost",operation="read",size="2",target="ai400x2-OST0001"} 0
lustre_dio_frags{component="ost",operation="write",size="1",target="ai400x2-OST0000"} 7603209
lustre_dio_frags{component="ost",operation="write",size="1",target="ai400x2-OST0001"} 8646209
lustre_dio_frags{component="ost",operation="write",size="2",target="ai400x2-OST0001"} 1
# HELP lustre_disk_io Current number of I/O operations that are processing during the snapshot. 'size' label represents 'Disk I/Os in flight', the number of disk I/Os currently pending.
# TYPE lustre_disk_io counter
lustre_disk_io{component="ost",operation="read",size="1",target="ai400x2-OST0000"} 4492529
lustre_disk_io{component="ost",operation="read",size="1",target="ai400x2-OST0001"} 4476608
lustre_disk_io{component="ost",operation="read",size="10",target="ai400x2-OST0000"} 1484763
lustre_disk_io{component="ost",operation="read",size="10",target="ai400x2-OST0001"} 1498168
lustre_disk_io{component="ost",operation="read",size="11",target="ai400x2-OST0000"} 1118017
lustre_disk_io{component="ost",operation="read",size="11",target="ai400x2-OST0001"} 1125087
lustre_disk_io{component="ost",operation="read",size="12",target="ai400x2-OST0000"} 849330
lustre_disk_io{component="ost",operation="read",size="12",target="ai400x2-OST0001"} 853180
lustre_disk_io{component="ost",operation="read",size="13",target="ai400x2-OST0000"} 653531
lustre_disk_io{component="ost",operation="read",size="13",target="ai400x2-OST0001"} 653855
lustre_disk_io{component="ost",operation="read",size="14",target="ai400x2-OST0000"} 507883
lustre_disk_io{component="ost",operation="read",size="14",target="ai400x2-OST0001"} 505382
lustre_disk_io{component="ost",operation="read",size="15",target="ai400x2-OST0000"} 399199
lustre_disk_io{component="ost",operation="read",size="15",target="ai400x2-OST0001"} 395248
lustre_disk_io{component="ost",operation="read",size="16",target="ai400x2-OST0000"} 316747
lustre_disk_io{component="ost",operation="read",size="16",target="ai400x2-OST0001"} 311543
lustre_disk_io{component="ost",operation="read",size="17",target="ai400x2-OST0000"} 254196
lustre_disk_io{component="ost",operation="read",size="17",target="ai400x2-OST0001"} 247324
lustre_disk_io{component="ost",operation="read",size="18",target="ai400x2-OST0000"} 206067
lustre_disk_io{component="ost",operation="read",size="18",target="ai400x2-OST0001"} 198730
lustre_disk_io{component="ost",operation="read",size="19",target="ai400x2-OST0000"} 168448
lustre_disk_io{component="ost",operation="read",size="19",target="ai400x2-OST0001"} 161045
lustre_disk_io{component="ost",operation="read",size="2",target="ai400x2-OST0000"} 6799272
lustre_disk_io{component="ost",operation="read",size="2",target="ai400x2-OST0001"} 6791400
lustre_disk_io{component="ost",operation="read",size="20",target="ai400x2-OST0000"} 139592
lustre_disk_io{component="ost",operation="read",size="20",target="ai400x2-OST0001"} 130775
lustre_disk_io{component="ost",operation="read",size="21",target="ai400x2-OST0000"} 116570
lustre_disk_io{component="ost",operation="read",size="21",target="ai400x2-OST0001"} 107813
lustre_disk_io{component="ost",operation="read",size="22",target="ai400x2-OST0000"} 97623
lustre_disk_io{component="ost",operation="read",size="22",target="ai400x2-OST0001"} 89200
lustre_disk_io{component="ost",operation="read",size="23",target="ai400x2-OST0000"} 82223
lustre_disk_io{component="ost",operation="read",size="23",target="ai400x2-OST0001"} 74413
lustre_disk_io{component="ost",operation="read",size="24",target="ai400x2-OST0000"} 69763
lustre_disk_io{component="ost",operation="read",size="24",target="ai400x2-OST0001"} 62751
lustre_disk_io{component="ost",operation="read",size="25",target="ai400x2-OST0000"} 59751
lustre_disk_io{component="ost",operation="read",size="25",target="ai400x2-OST0001"} 52716
lustre_disk_io{component="ost",operation="read",size="26",target="ai400x2-OST0000"} 51833
lustre_disk_io{component="ost",operation="read",size="26",target="ai400x2-OST0001"} 44943
lustre_disk_io{component="ost",operation="read",size="27",target="ai400x2-OST0000"} 44996
lustre_disk_io{component="ost",operation="read",size="27",target="ai400x2-OST0001"} 38343
lustre_disk_io{component="ost",operation="read",size="28",target="ai400x2-OST0000"} 38990
lustre_disk_io{component="ost",operation="read",size="28",target="ai400x2-OST0001"} 33035
lustre_disk_io{component="ost",operation="read",size="29",target="ai400x2-OST0000"} 34401
lustre_disk_io{component="ost",operation="read",size="29",target="ai400x2-OST0001"} 28458
lustre_disk_io{component="ost",operation="read",size="3",target="ai400x2-OST0000"} 7465620
lustre_disk_io{component="ost",operation="read",size="3",target="ai400x2-OST0001"} 7478418
lustre_disk_io{component="ost",operation="read",size="30",target="ai400x2-OST0000"} 30195
lustre_disk_io{component="ost",operation="read",size="30",target="ai400x2-OST0001"} 24796
lustre_disk_io{component="ost",operation="read",size="31",target="ai400x2-OST0000"} 286660
lustre_disk_io{component="ost",operation="read",size="31",target="ai400x2-OST0001"} 237804
lustre_disk_io{component="ost",operation="read",size="4",target="ai400x2-OST0000"} 6993678
lustre_disk_io{component="ost",operation="read",size="4",target="ai400x2-OST0001"} 7021213
lustre_disk_io{component="ost",operation="read",size="5",target="ai400x2-OST0000"} 5917727
lustre_disk_io{component="ost",operation="read",size="5",target="ai400x2-OST0001"} 5950957
lustre_disk_io{component="ost",operation="read",size="6",target="ai400x2-OST0000"} 4689595
lustre_disk_io{component="ost",operation="read",size="6",target="ai400x2-OST0001"} 4722125
lustre_disk_io{component="ost",operation="read",size="7",target="ai400x2-OST0000"} 3576642
lustre_disk_io{component="ost",operation="read",size="7",target="ai400x2-OST0001"} 3605626
lustre_disk_io{component="ost",operation="read",size="8",target="ai400x2-OST0000"} 2674667
lustre_disk_io{component="ost",operation="read",size="8",target="ai400x2-OST0001"} 2697883
lustre_disk_io{component="ost",operation="read",size="9",target="ai400x2-OST0000"} 1991081
lustre_disk_io{component="ost",operation="read",size="9",target="ai400x2-OST0001"} 2008146
lustre_disk_io{component="ost",operation="write",size="1",target="ai400x2-OST0000"} 894259
lustre_disk_io{component="ost",operation="write",size="1",target="ai400x2-OST0001"} 815593
lustre_disk_io{component="ost",operation="write",size="10",target="ai400x2-OST0000"} 67161
lustre_disk_io{component="ost",operation="write",size="10",target="ai400x2-OST0001"} 72273
lustre_disk_io{component="ost",operation="write",size="11",target="ai400x2-OST0000"} 61625
lustre_disk_io{component="ost",operation="write",size="11",target="ai400x2-OST0001"} 66624
lustre_disk_io{component="ost",operation="write",size="12",target="ai400x2-OST0000"} 57544
lustre_disk_io{component="ost",operation="write",size="12",target="ai400x2-OST0001"} 65250
lustre_disk_io{component="ost",operation="write",size="13",target="ai400x2-OST0000"} 54693
lustre_disk_io{component="ost",operation="write",size="13",target="ai400x2-OST0001"} 65514
lustre_disk_io{component="ost",operation="write",size="14",target="ai400x2-OST0000"} 52871
lustre_disk_io{component="ost",operation="write",size="14",target="ai400x2-OST0001"} 66674
lustre_disk_io{component="ost",operation="write",size="15",target="ai400x2-OST0000"} 50963
lustre_disk_io{component="ost",operation="write",size="15",target="ai400x2-OST0001"} 68275
lustre_disk_io{component="ost",operation="write",size="16",target="ai400x2-OST0000"} 49484
lustre_disk_io{component="ost",operation="write",size="16",target="ai400x2-OST0001"} 69392
lustre_disk_io{component="ost",operation="write",size="17",target="ai400x2-OST0000"} 48189
lustre_disk_io{component="ost",operation="write",size="17",target="ai400x2-OST0001"} 69429
lustre_disk_io{component="ost",operation="write",size="18",target="ai400x2-OST0000"} 47520
lustre_disk_io{component="ost",operation="write",size="18",target="ai400x2-OST0001"} 69505
lustre_disk_io{component="ost",operation="write",size="19",target="ai400x2-OST0000"} 47118
lustre_disk_io{component="ost",operation="write",size="19",target="ai400x2-OST0001"} 69345
lustre_disk_io{component="ost",operation="write",size="2",target="ai400x2-OST0000"} 993140
lustre_disk_io{component="ost",operation="write",size="2",target="ai400x2-OST0001"} 853235
lustre_disk_io{component="ost",operation="write",size="20",target="ai400x2-OST0000"} 47338
lustre_disk_io{component="ost",operation="write",size="20",target="ai400x2-OST0001"} 68863
lustre_disk_io{component="ost",operation="write",size="21",target="ai400x2-OST0000"} 47765
lustre_disk_io{component="ost",operation="write",size="21",target="ai400x2-OST0001"} 68159
lustre_disk_io{component="ost",operation="write",size="22",target="ai400x2-OST0000"} 48445
lustre_disk_io{component="ost",operation="write",size="22",target="ai400x2-OST0001"} 67718
lustre_disk_io{component="ost",operation="write",size="23",target="ai400x2-OST0000"} 48671
lustre_disk_io{component="ost",operation="write",size="23",target="ai400x2-OST0001"} 67188
lustre_disk_io{component="ost",operation="write",size="24",target="ai400x2-OST0000"} 49193
lustre_disk_io{component="ost",operation="write",size="24",target="ai400x2-OST0001"} 67234
lustre_disk_io{component="ost",operation="write",size="25",target="ai400x2-OST0000"} 49538
lustre_disk_io{component="ost",operation="write",size="25",target="ai400x2-OST0001"} 67165
lustre_disk_io{component="ost",operation="write",size="26",target="ai400x2-OST0000"} 49544
lustre_disk_io{component="ost",operation="write",size="26",target="ai400x2-OST0001"} 67431
lustre_disk_io{component="ost",operation="write",size="27",target="ai400x2-OST0000"} 49587
lustre_disk_io{component="ost",operation="write",size="27",target="ai400x2-OST0001"} 67752
lustre_disk_io{component="ost",operation="write",size="28",target="ai400x2-OST0000"} 49794
lustre_disk_io{component="ost",operation="write",size="28",target="ai400x2-OST0001"} 68202
lustre_disk_io{component="ost",operation="write",size="29",target="ai400x2-OST0000"} 50122
lustre_disk_io{component="ost",operation="write",size="29",target="ai400x2-OST0001"} 68542
lustre_disk_io{component="ost",operation="write",size="3",target="ai400x2-OST0000"} 830673
lustre_disk_io{component="ost",operation="write",size="3",target="ai400x2-OST0001"} 773235
lustre_disk_io{component="ost",operation="write",size="30",target="ai400x2-OST0000"} 50427
lustre_disk_io{component="ost",operation="write",size="30",target="ai400x2-OST0001"} 68805
lustre_disk_io{component="ost",operation="write",size="31",target="ai400x2-OST0000"} 2358425
lustre_disk_io{component="ost",operation="write",size="31",target="ai400x2-OST0001"} 2973447
lustre_disk_io{component="ost",operation="write",size="4",target="ai400x2-OST0000"} 575849
lustre_disk_io{component="ost",operation="write",size="4",target="ai400x2-OST0001"} 643406
lustre_disk_io{component="ost",operation="write",size="5",target="ai400x2-OST0000"} 358188
lustre_disk_io{component="ost",operation="write",size="5",target="ai400x2-OST0001"} 470799
lustre_disk_io{component="ost",operation="write",size="6",target="ai400x2-OST0000"} 212394
lustre_disk_io{component="ost",operation="write",size="6",target="ai400x2-OST0001"} 302514
lustre_disk_io{component="ost",operation="write",size="7",target="ai400x2-OST0000"} 132071
lustre_disk_io{component="ost",operation="write",size="7",target="ai400x2-OST0001"} 182730
lustre_disk_io{component="ost",operation="write",size="8",target="ai400x2-OST0000"} 94110
lustre_disk_io{component="ost",operation="write",size="8",target="ai400x2-OST0001"} 116490
lustre_disk_io{component="ost",operation="write",size="9",target="ai400x2-OST0000"} 76508
lustre_disk_io{component="ost",operation="write",size="9",target="ai400x2-OST0001"} 85422
# HELP lustre_discontiguous_pages_total Total number of logical discontinuities per RPC. 'size' label represents 'Discontiguous pages', the number of discontinuities in the logical file offset of each page in a single RPC.
# TYPE lustre_discontiguous_pages_total counter
lustre_discontiguous_pages_total{component="ost",operation="read",size="0",target="ai400x2-OST0000"} 51611589
lustre_discontiguous_pages_total{component="ost",operation="read",size="0",target="ai400x2-OST0001"} 51626985
lustre_discontiguous_pages_total{component="ost",operation="read",size="1",target="ai400x2-OST0001"} 0
lustre_discontiguous_pages_total{component="ost",operation="write",size="0",target="ai400x2-OST0000"} 7603209
lustre_discontiguous_pages_total{component="ost",operation="write",size="0",target="ai400x2-OST0001"} 8646209
lustre_discontiguous_pages_total{component="ost",operation="write",size="1",target="ai400x2-OST0001"} 1
# HELP lustre_discontiguous_blocks_total 'size' label represents 'Discontiguous blocks', the number of discontinuities in the physical block allocation in the file system for a single RPC.
# TYPE lustre_discontiguous_blocks_total counter
lustre_discontiguous_blocks_total{component="ost",operation="read",size="0",target="ai400x2-OST0000"} 51611589
lustre_discontiguous_blocks_total{component="ost",operation="read",size="0",target="ai400x2-OST0001"} 51626985
lustre_discontiguous_blocks_total{component="ost",operation="read",size="1",target="ai400x2-OST0001"} 0
lustre_discontiguous_blocks_total{component="ost",operation="write",size="0",target="ai400x2-OST0000"} 7603209
lustre_discontiguous_blocks_total{component="ost",operation="write",size="0",target="ai400x2-OST0001"} 8646208
lustre_discontiguous_blocks_total{component="ost",operation="write",size="1",target="ai400x2-OST0001"} 2
# HELP lustre_io_time_milliseconds_total Total time in milliseconds the filesystem has spent processing various object sizes. 'size' label represents 'I/O time (1/1000s)', the amount of time for each I/O operation to complete.
# TYPE lustre_io_time_milliseconds_total counter
lustre_io_time_milliseconds_total{component="ost",operation="read",size="1",target="ai400x2-OST0000"} 50373687
lustre_io_time_milliseconds_total{component="ost",operation="read",size="1",target="ai400x2-OST0001"} 50547465
lustre_io_time_milliseconds_total{component="ost",operation="read",size="128",target="ai400x2-OST0000"} 897
lustre_io_time_milliseconds_total{component="ost",operation="read",size="128",target="ai400x2-OST0001"} 1391
lustre_io_time_milliseconds_total{component="ost",operation="read",size="16",target="ai400x2-OST0000"} 47197
lustre_io_time_milliseconds_total{component="ost",operation="read",size="16",target="ai400x2-OST0001"} 48972
lustre_io_time_milliseconds_total{component="ost",operation="read",size="2",target="ai400x2-OST0000"} 743242
lustre_io_time_milliseconds_total{component="ost",operation="read",size="2",target="ai400x2-OST0001"} 652348
lustre_io_time_milliseconds_total{component="ost",operation="read",size="256",target="ai400x2-OST0000"} 483
lustre_io_time_milliseconds_total{component="ost",operation="read",size="256",target="ai400x2-OST0001"} 435
lustre_io_time_milliseconds_total{component="ost",operation="read",size="32",target="ai400x2-OST0000"} 19272
lustre_io_time_milliseconds_total{component="ost",operation="read",size="32",target="ai400x2-OST0001"} 19180
lustre_io_time_milliseconds_total{component="ost",operation="read",size="4",target="ai400x2-OST0000"} 341963
lustre_io_time_milliseconds_total{component="ost",operation="read",size="4",target="ai400x2-OST0001"} 282920
lustre_io_time_milliseconds_total{component="ost",operation="read",size="512",target="ai400x2-OST0000"} 0
lustre_io_time_milliseconds_total{component="ost",operation="read",size="512",target="ai400x2-OST0001"} 0
lustre_io_time_milliseconds_total{component="ost",operation="read",size="64",target="ai400x2-OST0000"} 8003
lustre_io_time_milliseconds_total{component="ost",operation="read",size="64",target="ai400x2-OST0001"} 7925
lustre_io_time_milliseconds_total{component="ost",operation="read",size="8",target="ai400x2-OST0000"} 76845
lustre_io_time_milliseconds_total{component="ost",operation="read",size="8",target="ai400x2-OST0001"} 66349
lustre_io_time_milliseconds_total{component="ost",operation="write",size="1",target="ai400x2-OST0000"} 4280167
lustre_io_time_milliseconds_total{component="ost",operation="write",size="1",target="ai400x2-OST0001"} 4239888
lustre_io_time_milliseconds_total{component="ost",operation="write",size="128",target="ai400x2-OST0000"} 331943
lustre_io_time_milliseconds_total{component="ost",operation="write",size="128",target="ai400x2-OST0001"} 416479
lustre_io_time_milliseconds_total{component="ost",operation="write",size="16",target="ai400x2-OST0000"} 999520
lustre_io_time_milliseconds_total{component="ost",operation="write",size="16",target="ai400x2-OST0001"} 1224719
lustre_io_time_milliseconds_total{component="ost",operation="write",size="2",target="ai400x2-OST0000"} 205671
lustre_io_time_milliseconds_total{component="ost",operation="write",size="2",target="ai400x2-OST0001"} 237528
lustre_io_time_milliseconds_total{component="ost",operation="write",size="256",target="ai400x2-OST0000"} 19794
lustre_io_time_milliseconds_total{component="ost",operation="write",size="256",target="ai400x2-OST0001"} 32022
lustre_io_time_milliseconds_total{component="ost",operation="write",size="32",target="ai400x2-OST0000"} 813558
lustre_io_time_milliseconds_total{component="ost",operation="write",size="32",target="ai400x2-OST0001"} 1117327
lustre_io_time_milliseconds_total{component="ost",operation="write",size="4",target="ai400x2-OST0000"} 195378
lustre_io_time_milliseconds_total{component="ost",operation="write",size="4",target="ai400x2-OST0001"} 302063
lustre_io_time_milliseconds_total{component="ost",operation="write",size="512",target="ai400x2-OST0000"} 89
lustre_io_time_milliseconds_total{component="ost",operation="write",size="512",target="ai400x2-OST0001"} 73
lustre_io_time_milliseconds_total{component="ost",operation="write",size="64",target="ai400x2-OST0000"} 367069
lustre_io_time_milliseconds_total{component="ost",operation="write",size="64",target="ai400x2-OST0001"} 463838
lustre_io_time_milliseconds_total{component="ost",operation="write",size="8",target="ai400x2-OST0000"} 390020
lustre_io_time_milliseconds_total{component="ost",operation="write",size="8",target="ai400x2-OST0001"} 612273
# HELP lustre_pages_per_bulk_rw_total Total number of pages per block RPC. 'size' label represents 'Pages per bulk r/w', the number of pages per RPC request.
# TYPE lustre_pages_per_bulk_rw_total counter
lustre_pages_per_bulk_rw_total{component="ost",operation="read",size="1",target="ai400x2-OST0001"} 0
lustre_pages_per_bulk_rw_total{component="ost",operation="read",size="128",target="ai400x2-OST0000"} 0
lustre_pages_per_bulk_rw_total{component="ost",operation="read",size="128",target="ai400x2-OST0001"} 0
lustre_pages_per_bulk_rw_total{component="ost",operation="read",size="16",target="ai400x2-OST0000"} 0
lustre_pages_per_bulk_rw_total{component="ost",operation="read",size="16",target="ai400x2-OST0001"} 0
lustre_pages_per_bulk_rw_total{component="ost",operation="read",size="2",target="ai400x2-OST0001"} 0
lustre_pages_per_bulk_rw_total{component="ost",operation="read",size="256",target="ai400x2-OST0000"} 51611589
lustre_pages_per_bulk_rw_total{component="ost",operation="read",size="256",target="ai400x2-OST0001"} 51626985
lustre_pages_per_bulk_rw_total{component="ost",operation="read",size="32",target="ai400x2-OST0000"} 0
lustre_pages_per_bulk_rw_total{component="ost",operation="read",size="32",target="ai400x2-OST0001"} 0
lustre_pages_per_bulk_rw_total{component="ost",operation="read",size="4",target="ai400x2-OST0001"} 0
lustre_pages_per_bulk_rw_total{component="ost",operation="read",size="64",target="ai400x2-OST0000"} 0
lustre_pages_per_bulk_rw_total{component="ost",operation="read",size="64",target="ai400x2-OST0001"} 0
lustre_pages_per_bulk_rw_total{component="ost",operation="read",size="8",target="ai400x2-OST0001"} 0
lustre_pages_per_bulk_rw_total{component="ost",operation="write",size="1",target="ai400x2-OST0001"} 5
lustre_pages_per_bulk_rw_total{component="ost",operation="write",size="128",target="ai400x2-OST0000"} 16
lustre_pages_per_bulk_rw_total{component="ost",operation="write",size="128",target="ai400x2-OST0001"} 104
lustre_pages_per_bulk_rw_total{component="ost",operation="write",size="16",target="ai400x2-OST0000"} 1
lustre_pages_per_bulk_rw_total{component="ost",operation="write",size="16",target="ai400x2-OST0001"} 11
lustre_pages_per_bulk_rw_total{component="ost",operation="write",size="2",target="ai400x2-OST0001"} 1
lustre_pages_per_bulk_rw_total{component="ost",operation="write",size="256",target="ai400x2-OST0000"} 7603189
lustre_pages_per_bulk_rw_total{component="ost",operation="write",size="256",target="ai400x2-OST0001"} 8646007
lustre_pages_per_bulk_rw_total{component="ost",operation="write",size="32",target="ai400x2-OST0000"} 0
lustre_pages_per_bulk_rw_total{component="ost",operation="write",size="32",target="ai400x2-OST0001"} 20
lustre_pages_per_bulk_rw_total{component="ost",operation="write",size="4",target="ai400x2-OST0001"} 4
lustre_pages_per_bulk_rw_total{component="ost",operation="write",size="64",target="ai400x2-OST0000"} 3
lustre_pages_per_bulk_rw_total{component="ost",operation="write",size="64",target="ai400x2-OST0001"} 53
lustre_pages_per_bulk_rw_total{component="ost",operation="write",size="8",target="ai400x2-OST0001"} 5
# HELP lustre_inodes_free The number of inodes (objects) available.
# TYPE lustre_inodes_free gauge
lustre_inodes_free{component="mdt",target="ai400x2-MDT0000"} 289511640
lustre_inodes_free{component="mgt",target="MGS"} 130871
lustre_inodes_free{component="ost",target="ai400x2-OST0000"} 274559286
lustre_inodes_free{component="ost",target="ai400x2-OST0001"} 274559285
# HELP lustre_inodes_maximum The maximum number of inodes (objects) the filesystem can hold.
# TYPE lustre_inodes_maximum gauge
lustre_inodes_maximum{component="mdt",target="ai400x2-MDT0000"} 289887952
lustre_inodes_maximum{component="mgt",target="MGS"} 131072
lustre_inodes_maximum{component="ost",target="ai400x2-OST0000"} 274726912
lustre_inodes_maximum{component="ost",target="ai400x2-OST0001"} 274726912
# HELP lustre_available_kilobytes Number of kilobytes readily available in the pool.
# TYPE lustre_available_kilobytes gauge
lustre_available_kilobytes{component="mdt",target="ai400x2-MDT0000"} 429908463616
lustre_available_kilobytes{component="mgt",target="MGS"} 1918787584
lustre_available_kilobytes{component="ost",target="ai400x2-OST0000"} 2035205947392
lustre_available_kilobytes{component="ost",target="ai400x2-OST0001"} 935672266752
# HELP lustre_free_kilobytes Number of kilobytes allocated to the pool.
# TYPE lustre_free_kilobytes gauge
lustre_free_kilobytes{component="mdt",target="ai400x2-MDT0000"} 437329862656
lustre_free_kilobytes{component="mgt",target="MGS"} 2026160128
lustre_free_kilobytes{component="ost",target="ai400x2-OST0000"} 2395312779264
lustre_free_kilobytes{component="ost",target="ai400x2-OST0001"} 1295779098624
# HELP lustre_capacity_kilobytes Capacity of the pool in kilobytes.
# TYPE lustre_capacity_kilobytes gauge
lustre_capacity_kilobytes{component="mdt",target="ai400x2-MDT0000"} 437423087616
lustre_capacity_kilobytes{component="mgt",target="MGS"} 2027556864
lustre_capacity_kilobytes{component="ost",target="ai400x2-OST0000"} 35584435134464
lustre_capacity_kilobytes{component="ost",target="ai400x2-OST0001"} 35584435134464
# HELP lustre_exports_total Total number of times the pool has been exported.
# TYPE lustre_exports_total gauge
lustre_exports_total{component="mdt",target="ai400x2-MDT0000"} 32
lustre_exports_total{component="mgt",target="MGS"} 20
lustre_exports_total{component="ost",target="ai400x2-OST0000"} 4
lustre_exports_total{component="ost",target="ai400x2-OST0001"} 4
# HELP lustre_exports_dirty_total Total number of exports that have been marked dirty.
# TYPE lustre_exports_dirty_total gauge
lustre_exports_dirty_total{component="ost",target="ai400x2-OST0000"} 0
lustre_exports_dirty_total{component="ost",target="ai400x2-OST0001"} 0
# HELP lustre_exports_granted_total Total number of exports that have been marked granted.
# TYPE lustre_exports_granted_total gauge
lustre_exports_granted_total{component="ost",target="ai400x2-OST0000"} 161728
lustre_exports_granted_total{component="ost",target="ai400x2-OST0001"} 161728
# HELP lustre_exports_pending_total Total number of exports that have been marked pending.
# TYPE lustre_exports_pending_total gauge
lustre_exports_pending_total{component="ost",target="ai400x2-OST0000"} 0
lustre_exports_pending_total{component="ost",target="ai400x2-OST0001"} 0
# HELP lustre_lock_contended_total Number of contended locks.
# TYPE lustre_lock_contended_total gauge
lustre_lock_contended_total{component="mdt",target="ai400x2-MDT0000"} 32
lustre_lock_contended_total{component="ost",target="ai400x2-OST0000"} 32
lustre_lock_contended_total{component="ost",target="ai400x2-OST0001"} 32
# HELP lustre_lock_contention_seconds_total Time in seconds during which locks were contended.
# TYPE lustre_lock_contention_seconds_total gauge
lustre_lock_contention_seconds_total{component="mdt",target="ai400x2-MDT0000"} 2
lustre_lock_contention_seconds_total{component="ost",target="ai400x2-OST0000"} 2
lustre_lock_contention_seconds_total{component="ost",target="ai400x2-OST0001"} 2
# HELP lustre_connected_clients Number of connected clients.
# TYPE lustre_connected_clients gauge
lustre_connected_clients{component="mdt",target="ai400x2-MDT0000"} 17
# HELP lustre_lock_count_total Number of locks.
# TYPE lustre_lock_count_total gauge
lustre_lock_count_total{component="mdt",target="ai400x2-MDT0000"} 6
lustre_lock_count_total{component="ost",target="ai400x2-OST0000"} 0
lustre_lock_count_total{component="ost",target="ai400x2-OST0001"} 0
# HELP lustre_lock_timeout_total Number of lock timeouts.
# TYPE lustre_lock_timeout_total counter
lustre_lock_timeout_total{component="mdt",target="ai400x2-MDT0000"} 0
lustre_lock_timeout_total{component="ost",target="ai400x2-OST0000"} 0
lustre_lock_timeout_total{component="ost",target="ai400x2-OST0001"} 0
# HELP recovery_status Gives the recovery status off a target. 0=Complete 1=Inactive 2=Waiting 3=WaitingForClients 4=Recovering 5=Unknown.
# TYPE recovery_status gauge
recovery_status{kind="MDT",target="ai400x2-MDT0000"} 0
recovery_status{kind="OST",target="ai400x2-OST0000"} 0
recovery_status{kind="OST",target="ai400x2-OST0001"} 0
# HELP lustre_send_count_total Total number of messages that have been sent.
# TYPE lustre_send_count_total counter
lustre_send_count_total{nid="0@lo"} 3298881
lustre_send_count_total{nid="192.168.5.244@tcp"} 269295337
# HELP lustre_receive_count_total Total number of messages that have been received.
# TYPE lustre_receive_count_total counter
lustre_receive_count_total{nid="0@lo"} 3298867
lustre_receive_count_total{nid="192.168.5.244@tcp"} 269560217
# HELP lustre_drop_count_total Total number of messages that have been dropped.
# TYPE lustre_drop_count_total counter
lustre_drop_count_total{nid="0@lo"} 14
lustre_drop_count_total{nid="192.168.5.244@tcp"} 1171
# HELP lustre_send_bytes_total Total number of bytes that have been sent.
# TYPE lustre_send_bytes_total counter
lustre_send_bytes_total{} 109811678162896
# HELP lustre_receive_bytes_total Total number of bytes that have been received.
# TYPE lustre_receive_bytes_total counter
lustre_receive_bytes_total{} 17112204583664
# HELP lustre_drop_bytes_total Total number of bytes that have been dropped.
# TYPE lustre_drop_bytes_total counter
lustre_drop_bytes_total{} 568792
# HELP lustre_read_samples_total Total number of reads that have been recorded.
# TYPE lustre_read_samples_total counter
lustre_read_samples_total{component="ost",operation="read",target="ai400x2-OST0000"} 51611589
lustre_read_samples_total{component="ost",operation="read",target="ai400x2-OST0001"} 51626985
# HELP lustre_read_minimum_size_bytes The minimum read size in bytes.
# TYPE lustre_read_minimum_size_bytes gauge
lustre_read_minimum_size_bytes{component="ost",operation="read",target="ai400x2-OST0000"} 1048576
lustre_read_minimum_size_bytes{component="ost",operation="read",target="ai400x2-OST0001"} 1048576
# HELP lustre_read_maximum_size_bytes The maximum read size in bytes.
# TYPE lustre_read_maximum_size_bytes counter
lustre_read_maximum_size_bytes{component="ost",operation="read",target="ai400x2-OST0000"} 1048576
lustre_read_maximum_size_bytes{component="ost",operation="read",target="ai400x2-OST0001"} 1048576
# HELP lustre_read_bytes_total The total number of bytes that have been read.
# TYPE lustre_read_bytes_total counter
lustre_read_bytes_total{component="ost",operation="read",target="ai400x2-OST0000"} 54118673547264
lustre_read_bytes_total{component="ost",operation="read",target="ai400x2-OST0001"} 54134817423360
# HELP lustre_write_samples_total Total number of writes that have been recorded.
# TYPE lustre_write_samples_total counter
lustre_write_samples_total{component="ost",operation="write",target="ai400x2-OST0000"} 7603209
lustre_write_samples_total{component="ost",operation="write",target="ai400x2-OST0001"} 8646209
# HELP lustre_write_minimum_size_bytes The minimum write size in bytes.
# TYPE lustre_write_minimum_size_bytes gauge
lustre_write_minimum_size_bytes{component="ost",operation="write",target="ai400x2-OST0000"} 61440
lustre_write_minimum_size_bytes{component="ost",operation="write",target="ai400x2-OST0001"} 4096
# HELP lustre_write_maximum_size_bytes The maximum write size in bytes.
# TYPE lustre_write_maximum_size_bytes counter
lustre_write_maximum_size_bytes{component="ost",operation="write",target="ai400x2-OST0000"} 1048576
lustre_write_maximum_size_bytes{component="ost",operation="write",target="ai400x2-OST0001"} 1048576
# HELP lustre_write_bytes_total The total number of bytes that have been written.
# TYPE lustre_write_bytes_total counter
lustre_write_bytes_total{component="ost",operation="write",target="ai400x2-OST0000"} 7972519944192
lustre_write_bytes_total{component="ost",operation="write",target="ai400x2-OST0001"} 9065997639680
# HELP lustre_stats_total Number of operations the filesystem has performed.
# TYPE lustre_stats_total counter
lustre_stats_total{component="mdt",operation="close",target="ai400x2-MDT0000"} 4928393
lustre_stats_total{component="mdt",operation="crossdir_rename",target="ai400x2-MDT0000"} 16000
lustre_stats_total{component="mdt",operation="getattr",target="ai400x2-MDT0000"} 6805232
lustre_stats_total{component="mdt",operation="getxattr",target="ai400x2-MDT0000"} 256044
lustre_stats_total{component="mdt",operation="mkdir",target="ai400x2-MDT0000"} 1
lustre_stats_total{component="mdt",operation="mknod",target="ai400x2-MDT0000"} 32663
lustre_stats_total{component="mdt",operation="open",target="ai400x2-MDT0000"} 34027
lustre_stats_total{component="mdt",operation="rename",target="ai400x2-MDT0000"} 16000
lustre_stats_total{component="mdt",operation="rmdir",target="ai400x2-MDT0000"} 16
lustre_stats_total{component="mdt",operation="setattr",target="ai400x2-MDT0000"} 14202
lustre_stats_total{component="mdt",operation="statfs",target="ai400x2-MDT0000"} 235719
lustre_stats_total{component="mdt",operation="unlink",target="ai400x2-MDT0000"} 216662
# HELP lustre_stats_time_min Minimum time taken for an operation in microseconds.
# TYPE lustre_stats_time_min gauge
lustre_stats_time_min{component="mdt",operation="close",target="ai400x2-MDT0000"} 7
lustre_stats_time_min{component="mdt",operation="crossdir_rename",target="ai400x2-MDT0000"} 144
lustre_stats_time_min{component="mdt",operation="getattr",target="ai400x2-MDT0000"} 0
lustre_stats_time_min{component="mdt",operation="getxattr",target="ai400x2-MDT0000"} 5
lustre_stats_time_min{component="mdt",operation="mkdir",target="ai400x2-MDT0000"} 848
lustre_stats_time_min{component="mdt",operation="mknod",target="ai400x2-MDT0000"} 38
lustre_stats_time_min{component="mdt",operation="open",target="ai400x2-MDT0000"} 18
lustre_stats_time_min{component="mdt",operation="rename",target="ai400x2-MDT0000"} 144
lustre_stats_time_min{component="mdt",operation="rmdir",target="ai400x2-MDT0000"} 58
lustre_stats_time_min{component="mdt",operation="setattr",target="ai400x2-MDT0000"} 20
lustre_stats_time_min{component="mdt",operation="statfs",target="ai400x2-MDT0000"} 0
lustre_stats_time_min{component="mdt",operation="unlink",target="ai400x2-MDT0000"} 32
# HELP lustre_stats_time_max Maximum time taken for an operation in microseconds.
# TYPE lustre_stats_time_max gauge
lustre_stats_time_max{component="mdt",operation="close",target="ai400x2-MDT0000"} 85050
lustre_stats_time_max{component="mdt",operation="crossdir_rename",target="ai400x2-MDT0000"} 16741
lustre_stats_time_max{component="mdt",operation="getattr",target="ai400x2-MDT0000"} 3361
lustre_stats_time_max{component="mdt",operation="getxattr",target="ai400x2-MDT0000"} 176
lustre_stats_time_max{component="mdt",operation="mkdir",target="ai400x2-MDT0000"} 848
lustre_stats_time_max{component="mdt",operation="mknod",target="ai400x2-MDT0000"} 63252
lustre_stats_time_max{component="mdt",operation="open",target="ai400x2-MDT0000"} 63270
lustre_stats_time_max{component="mdt",operation="rename",target="ai400x2-MDT0000"} 16740
lustre_stats_time_max{component="mdt",operation="rmdir",target="ai400x2-MDT0000"} 25251
lustre_stats_time_max{component="mdt",operation="setattr",target="ai400x2-MDT0000"} 1563
lustre_stats_time_max{component="mdt",operation="statfs",target="ai400x2-MDT0000"} 158
lustre_stats_time_max{component="mdt",operation="unlink",target="ai400x2-MDT0000"} 83006
# HELP lustre_stats_time_total Total time taken for an operation in microseconds.
# TYPE lustre_stats_time_total gauge
lustre_stats_time_total{component="mdt",operation="close",target="ai400x2-MDT0000"} 179755139
lustre_stats_time_total{component="mdt",operation="crossdir_rename",target="ai400x2-MDT0000"} 3652442
lustre_stats_time_total{component="mdt",operation="getattr",target="ai400x2-MDT0000"} 25441051
lustre_stats_time_total{component="mdt",operation="getxattr",target="ai400x2-MDT0000"} 2332202
lustre_stats_time_total{component="mdt",operation="mkdir",target="ai400x2-MDT0000"} 848
lustre_stats_time_total{component="mdt",operation="mknod",target="ai400x2-MDT0000"} 5520096
lustre_stats_time_total{component="mdt",operation="open",target="ai400x2-MDT0000"} 5930326
lustre_stats_time_total{component="mdt",operation="rename",target="ai400x2-MDT0000"} 3648898
lustre_stats_time_total{component="mdt",operation="rmdir",target="ai400x2-MDT0000"} 28892
lustre_stats_time_total{component="mdt",operation="setattr",target="ai400x2-MDT0000"} 475244
lustre_stats_time_total{component="mdt",operation="statfs",target="ai400x2-MDT0000"} 1402624
lustre_stats_time_total{component="mdt",operation="unlink",target="ai400x2-MDT0000"} 13930526
# EOF
