---
source: lustrefs-exporter/src/routes.rs
expression: "String::from_utf8(output.stdout).unwrap()"
---

