---
source: lustrefs-exporter/src/jobstats.rs
expression: stats
---
# HELP lustre_job_stats_total Number of operations the filesystem has performed, recorded by jobstats.
# TYPE lustre_job_stats_total counter
lustre_job_stats_total{component="mdt",jobid="bash:0:es-2-virt3-cosp",operation="close",target="es01a-MDT0000"} 0
lustre_job_stats_total{component="mdt",jobid="bash:0:es-2-virt3-cosp",operation="close",target="es02a-MDT0000"} 0
lustre_job_stats_total{component="mdt",jobid="bash:0:es-2-virt3-cosp",operation="crossdir_rename",target="es01a-MDT0000"} 0
lustre_job_stats_total{component="mdt",jobid="bash:0:es-2-virt3-cosp",operation="crossdir_rename",target="es02a-MDT0000"} 0
lustre_job_stats_total{component="mdt",jobid="bash:0:es-2-virt3-cosp",operation="getattr",target="es01a-MDT0000"} 1
lustre_job_stats_total{component="mdt",jobid="bash:0:es-2-virt3-cosp",operation="getattr",target="es02a-MDT0000"} 1
lustre_job_stats_total{component="mdt",jobid="bash:0:es-2-virt3-cosp",operation="getxattr",target="es01a-MDT0000"} 0
lustre_job_stats_total{component="mdt",jobid="bash:0:es-2-virt3-cosp",operation="getxattr",target="es02a-MDT0000"} 0
lustre_job_stats_total{component="mdt",jobid="bash:0:es-2-virt3-cosp",operation="link",target="es01a-MDT0000"} 0
lustre_job_stats_total{component="mdt",jobid="bash:0:es-2-virt3-cosp",operation="link",target="es02a-MDT0000"} 0
lustre_job_stats_total{component="mdt",jobid="bash:0:es-2-virt3-cosp",operation="migrate",target="es01a-MDT0000"} 0
lustre_job_stats_total{component="mdt",jobid="bash:0:es-2-virt3-cosp",operation="migrate",target="es02a-MDT0000"} 0
lustre_job_stats_total{component="mdt",jobid="bash:0:es-2-virt3-cosp",operation="mkdir",target="es01a-MDT0000"} 0
lustre_job_stats_total{component="mdt",jobid="bash:0:es-2-virt3-cosp",operation="mkdir",target="es02a-MDT0000"} 0
lustre_job_stats_total{component="mdt",jobid="bash:0:es-2-virt3-cosp",operation="mknod",target="es01a-MDT0000"} 0
lustre_job_stats_total{component="mdt",jobid="bash:0:es-2-virt3-cosp",operation="mknod",target="es02a-MDT0000"} 0
lustre_job_stats_total{component="mdt",jobid="bash:0:es-2-virt3-cosp",operation="open",target="es01a-MDT0000"} 0
lustre_job_stats_total{component="mdt",jobid="bash:0:es-2-virt3-cosp",operation="open",target="es02a-MDT0000"} 0
lustre_job_stats_total{component="mdt",jobid="bash:0:es-2-virt3-cosp",operation="parallel_rename_dir",target="es01a-MDT0000"} 0
lustre_job_stats_total{component="mdt",jobid="bash:0:es-2-virt3-cosp",operation="parallel_rename_dir",target="es02a-MDT0000"} 0
lustre_job_stats_total{component="mdt",jobid="bash:0:es-2-virt3-cosp",operation="parallel_rename_file",target="es01a-MDT0000"} 0
lustre_job_stats_total{component="mdt",jobid="bash:0:es-2-virt3-cosp",operation="parallel_rename_file",target="es02a-MDT0000"} 0
lustre_job_stats_total{component="mdt",jobid="bash:0:es-2-virt3-cosp",operation="punch",target="es01a-MDT0000"} 0
lustre_job_stats_total{component="mdt",jobid="bash:0:es-2-virt3-cosp",operation="punch",target="es02a-MDT0000"} 0
lustre_job_stats_total{component="mdt",jobid="bash:0:es-2-virt3-cosp",operation="read",target="es01a-MDT0000"} 0
lustre_job_stats_total{component="mdt",jobid="bash:0:es-2-virt3-cosp",operation="read",target="es02a-MDT0000"} 0
lustre_job_stats_total{component="mdt",jobid="bash:0:es-2-virt3-cosp",operation="read_bytes",target="es01a-MDT0000"} 0
lustre_job_stats_total{component="mdt",jobid="bash:0:es-2-virt3-cosp",operation="read_bytes",target="es02a-MDT0000"} 0
lustre_job_stats_total{component="mdt",jobid="bash:0:es-2-virt3-cosp",operation="rename",target="es01a-MDT0000"} 0
lustre_job_stats_total{component="mdt",jobid="bash:0:es-2-virt3-cosp",operation="rename",target="es02a-MDT0000"} 0
lustre_job_stats_total{component="mdt",jobid="bash:0:es-2-virt3-cosp",operation="rmdir",target="es01a-MDT0000"} 0
lustre_job_stats_total{component="mdt",jobid="bash:0:es-2-virt3-cosp",operation="rmdir",target="es02a-MDT0000"} 0
lustre_job_stats_total{component="mdt",jobid="bash:0:es-2-virt3-cosp",operation="samedir_rename",target="es01a-MDT0000"} 0
lustre_job_stats_total{component="mdt",jobid="bash:0:es-2-virt3-cosp",operation="samedir_rename",target="es02a-MDT0000"} 0
lustre_job_stats_total{component="mdt",jobid="bash:0:es-2-virt3-cosp",operation="setattr",target="es01a-MDT0000"} 0
lustre_job_stats_total{component="mdt",jobid="bash:0:es-2-virt3-cosp",operation="setattr",target="es02a-MDT0000"} 0
lustre_job_stats_total{component="mdt",jobid="bash:0:es-2-virt3-cosp",operation="setxattr",target="es01a-MDT0000"} 0
lustre_job_stats_total{component="mdt",jobid="bash:0:es-2-virt3-cosp",operation="setxattr",target="es02a-MDT0000"} 0
lustre_job_stats_total{component="mdt",jobid="bash:0:es-2-virt3-cosp",operation="statfs",target="es01a-MDT0000"} 0
lustre_job_stats_total{component="mdt",jobid="bash:0:es-2-virt3-cosp",operation="statfs",target="es02a-MDT0000"} 0
lustre_job_stats_total{component="mdt",jobid="bash:0:es-2-virt3-cosp",operation="sync",target="es01a-MDT0000"} 0
lustre_job_stats_total{component="mdt",jobid="bash:0:es-2-virt3-cosp",operation="sync",target="es02a-MDT0000"} 0
lustre_job_stats_total{component="mdt",jobid="bash:0:es-2-virt3-cosp",operation="unlink",target="es01a-MDT0000"} 0
lustre_job_stats_total{component="mdt",jobid="bash:0:es-2-virt3-cosp",operation="unlink",target="es02a-MDT0000"} 0
lustre_job_stats_total{component="mdt",jobid="bash:0:es-2-virt3-cosp",operation="write",target="es01a-MDT0000"} 0
lustre_job_stats_total{component="mdt",jobid="bash:0:es-2-virt3-cosp",operation="write",target="es02a-MDT0000"} 0
lustre_job_stats_total{component="mdt",jobid="bash:0:es-2-virt3-cosp",operation="write_bytes",target="es01a-MDT0000"} 0
lustre_job_stats_total{component="mdt",jobid="bash:0:es-2-virt3-cosp",operation="write_bytes",target="es02a-MDT0000"} 0
lustre_job_stats_total{component="mdt",jobid="df:0:es-2-virt3-cosp",operation="close",target="es01a-MDT0000"} 0
lustre_job_stats_total{component="mdt",jobid="df:0:es-2-virt3-cosp",operation="close",target="es02a-MDT0000"} 0
lustre_job_stats_total{component="mdt",jobid="df:0:es-2-virt3-cosp",operation="crossdir_rename",target="es01a-MDT0000"} 0
lustre_job_stats_total{component="mdt",jobid="df:0:es-2-virt3-cosp",operation="crossdir_rename",target="es02a-MDT0000"} 0
lustre_job_stats_total{component="mdt",jobid="df:0:es-2-virt3-cosp",operation="getattr",target="es01a-MDT0000"} 2
lustre_job_stats_total{component="mdt",jobid="df:0:es-2-virt3-cosp",operation="getattr",target="es02a-MDT0000"} 1
lustre_job_stats_total{component="mdt",jobid="df:0:es-2-virt3-cosp",operation="getxattr",target="es01a-MDT0000"} 0
lustre_job_stats_total{component="mdt",jobid="df:0:es-2-virt3-cosp",operation="getxattr",target="es02a-MDT0000"} 0
lustre_job_stats_total{component="mdt",jobid="df:0:es-2-virt3-cosp",operation="link",target="es01a-MDT0000"} 0
lustre_job_stats_total{component="mdt",jobid="df:0:es-2-virt3-cosp",operation="link",target="es02a-MDT0000"} 0
lustre_job_stats_total{component="mdt",jobid="df:0:es-2-virt3-cosp",operation="migrate",target="es01a-MDT0000"} 0
lustre_job_stats_total{component="mdt",jobid="df:0:es-2-virt3-cosp",operation="migrate",target="es02a-MDT0000"} 0
lustre_job_stats_total{component="mdt",jobid="df:0:es-2-virt3-cosp",operation="mkdir",target="es01a-MDT0000"} 0
lustre_job_stats_total{component="mdt",jobid="df:0:es-2-virt3-cosp",operation="mkdir",target="es02a-MDT0000"} 0
lustre_job_stats_total{component="mdt",jobid="df:0:es-2-virt3-cosp",operation="mknod",target="es01a-MDT0000"} 0
lustre_job_stats_total{component="mdt",jobid="df:0:es-2-virt3-cosp",operation="mknod",target="es02a-MDT0000"} 0
lustre_job_stats_total{component="mdt",jobid="df:0:es-2-virt3-cosp",operation="open",target="es01a-MDT0000"} 0
lustre_job_stats_total{component="mdt",jobid="df:0:es-2-virt3-cosp",operation="open",target="es02a-MDT0000"} 0
lustre_job_stats_total{component="mdt",jobid="df:0:es-2-virt3-cosp",operation="parallel_rename_dir",target="es01a-MDT0000"} 0
lustre_job_stats_total{component="mdt",jobid="df:0:es-2-virt3-cosp",operation="parallel_rename_dir",target="es02a-MDT0000"} 0
lustre_job_stats_total{component="mdt",jobid="df:0:es-2-virt3-cosp",operation="parallel_rename_file",target="es01a-MDT0000"} 0
lustre_job_stats_total{component="mdt",jobid="df:0:es-2-virt3-cosp",operation="parallel_rename_file",target="es02a-MDT0000"} 0
lustre_job_stats_total{component="mdt",jobid="df:0:es-2-virt3-cosp",operation="punch",target="es01a-MDT0000"} 0
lustre_job_stats_total{component="mdt",jobid="df:0:es-2-virt3-cosp",operation="punch",target="es02a-MDT0000"} 0
lustre_job_stats_total{component="mdt",jobid="df:0:es-2-virt3-cosp",operation="read",target="es01a-MDT0000"} 0
lustre_job_stats_total{component="mdt",jobid="df:0:es-2-virt3-cosp",operation="read",target="es02a-MDT0000"} 0
lustre_job_stats_total{component="mdt",jobid="df:0:es-2-virt3-cosp",operation="read_bytes",target="es01a-MDT0000"} 0
lustre_job_stats_total{component="mdt",jobid="df:0:es-2-virt3-cosp",operation="read_bytes",target="es02a-MDT0000"} 0
lustre_job_stats_total{component="mdt",jobid="df:0:es-2-virt3-cosp",operation="rename",target="es01a-MDT0000"} 0
lustre_job_stats_total{component="mdt",jobid="df:0:es-2-virt3-cosp",operation="rename",target="es02a-MDT0000"} 0
lustre_job_stats_total{component="mdt",jobid="df:0:es-2-virt3-cosp",operation="rmdir",target="es01a-MDT0000"} 0
lustre_job_stats_total{component="mdt",jobid="df:0:es-2-virt3-cosp",operation="rmdir",target="es02a-MDT0000"} 0
lustre_job_stats_total{component="mdt",jobid="df:0:es-2-virt3-cosp",operation="samedir_rename",target="es01a-MDT0000"} 0
lustre_job_stats_total{component="mdt",jobid="df:0:es-2-virt3-cosp",operation="samedir_rename",target="es02a-MDT0000"} 0
lustre_job_stats_total{component="mdt",jobid="df:0:es-2-virt3-cosp",operation="setattr",target="es01a-MDT0000"} 0
lustre_job_stats_total{component="mdt",jobid="df:0:es-2-virt3-cosp",operation="setattr",target="es02a-MDT0000"} 0
lustre_job_stats_total{component="mdt",jobid="df:0:es-2-virt3-cosp",operation="setxattr",target="es01a-MDT0000"} 0
lustre_job_stats_total{component="mdt",jobid="df:0:es-2-virt3-cosp",operation="setxattr",target="es02a-MDT0000"} 0
lustre_job_stats_total{component="mdt",jobid="df:0:es-2-virt3-cosp",operation="statfs",target="es01a-MDT0000"} 2
lustre_job_stats_total{component="mdt",jobid="df:0:es-2-virt3-cosp",operation="statfs",target="es02a-MDT0000"} 2
lustre_job_stats_total{component="mdt",jobid="df:0:es-2-virt3-cosp",operation="sync",target="es01a-MDT0000"} 0
lustre_job_stats_total{component="mdt",jobid="df:0:es-2-virt3-cosp",operation="sync",target="es02a-MDT0000"} 0
lustre_job_stats_total{component="mdt",jobid="df:0:es-2-virt3-cosp",operation="unlink",target="es01a-MDT0000"} 0
lustre_job_stats_total{component="mdt",jobid="df:0:es-2-virt3-cosp",operation="unlink",target="es02a-MDT0000"} 0
lustre_job_stats_total{component="mdt",jobid="df:0:es-2-virt3-cosp",operation="write",target="es01a-MDT0000"} 0
lustre_job_stats_total{component="mdt",jobid="df:0:es-2-virt3-cosp",operation="write",target="es02a-MDT0000"} 0
lustre_job_stats_total{component="mdt",jobid="df:0:es-2-virt3-cosp",operation="write_bytes",target="es01a-MDT0000"} 0
lustre_job_stats_total{component="mdt",jobid="df:0:es-2-virt3-cosp",operation="write_bytes",target="es02a-MDT0000"} 0
lustre_job_stats_total{component="mdt",jobid="fio:0:es-2-virt3-cosp",operation="close",target="es01a-MDT0000"} 122
lustre_job_stats_total{component="mdt",jobid="fio:0:es-2-virt3-cosp",operation="close",target="es02a-MDT0000"} 50
lustre_job_stats_total{component="mdt",jobid="fio:0:es-2-virt3-cosp",operation="crossdir_rename",target="es01a-MDT0000"} 0
lustre_job_stats_total{component="mdt",jobid="fio:0:es-2-virt3-cosp",operation="crossdir_rename",target="es02a-MDT0000"} 0
lustre_job_stats_total{component="mdt",jobid="fio:0:es-2-virt3-cosp",operation="getattr",target="es01a-MDT0000"} 120
lustre_job_stats_total{component="mdt",jobid="fio:0:es-2-virt3-cosp",operation="getattr",target="es02a-MDT0000"} 50
lustre_job_stats_total{component="mdt",jobid="fio:0:es-2-virt3-cosp",operation="getxattr",target="es01a-MDT0000"} 1
lustre_job_stats_total{component="mdt",jobid="fio:0:es-2-virt3-cosp",operation="getxattr",target="es02a-MDT0000"} 1
lustre_job_stats_total{component="mdt",jobid="fio:0:es-2-virt3-cosp",operation="link",target="es01a-MDT0000"} 0
lustre_job_stats_total{component="mdt",jobid="fio:0:es-2-virt3-cosp",operation="link",target="es02a-MDT0000"} 0
lustre_job_stats_total{component="mdt",jobid="fio:0:es-2-virt3-cosp",operation="migrate",target="es01a-MDT0000"} 0
lustre_job_stats_total{component="mdt",jobid="fio:0:es-2-virt3-cosp",operation="migrate",target="es02a-MDT0000"} 0
lustre_job_stats_total{component="mdt",jobid="fio:0:es-2-virt3-cosp",operation="mkdir",target="es01a-MDT0000"} 0
lustre_job_stats_total{component="mdt",jobid="fio:0:es-2-virt3-cosp",operation="mkdir",target="es02a-MDT0000"} 0
lustre_job_stats_total{component="mdt",jobid="fio:0:es-2-virt3-cosp",operation="mknod",target="es01a-MDT0000"} 1
lustre_job_stats_total{component="mdt",jobid="fio:0:es-2-virt3-cosp",operation="mknod",target="es02a-MDT0000"} 1
lustre_job_stats_total{component="mdt",jobid="fio:0:es-2-virt3-cosp",operation="open",target="es01a-MDT0000"} 123
lustre_job_stats_total{component="mdt",jobid="fio:0:es-2-virt3-cosp",operation="open",target="es02a-MDT0000"} 51
lustre_job_stats_total{component="mdt",jobid="fio:0:es-2-virt3-cosp",operation="parallel_rename_dir",target="es01a-MDT0000"} 0
lustre_job_stats_total{component="mdt",jobid="fio:0:es-2-virt3-cosp",operation="parallel_rename_dir",target="es02a-MDT0000"} 0
lustre_job_stats_total{component="mdt",jobid="fio:0:es-2-virt3-cosp",operation="parallel_rename_file",target="es01a-MDT0000"} 0
lustre_job_stats_total{component="mdt",jobid="fio:0:es-2-virt3-cosp",operation="parallel_rename_file",target="es02a-MDT0000"} 0
lustre_job_stats_total{component="mdt",jobid="fio:0:es-2-virt3-cosp",operation="punch",target="es01a-MDT0000"} 0
lustre_job_stats_total{component="mdt",jobid="fio:0:es-2-virt3-cosp",operation="punch",target="es02a-MDT0000"} 0
lustre_job_stats_total{component="mdt",jobid="fio:0:es-2-virt3-cosp",operation="read",target="es01a-MDT0000"} 0
lustre_job_stats_total{component="mdt",jobid="fio:0:es-2-virt3-cosp",operation="read",target="es02a-MDT0000"} 0
lustre_job_stats_total{component="mdt",jobid="fio:0:es-2-virt3-cosp",operation="read_bytes",target="es01a-MDT0000"} 0
lustre_job_stats_total{component="mdt",jobid="fio:0:es-2-virt3-cosp",operation="read_bytes",target="es02a-MDT0000"} 0
lustre_job_stats_total{component="mdt",jobid="fio:0:es-2-virt3-cosp",operation="rename",target="es01a-MDT0000"} 0
lustre_job_stats_total{component="mdt",jobid="fio:0:es-2-virt3-cosp",operation="rename",target="es02a-MDT0000"} 0
lustre_job_stats_total{component="mdt",jobid="fio:0:es-2-virt3-cosp",operation="rmdir",target="es01a-MDT0000"} 0
lustre_job_stats_total{component="mdt",jobid="fio:0:es-2-virt3-cosp",operation="rmdir",target="es02a-MDT0000"} 0
lustre_job_stats_total{component="mdt",jobid="fio:0:es-2-virt3-cosp",operation="samedir_rename",target="es01a-MDT0000"} 0
lustre_job_stats_total{component="mdt",jobid="fio:0:es-2-virt3-cosp",operation="samedir_rename",target="es02a-MDT0000"} 0
lustre_job_stats_total{component="mdt",jobid="fio:0:es-2-virt3-cosp",operation="setattr",target="es01a-MDT0000"} 1
lustre_job_stats_total{component="mdt",jobid="fio:0:es-2-virt3-cosp",operation="setattr",target="es02a-MDT0000"} 1
lustre_job_stats_total{component="mdt",jobid="fio:0:es-2-virt3-cosp",operation="setxattr",target="es01a-MDT0000"} 0
lustre_job_stats_total{component="mdt",jobid="fio:0:es-2-virt3-cosp",operation="setxattr",target="es02a-MDT0000"} 0
lustre_job_stats_total{component="mdt",jobid="fio:0:es-2-virt3-cosp",operation="statfs",target="es01a-MDT0000"} 0
lustre_job_stats_total{component="mdt",jobid="fio:0:es-2-virt3-cosp",operation="statfs",target="es02a-MDT0000"} 0
lustre_job_stats_total{component="mdt",jobid="fio:0:es-2-virt3-cosp",operation="sync",target="es01a-MDT0000"} 1
lustre_job_stats_total{component="mdt",jobid="fio:0:es-2-virt3-cosp",operation="sync",target="es02a-MDT0000"} 1
lustre_job_stats_total{component="mdt",jobid="fio:0:es-2-virt3-cosp",operation="unlink",target="es01a-MDT0000"} 0
lustre_job_stats_total{component="mdt",jobid="fio:0:es-2-virt3-cosp",operation="unlink",target="es02a-MDT0000"} 0
lustre_job_stats_total{component="mdt",jobid="fio:0:es-2-virt3-cosp",operation="write",target="es01a-MDT0000"} 0
lustre_job_stats_total{component="mdt",jobid="fio:0:es-2-virt3-cosp",operation="write",target="es02a-MDT0000"} 0
lustre_job_stats_total{component="mdt",jobid="fio:0:es-2-virt3-cosp",operation="write_bytes",target="es01a-MDT0000"} 0
lustre_job_stats_total{component="mdt",jobid="fio:0:es-2-virt3-cosp",operation="write_bytes",target="es02a-MDT0000"} 0
lustre_job_stats_total{component="mdt",jobid="ls:0:es-2-virt3-cosp",operation="close",target="es02a-MDT0000"} 0
lustre_job_stats_total{component="mdt",jobid="ls:0:es-2-virt3-cosp",operation="crossdir_rename",target="es02a-MDT0000"} 0
lustre_job_stats_total{component="mdt",jobid="ls:0:es-2-virt3-cosp",operation="getattr",target="es02a-MDT0000"} 0
lustre_job_stats_total{component="mdt",jobid="ls:0:es-2-virt3-cosp",operation="getxattr",target="es02a-MDT0000"} 1
lustre_job_stats_total{component="mdt",jobid="ls:0:es-2-virt3-cosp",operation="link",target="es02a-MDT0000"} 0
lustre_job_stats_total{component="mdt",jobid="ls:0:es-2-virt3-cosp",operation="migrate",target="es02a-MDT0000"} 0
lustre_job_stats_total{component="mdt",jobid="ls:0:es-2-virt3-cosp",operation="mkdir",target="es02a-MDT0000"} 0
lustre_job_stats_total{component="mdt",jobid="ls:0:es-2-virt3-cosp",operation="mknod",target="es02a-MDT0000"} 0
lustre_job_stats_total{component="mdt",jobid="ls:0:es-2-virt3-cosp",operation="open",target="es02a-MDT0000"} 0
lustre_job_stats_total{component="mdt",jobid="ls:0:es-2-virt3-cosp",operation="parallel_rename_dir",target="es02a-MDT0000"} 0
lustre_job_stats_total{component="mdt",jobid="ls:0:es-2-virt3-cosp",operation="parallel_rename_file",target="es02a-MDT0000"} 0
lustre_job_stats_total{component="mdt",jobid="ls:0:es-2-virt3-cosp",operation="punch",target="es02a-MDT0000"} 0
lustre_job_stats_total{component="mdt",jobid="ls:0:es-2-virt3-cosp",operation="read",target="es02a-MDT0000"} 0
lustre_job_stats_total{component="mdt",jobid="ls:0:es-2-virt3-cosp",operation="read_bytes",target="es02a-MDT0000"} 0
lustre_job_stats_total{component="mdt",jobid="ls:0:es-2-virt3-cosp",operation="rename",target="es02a-MDT0000"} 0
lustre_job_stats_total{component="mdt",jobid="ls:0:es-2-virt3-cosp",operation="rmdir",target="es02a-MDT0000"} 0
lustre_job_stats_total{component="mdt",jobid="ls:0:es-2-virt3-cosp",operation="samedir_rename",target="es02a-MDT0000"} 0
lustre_job_stats_total{component="mdt",jobid="ls:0:es-2-virt3-cosp",operation="setattr",target="es02a-MDT0000"} 0
lustre_job_stats_total{component="mdt",jobid="ls:0:es-2-virt3-cosp",operation="setxattr",target="es02a-MDT0000"} 0
lustre_job_stats_total{component="mdt",jobid="ls:0:es-2-virt3-cosp",operation="statfs",target="es02a-MDT0000"} 0
lustre_job_stats_total{component="mdt",jobid="ls:0:es-2-virt3-cosp",operation="sync",target="es02a-MDT0000"} 0
lustre_job_stats_total{component="mdt",jobid="ls:0:es-2-virt3-cosp",operation="unlink",target="es02a-MDT0000"} 0
lustre_job_stats_total{component="mdt",jobid="ls:0:es-2-virt3-cosp",operation="write",target="es02a-MDT0000"} 0
lustre_job_stats_total{component="mdt",jobid="ls:0:es-2-virt3-cosp",operation="write_bytes",target="es02a-MDT0000"} 0
lustre_job_stats_total{component="mdt",jobid="mv:0:es-2-virt3-cosp",operation="close",target="es02a-MDT0000"} 0
lustre_job_stats_total{component="mdt",jobid="mv:0:es-2-virt3-cosp",operation="crossdir_rename",target="es02a-MDT0000"} 0
lustre_job_stats_total{component="mdt",jobid="mv:0:es-2-virt3-cosp",operation="getattr",target="es02a-MDT0000"} 0
lustre_job_stats_total{component="mdt",jobid="mv:0:es-2-virt3-cosp",operation="getxattr",target="es02a-MDT0000"} 0
lustre_job_stats_total{component="mdt",jobid="mv:0:es-2-virt3-cosp",operation="link",target="es02a-MDT0000"} 0
lustre_job_stats_total{component="mdt",jobid="mv:0:es-2-virt3-cosp",operation="migrate",target="es02a-MDT0000"} 0
lustre_job_stats_total{component="mdt",jobid="mv:0:es-2-virt3-cosp",operation="mkdir",target="es02a-MDT0000"} 0
lustre_job_stats_total{component="mdt",jobid="mv:0:es-2-virt3-cosp",operation="mknod",target="es02a-MDT0000"} 0
lustre_job_stats_total{component="mdt",jobid="mv:0:es-2-virt3-cosp",operation="open",target="es02a-MDT0000"} 0
lustre_job_stats_total{component="mdt",jobid="mv:0:es-2-virt3-cosp",operation="parallel_rename_dir",target="es02a-MDT0000"} 0
lustre_job_stats_total{component="mdt",jobid="mv:0:es-2-virt3-cosp",operation="parallel_rename_file",target="es02a-MDT0000"} 1
lustre_job_stats_total{component="mdt",jobid="mv:0:es-2-virt3-cosp",operation="punch",target="es02a-MDT0000"} 0
lustre_job_stats_total{component="mdt",jobid="mv:0:es-2-virt3-cosp",operation="read",target="es02a-MDT0000"} 0
lustre_job_stats_total{component="mdt",jobid="mv:0:es-2-virt3-cosp",operation="read_bytes",target="es02a-MDT0000"} 0
lustre_job_stats_total{component="mdt",jobid="mv:0:es-2-virt3-cosp",operation="rename",target="es02a-MDT0000"} 1
lustre_job_stats_total{component="mdt",jobid="mv:0:es-2-virt3-cosp",operation="rmdir",target="es02a-MDT0000"} 0
lustre_job_stats_total{component="mdt",jobid="mv:0:es-2-virt3-cosp",operation="samedir_rename",target="es02a-MDT0000"} 1
lustre_job_stats_total{component="mdt",jobid="mv:0:es-2-virt3-cosp",operation="setattr",target="es02a-MDT0000"} 0
lustre_job_stats_total{component="mdt",jobid="mv:0:es-2-virt3-cosp",operation="setxattr",target="es02a-MDT0000"} 0
lustre_job_stats_total{component="mdt",jobid="mv:0:es-2-virt3-cosp",operation="statfs",target="es02a-MDT0000"} 0
lustre_job_stats_total{component="mdt",jobid="mv:0:es-2-virt3-cosp",operation="sync",target="es02a-MDT0000"} 0
lustre_job_stats_total{component="mdt",jobid="mv:0:es-2-virt3-cosp",operation="unlink",target="es02a-MDT0000"} 0
lustre_job_stats_total{component="mdt",jobid="mv:0:es-2-virt3-cosp",operation="write",target="es02a-MDT0000"} 0
lustre_job_stats_total{component="mdt",jobid="mv:0:es-2-virt3-cosp",operation="write_bytes",target="es02a-MDT0000"} 0
lustre_job_stats_total{component="mdt",jobid="node_exporter:989:es-2-virt3-co",operation="close",target="es01a-MDT0000"} 0
lustre_job_stats_total{component="mdt",jobid="node_exporter:989:es-2-virt3-co",operation="close",target="es02a-MDT0000"} 0
lustre_job_stats_total{component="mdt",jobid="node_exporter:989:es-2-virt3-co",operation="crossdir_rename",target="es01a-MDT0000"} 0
lustre_job_stats_total{component="mdt",jobid="node_exporter:989:es-2-virt3-co",operation="crossdir_rename",target="es02a-MDT0000"} 0
lustre_job_stats_total{component="mdt",jobid="node_exporter:989:es-2-virt3-co",operation="getattr",target="es01a-MDT0000"} 0
lustre_job_stats_total{component="mdt",jobid="node_exporter:989:es-2-virt3-co",operation="getattr",target="es02a-MDT0000"} 0
lustre_job_stats_total{component="mdt",jobid="node_exporter:989:es-2-virt3-co",operation="getxattr",target="es01a-MDT0000"} 0
lustre_job_stats_total{component="mdt",jobid="node_exporter:989:es-2-virt3-co",operation="getxattr",target="es02a-MDT0000"} 0
lustre_job_stats_total{component="mdt",jobid="node_exporter:989:es-2-virt3-co",operation="link",target="es01a-MDT0000"} 0
lustre_job_stats_total{component="mdt",jobid="node_exporter:989:es-2-virt3-co",operation="link",target="es02a-MDT0000"} 0
lustre_job_stats_total{component="mdt",jobid="node_exporter:989:es-2-virt3-co",operation="migrate",target="es01a-MDT0000"} 0
lustre_job_stats_total{component="mdt",jobid="node_exporter:989:es-2-virt3-co",operation="migrate",target="es02a-MDT0000"} 0
lustre_job_stats_total{component="mdt",jobid="node_exporter:989:es-2-virt3-co",operation="mkdir",target="es01a-MDT0000"} 0
lustre_job_stats_total{component="mdt",jobid="node_exporter:989:es-2-virt3-co",operation="mkdir",target="es02a-MDT0000"} 0
lustre_job_stats_total{component="mdt",jobid="node_exporter:989:es-2-virt3-co",operation="mknod",target="es01a-MDT0000"} 0
lustre_job_stats_total{component="mdt",jobid="node_exporter:989:es-2-virt3-co",operation="mknod",target="es02a-MDT0000"} 0
lustre_job_stats_total{component="mdt",jobid="node_exporter:989:es-2-virt3-co",operation="open",target="es01a-MDT0000"} 0
lustre_job_stats_total{component="mdt",jobid="node_exporter:989:es-2-virt3-co",operation="open",target="es02a-MDT0000"} 0
lustre_job_stats_total{component="mdt",jobid="node_exporter:989:es-2-virt3-co",operation="parallel_rename_dir",target="es01a-MDT0000"} 0
lustre_job_stats_total{component="mdt",jobid="node_exporter:989:es-2-virt3-co",operation="parallel_rename_dir",target="es02a-MDT0000"} 0
lustre_job_stats_total{component="mdt",jobid="node_exporter:989:es-2-virt3-co",operation="parallel_rename_file",target="es01a-MDT0000"} 0
lustre_job_stats_total{component="mdt",jobid="node_exporter:989:es-2-virt3-co",operation="parallel_rename_file",target="es02a-MDT0000"} 0
lustre_job_stats_total{component="mdt",jobid="node_exporter:989:es-2-virt3-co",operation="punch",target="es01a-MDT0000"} 0
lustre_job_stats_total{component="mdt",jobid="node_exporter:989:es-2-virt3-co",operation="punch",target="es02a-MDT0000"} 0
lustre_job_stats_total{component="mdt",jobid="node_exporter:989:es-2-virt3-co",operation="read",target="es01a-MDT0000"} 0
lustre_job_stats_total{component="mdt",jobid="node_exporter:989:es-2-virt3-co",operation="read",target="es02a-MDT0000"} 0
lustre_job_stats_total{component="mdt",jobid="node_exporter:989:es-2-virt3-co",operation="read_bytes",target="es01a-MDT0000"} 0
lustre_job_stats_total{component="mdt",jobid="node_exporter:989:es-2-virt3-co",operation="read_bytes",target="es02a-MDT0000"} 0
lustre_job_stats_total{component="mdt",jobid="node_exporter:989:es-2-virt3-co",operation="rename",target="es01a-MDT0000"} 0
lustre_job_stats_total{component="mdt",jobid="node_exporter:989:es-2-virt3-co",operation="rename",target="es02a-MDT0000"} 0
lustre_job_stats_total{component="mdt",jobid="node_exporter:989:es-2-virt3-co",operation="rmdir",target="es01a-MDT0000"} 0
lustre_job_stats_total{component="mdt",jobid="node_exporter:989:es-2-virt3-co",operation="rmdir",target="es02a-MDT0000"} 0
lustre_job_stats_total{component="mdt",jobid="node_exporter:989:es-2-virt3-co",operation="samedir_rename",target="es01a-MDT0000"} 0
lustre_job_stats_total{component="mdt",jobid="node_exporter:989:es-2-virt3-co",operation="samedir_rename",target="es02a-MDT0000"} 0
lustre_job_stats_total{component="mdt",jobid="node_exporter:989:es-2-virt3-co",operation="setattr",target="es01a-MDT0000"} 0
lustre_job_stats_total{component="mdt",jobid="node_exporter:989:es-2-virt3-co",operation="setattr",target="es02a-MDT0000"} 0
lustre_job_stats_total{component="mdt",jobid="node_exporter:989:es-2-virt3-co",operation="setxattr",target="es01a-MDT0000"} 0
lustre_job_stats_total{component="mdt",jobid="node_exporter:989:es-2-virt3-co",operation="setxattr",target="es02a-MDT0000"} 0
lustre_job_stats_total{component="mdt",jobid="node_exporter:989:es-2-virt3-co",operation="statfs",target="es01a-MDT0000"} 326
lustre_job_stats_total{component="mdt",jobid="node_exporter:989:es-2-virt3-co",operation="statfs",target="es02a-MDT0000"} 326
lustre_job_stats_total{component="mdt",jobid="node_exporter:989:es-2-virt3-co",operation="sync",target="es01a-MDT0000"} 0
lustre_job_stats_total{component="mdt",jobid="node_exporter:989:es-2-virt3-co",operation="sync",target="es02a-MDT0000"} 0
lustre_job_stats_total{component="mdt",jobid="node_exporter:989:es-2-virt3-co",operation="unlink",target="es01a-MDT0000"} 0
lustre_job_stats_total{component="mdt",jobid="node_exporter:989:es-2-virt3-co",operation="unlink",target="es02a-MDT0000"} 0
lustre_job_stats_total{component="mdt",jobid="node_exporter:989:es-2-virt3-co",operation="write",target="es01a-MDT0000"} 0
lustre_job_stats_total{component="mdt",jobid="node_exporter:989:es-2-virt3-co",operation="write",target="es02a-MDT0000"} 0
lustre_job_stats_total{component="mdt",jobid="node_exporter:989:es-2-virt3-co",operation="write_bytes",target="es01a-MDT0000"} 0
lustre_job_stats_total{component="mdt",jobid="node_exporter:989:es-2-virt3-co",operation="write_bytes",target="es02a-MDT0000"} 0
lustre_job_stats_total{component="mdt",jobid="vi:0:es-2-virt3-cosp",operation="close",target="es01a-MDT0000"} 4
lustre_job_stats_total{component="mdt",jobid="vi:0:es-2-virt3-cosp",operation="close",target="es02a-MDT0000"} 11
lustre_job_stats_total{component="mdt",jobid="vi:0:es-2-virt3-cosp",operation="crossdir_rename",target="es01a-MDT0000"} 0
lustre_job_stats_total{component="mdt",jobid="vi:0:es-2-virt3-cosp",operation="crossdir_rename",target="es02a-MDT0000"} 0
lustre_job_stats_total{component="mdt",jobid="vi:0:es-2-virt3-cosp",operation="getattr",target="es01a-MDT0000"} 7
lustre_job_stats_total{component="mdt",jobid="vi:0:es-2-virt3-cosp",operation="getattr",target="es02a-MDT0000"} 24
lustre_job_stats_total{component="mdt",jobid="vi:0:es-2-virt3-cosp",operation="getxattr",target="es01a-MDT0000"} 0
lustre_job_stats_total{component="mdt",jobid="vi:0:es-2-virt3-cosp",operation="getxattr",target="es02a-MDT0000"} 1
lustre_job_stats_total{component="mdt",jobid="vi:0:es-2-virt3-cosp",operation="link",target="es01a-MDT0000"} 0
lustre_job_stats_total{component="mdt",jobid="vi:0:es-2-virt3-cosp",operation="link",target="es02a-MDT0000"} 0
lustre_job_stats_total{component="mdt",jobid="vi:0:es-2-virt3-cosp",operation="migrate",target="es01a-MDT0000"} 0
lustre_job_stats_total{component="mdt",jobid="vi:0:es-2-virt3-cosp",operation="migrate",target="es02a-MDT0000"} 0
lustre_job_stats_total{component="mdt",jobid="vi:0:es-2-virt3-cosp",operation="mkdir",target="es01a-MDT0000"} 0
lustre_job_stats_total{component="mdt",jobid="vi:0:es-2-virt3-cosp",operation="mkdir",target="es02a-MDT0000"} 0
lustre_job_stats_total{component="mdt",jobid="vi:0:es-2-virt3-cosp",operation="mknod",target="es01a-MDT0000"} 4
lustre_job_stats_total{component="mdt",jobid="vi:0:es-2-virt3-cosp",operation="mknod",target="es02a-MDT0000"} 9
lustre_job_stats_total{component="mdt",jobid="vi:0:es-2-virt3-cosp",operation="open",target="es01a-MDT0000"} 4
lustre_job_stats_total{component="mdt",jobid="vi:0:es-2-virt3-cosp",operation="open",target="es02a-MDT0000"} 11
lustre_job_stats_total{component="mdt",jobid="vi:0:es-2-virt3-cosp",operation="parallel_rename_dir",target="es01a-MDT0000"} 0
lustre_job_stats_total{component="mdt",jobid="vi:0:es-2-virt3-cosp",operation="parallel_rename_dir",target="es02a-MDT0000"} 0
lustre_job_stats_total{component="mdt",jobid="vi:0:es-2-virt3-cosp",operation="parallel_rename_file",target="es01a-MDT0000"} 0
lustre_job_stats_total{component="mdt",jobid="vi:0:es-2-virt3-cosp",operation="parallel_rename_file",target="es02a-MDT0000"} 1
lustre_job_stats_total{component="mdt",jobid="vi:0:es-2-virt3-cosp",operation="punch",target="es01a-MDT0000"} 0
lustre_job_stats_total{component="mdt",jobid="vi:0:es-2-virt3-cosp",operation="punch",target="es02a-MDT0000"} 0
lustre_job_stats_total{component="mdt",jobid="vi:0:es-2-virt3-cosp",operation="read",target="es01a-MDT0000"} 0
lustre_job_stats_total{component="mdt",jobid="vi:0:es-2-virt3-cosp",operation="read",target="es02a-MDT0000"} 0
lustre_job_stats_total{component="mdt",jobid="vi:0:es-2-virt3-cosp",operation="read_bytes",target="es01a-MDT0000"} 0
lustre_job_stats_total{component="mdt",jobid="vi:0:es-2-virt3-cosp",operation="read_bytes",target="es02a-MDT0000"} 0
lustre_job_stats_total{component="mdt",jobid="vi:0:es-2-virt3-cosp",operation="rename",target="es01a-MDT0000"} 0
lustre_job_stats_total{component="mdt",jobid="vi:0:es-2-virt3-cosp",operation="rename",target="es02a-MDT0000"} 1
lustre_job_stats_total{component="mdt",jobid="vi:0:es-2-virt3-cosp",operation="rmdir",target="es01a-MDT0000"} 0
lustre_job_stats_total{component="mdt",jobid="vi:0:es-2-virt3-cosp",operation="rmdir",target="es02a-MDT0000"} 0
lustre_job_stats_total{component="mdt",jobid="vi:0:es-2-virt3-cosp",operation="samedir_rename",target="es01a-MDT0000"} 0
lustre_job_stats_total{component="mdt",jobid="vi:0:es-2-virt3-cosp",operation="samedir_rename",target="es02a-MDT0000"} 1
lustre_job_stats_total{component="mdt",jobid="vi:0:es-2-virt3-cosp",operation="setattr",target="es01a-MDT0000"} 1
lustre_job_stats_total{component="mdt",jobid="vi:0:es-2-virt3-cosp",operation="setattr",target="es02a-MDT0000"} 5
lustre_job_stats_total{component="mdt",jobid="vi:0:es-2-virt3-cosp",operation="setxattr",target="es01a-MDT0000"} 0
lustre_job_stats_total{component="mdt",jobid="vi:0:es-2-virt3-cosp",operation="setxattr",target="es02a-MDT0000"} 1
lustre_job_stats_total{component="mdt",jobid="vi:0:es-2-virt3-cosp",operation="statfs",target="es01a-MDT0000"} 0
lustre_job_stats_total{component="mdt",jobid="vi:0:es-2-virt3-cosp",operation="statfs",target="es02a-MDT0000"} 0
lustre_job_stats_total{component="mdt",jobid="vi:0:es-2-virt3-cosp",operation="sync",target="es01a-MDT0000"} 3
lustre_job_stats_total{component="mdt",jobid="vi:0:es-2-virt3-cosp",operation="sync",target="es02a-MDT0000"} 5
lustre_job_stats_total{component="mdt",jobid="vi:0:es-2-virt3-cosp",operation="unlink",target="es01a-MDT0000"} 3
lustre_job_stats_total{component="mdt",jobid="vi:0:es-2-virt3-cosp",operation="unlink",target="es02a-MDT0000"} 8
lustre_job_stats_total{component="mdt",jobid="vi:0:es-2-virt3-cosp",operation="write",target="es01a-MDT0000"} 0
lustre_job_stats_total{component="mdt",jobid="vi:0:es-2-virt3-cosp",operation="write",target="es02a-MDT0000"} 0
lustre_job_stats_total{component="mdt",jobid="vi:0:es-2-virt3-cosp",operation="write_bytes",target="es01a-MDT0000"} 0
lustre_job_stats_total{component="mdt",jobid="vi:0:es-2-virt3-cosp",operation="write_bytes",target="es02a-MDT0000"} 0
# EOF
