---
source: lustrefs-exporter/src/main.rs
expression: x
---
# HELP lustre_available_kilobytes Number of kilobytes readily available in the pool
# TYPE lustre_available_kilobytes gauge
lustre_available_kilobytes{component="mgt",target="MGS"} 1873816
lustre_available_kilobytes{component="mdt",target="testfs-MDT0000"} 359762008
lustre_available_kilobytes{component="ost",target="testfs-OST0000"} 34398756288
lustre_available_kilobytes{component="ost",target="testfs-OST0001"} 34398756288

# HELP lustre_block_maps_milliseconds_total Number of block maps in milliseconds
# TYPE lustre_block_maps_milliseconds_total counter

# HELP lustre_capacity_kilobytes Capacity of the pool in kilobytes
# TYPE lustre_capacity_kilobytes gauge
lustre_capacity_kilobytes{component="mgt",target="MGS"} 1980036
lustre_capacity_kilobytes{component="mdt",target="testfs-MDT0000"} 366222772
lustre_capacity_kilobytes{component="ost",target="testfs-OST0000"} 34750424936
lustre_capacity_kilobytes{component="ost",target="testfs-OST0001"} 34750424936

# HELP lustre_connected_clients Number of connected clients
# TYPE lustre_connected_clients gauge
lustre_connected_clients{component="mdt",target="testfs-MDT0000"} 1
lustre_connected_clients{component="mdt",target="testfs-MDT0000"} 1

# HELP lustre_dio_frags Current disk IO fragmentation for the given size. 'size' label represents 'Disk fragmented I/Os', the number of I/Os that were not written entirely sequentially.
# TYPE lustre_dio_frags counter

# HELP lustre_discontiguous_blocks_total 'size' label represents 'Discontiguous blocks', the number of discontinuities in the physical block allocation in the file system for a single RPC
# TYPE lustre_discontiguous_blocks_total counter

# HELP lustre_discontiguous_pages_total Total number of logical discontinuities per RPC. 'size' label represents 'Discontiguous pages', the number of discontinuities in the logical file offset of each page in a single RPC.
# TYPE lustre_discontiguous_pages_total counter

# HELP lustre_disk_io Current number of I/O operations that are processing during the snapshot. 'size' label represents 'Disk I/Os in flight', the number of disk I/Os currently pending.
# TYPE lustre_disk_io counter

# HELP lustre_disk_io_total Total number of operations the filesystem has performed for the given size. 'size' label represents 'Disk I/O size', the size of each I/O operation
# TYPE lustre_disk_io_total counter

# HELP lustre_exports_dirty_total Total number of exports that have been marked dirty
# TYPE lustre_exports_dirty_total gauge
lustre_exports_dirty_total{component="ost",target="testfs-OST0000"} 0
lustre_exports_dirty_total{component="ost",target="testfs-OST0001"} 0

# HELP lustre_exports_granted_total Total number of exports that have been marked granted
# TYPE lustre_exports_granted_total gauge
lustre_exports_granted_total{component="ost",target="testfs-OST0000"} 276416
lustre_exports_granted_total{component="ost",target="testfs-OST0001"} 276416

# HELP lustre_exports_pending_total Total number of exports that have been marked pending
# TYPE lustre_exports_pending_total gauge
lustre_exports_pending_total{component="ost",target="testfs-OST0000"} 0
lustre_exports_pending_total{component="ost",target="testfs-OST0001"} 0

# HELP lustre_exports_total Total number of times the pool has been exported
# TYPE lustre_exports_total gauge
lustre_exports_total{component="mgt",target="MGS"} 4
lustre_exports_total{component="ost",target="testfs-OST0000"} 4
lustre_exports_total{component="ost",target="testfs-OST0001"} 4
lustre_exports_total{component="mdt",target="testfs-MDT0000"} 16

# HELP lustre_free_kilobytes Number of kilobytes allocated to the pool
# TYPE lustre_free_kilobytes gauge
lustre_free_kilobytes{component="mgt",target="MGS"} 1978672
lustre_free_kilobytes{component="mdt",target="testfs-MDT0000"} 366204132
lustre_free_kilobytes{component="ost",target="testfs-OST0000"} 34750423116
lustre_free_kilobytes{component="ost",target="testfs-OST0001"} 34750423116

# HELP lustre_health_healthy Indicates whether the Lustre target is healthy or not. 1 is healthy, 0 is unhealthy.
# TYPE lustre_health_healthy gauge
lustre_health_healthy 1

# HELP lustre_inodes_free The number of inodes (objects) available
# TYPE lustre_inodes_free gauge
lustre_inodes_free{component="mgt",target="MGS"} 130871
lustre_inodes_free{component="mdt",target="testfs-MDT0000"} 257722634
lustre_inodes_free{component="ost",target="testfs-OST0000"} 274726412
lustre_inodes_free{component="ost",target="testfs-OST0001"} 274726412

# HELP lustre_inodes_maximum The maximum number of inodes (objects) the filesystem can hold
# TYPE lustre_inodes_maximum gauge
lustre_inodes_maximum{component="mgt",target="MGS"} 131072
lustre_inodes_maximum{component="mdt",target="testfs-MDT0000"} 257722920
lustre_inodes_maximum{component="ost",target="testfs-OST0000"} 274726912
lustre_inodes_maximum{component="ost",target="testfs-OST0001"} 274726912

# HELP lustre_io_time_milliseconds_total Total time in milliseconds the filesystem has spent processing various object sizes. 'size' label represents 'I/O time (1/1000s)', the amount of time for each I/O operation to complete.
# TYPE lustre_io_time_milliseconds_total counter

# HELP lustre_ldlm_canceld_stats Gives information about LDLM Canceld service.
# TYPE lustre_ldlm_canceld_stats counter
lustre_ldlm_canceld_stats{operation="req_waittime"} 5
lustre_ldlm_canceld_stats{operation="req_qdepth"} 5
lustre_ldlm_canceld_stats{operation="req_active"} 5
lustre_ldlm_canceld_stats{operation="req_timeout"} 5
lustre_ldlm_canceld_stats{operation="reqbuf_avail"} 14
lustre_ldlm_canceld_stats{operation="ldlm_cancel"} 5

# HELP lustre_ldlm_cbd_stats Gives information about LDLM Callback service.
# TYPE lustre_ldlm_cbd_stats counter
lustre_ldlm_cbd_stats{operation="req_waittime"} 3
lustre_ldlm_cbd_stats{operation="req_qdepth"} 3
lustre_ldlm_cbd_stats{operation="req_active"} 3
lustre_ldlm_cbd_stats{operation="req_timeout"} 3
lustre_ldlm_cbd_stats{operation="reqbuf_avail"} 9
lustre_ldlm_cbd_stats{operation="ldlm_bl_callback"} 3

# HELP lustre_lnet_mem_used Gives information about Lustre LNet memory usage.
# TYPE lustre_lnet_mem_used gauge
lustre_lnet_mem_used 179561964

# HELP lustre_lock_contended_total Number of contended locks
# TYPE lustre_lock_contended_total gauge
lustre_lock_contended_total{component="mdt",target="testfs-MDT0000"} 32
lustre_lock_contended_total{component="ost",target="testfs-OST0000"} 32
lustre_lock_contended_total{component="ost",target="testfs-OST0001"} 32

# HELP lustre_lock_contention_seconds_total Time in seconds during which locks were contended
# TYPE lustre_lock_contention_seconds_total gauge
lustre_lock_contention_seconds_total{component="mdt",target="testfs-MDT0000"} 2
lustre_lock_contention_seconds_total{component="ost",target="testfs-OST0000"} 2
lustre_lock_contention_seconds_total{component="ost",target="testfs-OST0001"} 2

# HELP lustre_lock_count_total Number of locks
# TYPE lustre_lock_count_total gauge
lustre_lock_count_total{component="mdt",target="testfs-MDT0000"} 1
lustre_lock_count_total{component="ost",target="testfs-OST0000"} 0
lustre_lock_count_total{component="ost",target="testfs-OST0001"} 0

# HELP lustre_lock_timeout_total Number of lock timeouts
# TYPE lustre_lock_timeout_total counter
lustre_lock_timeout_total{component="mdt",target="testfs-MDT0000"} 0
lustre_lock_timeout_total{component="ost",target="testfs-OST0000"} 0
lustre_lock_timeout_total{component="ost",target="testfs-OST0001"} 0

# HELP lustre_mem_used Gives information about Lustre memory usage.
# TYPE lustre_mem_used gauge
lustre_mem_used 1428667814

# HELP lustre_mem_used_max Gives information about Lustre maximum memory usage.
# TYPE lustre_mem_used_max counter
lustre_mem_used_max 1431117162

# HELP lustre_oss_ost_create_stats OSS ost_create stats
# TYPE lustre_oss_ost_create_stats gauge
lustre_oss_ost_create_stats{operation="req_waittime",units="usecs"} 19428
lustre_oss_ost_create_stats{operation="req_qdepth",units="reqs"} 19428
lustre_oss_ost_create_stats{operation="req_active",units="reqs"} 19428
lustre_oss_ost_create_stats{operation="req_timeout",units="secs"} 19428
lustre_oss_ost_create_stats{operation="reqbuf_avail",units="bufs"} 50071
lustre_oss_ost_create_stats{operation="ost_statfs",units="usecs"} 19428

# HELP lustre_oss_ost_stats OSS ost stats
# TYPE lustre_oss_ost_stats gauge
lustre_oss_ost_stats{operation="req_waittime",units="usecs"} 42
lustre_oss_ost_stats{operation="req_qdepth",units="reqs"} 42
lustre_oss_ost_stats{operation="req_active",units="reqs"} 42
lustre_oss_ost_stats{operation="req_timeout",units="secs"} 42
lustre_oss_ost_stats{operation="reqbuf_avail",units="bufs"} 96
lustre_oss_ost_stats{operation="ost_create",units="usecs"} 16
lustre_oss_ost_stats{operation="ost_get_info",units="usecs"} 8
lustre_oss_ost_stats{operation="ost_connect",units="usecs"} 10
lustre_oss_ost_stats{operation="ost_disconnect",units="usecs"} 2
lustre_oss_ost_stats{operation="obd_ping",units="usecs"} 6

# HELP lustre_pages_per_bulk_rw_total Total number of pages per block RPC. 'size' label represents 'Pages per bulk r/w', the number of pages per RPC request
# TYPE lustre_pages_per_bulk_rw_total counter

# HELP lustre_stats_total Number of operations the filesystem has performed.
# TYPE lustre_stats_total counter
lustre_stats_total{component="mdt",operation="open",target="testfs-MDT0000"} 4
lustre_stats_total{component="mdt",operation="close",target="testfs-MDT0000"} 5
lustre_stats_total{component="mdt",operation="mknod",target="testfs-MDT0000"} 3
lustre_stats_total{component="mdt",operation="unlink",target="testfs-MDT0000"} 2
lustre_stats_total{component="mdt",operation="getattr",target="testfs-MDT0000"} 9
lustre_stats_total{component="mdt",operation="setattr",target="testfs-MDT0000"} 2
lustre_stats_total{component="mdt",operation="getxattr",target="testfs-MDT0000"} 1
lustre_stats_total{component="mdt",operation="statfs",target="testfs-MDT0000"} 7286
