---
source: lustrefs-exporter/src/jobstats.rs
expression: output
---
previous_stat{foo="bar"} 0
lustre_job_stats_total{operation="open",component="mdt",target="es01a-MDT0000",jobid="node_exporter:989:es-2-virt3-co"} 0
lustre_job_stats_total{operation="close",component="mdt",target="es01a-MDT0000",jobid="node_exporter:989:es-2-virt3-co"} 0
lustre_job_stats_total{operation="mknod",component="mdt",target="es01a-MDT0000",jobid="node_exporter:989:es-2-virt3-co"} 0
lustre_job_stats_total{operation="link",component="mdt",target="es01a-MDT0000",jobid="node_exporter:989:es-2-virt3-co"} 0
lustre_job_stats_total{operation="unlink",component="mdt",target="es01a-MDT0000",jobid="node_exporter:989:es-2-virt3-co"} 0
lustre_job_stats_total{operation="mkdir",component="mdt",target="es01a-MDT0000",jobid="node_exporter:989:es-2-virt3-co"} 0
lustre_job_stats_total{operation="rmdir",component="mdt",target="es01a-MDT0000",jobid="node_exporter:989:es-2-virt3-co"} 0
lustre_job_stats_total{operation="rename",component="mdt",target="es01a-MDT0000",jobid="node_exporter:989:es-2-virt3-co"} 0
lustre_job_stats_total{operation="getattr",component="mdt",target="es01a-MDT0000",jobid="node_exporter:989:es-2-virt3-co"} 0
lustre_job_stats_total{operation="setattr",component="mdt",target="es01a-MDT0000",jobid="node_exporter:989:es-2-virt3-co"} 0
lustre_job_stats_total{operation="getxattr",component="mdt",target="es01a-MDT0000",jobid="node_exporter:989:es-2-virt3-co"} 0
lustre_job_stats_total{operation="setxattr",component="mdt",target="es01a-MDT0000",jobid="node_exporter:989:es-2-virt3-co"} 0
lustre_job_stats_total{operation="statfs",component="mdt",target="es01a-MDT0000",jobid="node_exporter:989:es-2-virt3-co"} 326
lustre_job_stats_total{operation="sync",component="mdt",target="es01a-MDT0000",jobid="node_exporter:989:es-2-virt3-co"} 0
lustre_job_stats_total{operation="samedir_rename",component="mdt",target="es01a-MDT0000",jobid="node_exporter:989:es-2-virt3-co"} 0
lustre_job_stats_total{operation="parallel_rename_file",component="mdt",target="es01a-MDT0000",jobid="node_exporter:989:es-2-virt3-co"} 0
lustre_job_stats_total{operation="parallel_rename_dir",component="mdt",target="es01a-MDT0000",jobid="node_exporter:989:es-2-virt3-co"} 0
lustre_job_stats_total{operation="crossdir_rename",component="mdt",target="es01a-MDT0000",jobid="node_exporter:989:es-2-virt3-co"} 0
lustre_job_stats_total{operation="read",component="mdt",target="es01a-MDT0000",jobid="node_exporter:989:es-2-virt3-co"} 0
lustre_job_stats_total{operation="write",component="mdt",target="es01a-MDT0000",jobid="node_exporter:989:es-2-virt3-co"} 0
lustre_job_stats_total{operation="read_bytes",component="mdt",target="es01a-MDT0000",jobid="node_exporter:989:es-2-virt3-co"} 0
lustre_job_stats_total{operation="write_bytes",component="mdt",target="es01a-MDT0000",jobid="node_exporter:989:es-2-virt3-co"} 0
lustre_job_stats_total{operation="punch",component="mdt",target="es01a-MDT0000",jobid="node_exporter:989:es-2-virt3-co"} 0
lustre_job_stats_total{operation="migrate",component="mdt",target="es01a-MDT0000",jobid="node_exporter:989:es-2-virt3-co"} 0
lustre_job_stats_total{operation="open",component="mdt",target="es01a-MDT0000",jobid="vi:0:es-2-virt3-cosp"} 4
lustre_job_stats_total{operation="close",component="mdt",target="es01a-MDT0000",jobid="vi:0:es-2-virt3-cosp"} 4
lustre_job_stats_total{operation="mknod",component="mdt",target="es01a-MDT0000",jobid="vi:0:es-2-virt3-cosp"} 4
lustre_job_stats_total{operation="link",component="mdt",target="es01a-MDT0000",jobid="vi:0:es-2-virt3-cosp"} 0
lustre_job_stats_total{operation="unlink",component="mdt",target="es01a-MDT0000",jobid="vi:0:es-2-virt3-cosp"} 3
lustre_job_stats_total{operation="mkdir",component="mdt",target="es01a-MDT0000",jobid="vi:0:es-2-virt3-cosp"} 0
lustre_job_stats_total{operation="rmdir",component="mdt",target="es01a-MDT0000",jobid="vi:0:es-2-virt3-cosp"} 0
lustre_job_stats_total{operation="rename",component="mdt",target="es01a-MDT0000",jobid="vi:0:es-2-virt3-cosp"} 0
lustre_job_stats_total{operation="getattr",component="mdt",target="es01a-MDT0000",jobid="vi:0:es-2-virt3-cosp"} 7
lustre_job_stats_total{operation="setattr",component="mdt",target="es01a-MDT0000",jobid="vi:0:es-2-virt3-cosp"} 1
lustre_job_stats_total{operation="getxattr",component="mdt",target="es01a-MDT0000",jobid="vi:0:es-2-virt3-cosp"} 0
lustre_job_stats_total{operation="setxattr",component="mdt",target="es01a-MDT0000",jobid="vi:0:es-2-virt3-cosp"} 0
lustre_job_stats_total{operation="statfs",component="mdt",target="es01a-MDT0000",jobid="vi:0:es-2-virt3-cosp"} 0
lustre_job_stats_total{operation="sync",component="mdt",target="es01a-MDT0000",jobid="vi:0:es-2-virt3-cosp"} 3
lustre_job_stats_total{operation="samedir_rename",component="mdt",target="es01a-MDT0000",jobid="vi:0:es-2-virt3-cosp"} 0
lustre_job_stats_total{operation="parallel_rename_file",component="mdt",target="es01a-MDT0000",jobid="vi:0:es-2-virt3-cosp"} 0
lustre_job_stats_total{operation="parallel_rename_dir",component="mdt",target="es01a-MDT0000",jobid="vi:0:es-2-virt3-cosp"} 0
lustre_job_stats_total{operation="crossdir_rename",component="mdt",target="es01a-MDT0000",jobid="vi:0:es-2-virt3-cosp"} 0
lustre_job_stats_total{operation="read",component="mdt",target="es01a-MDT0000",jobid="vi:0:es-2-virt3-cosp"} 0
lustre_job_stats_total{operation="write",component="mdt",target="es01a-MDT0000",jobid="vi:0:es-2-virt3-cosp"} 0
lustre_job_stats_total{operation="read_bytes",component="mdt",target="es01a-MDT0000",jobid="vi:0:es-2-virt3-cosp"} 0
lustre_job_stats_total{operation="write_bytes",component="mdt",target="es01a-MDT0000",jobid="vi:0:es-2-virt3-cosp"} 0
lustre_job_stats_total{operation="punch",component="mdt",target="es01a-MDT0000",jobid="vi:0:es-2-virt3-cosp"} 0
lustre_job_stats_total{operation="migrate",component="mdt",target="es01a-MDT0000",jobid="vi:0:es-2-virt3-cosp"} 0
lustre_job_stats_total{operation="open",component="mdt",target="es01a-MDT0000",jobid="bash:0:es-2-virt3-cosp"} 0
lustre_job_stats_total{operation="close",component="mdt",target="es01a-MDT0000",jobid="bash:0:es-2-virt3-cosp"} 0
lustre_job_stats_total{operation="mknod",component="mdt",target="es01a-MDT0000",jobid="bash:0:es-2-virt3-cosp"} 0
lustre_job_stats_total{operation="link",component="mdt",target="es01a-MDT0000",jobid="bash:0:es-2-virt3-cosp"} 0
lustre_job_stats_total{operation="unlink",component="mdt",target="es01a-MDT0000",jobid="bash:0:es-2-virt3-cosp"} 0
lustre_job_stats_total{operation="mkdir",component="mdt",target="es01a-MDT0000",jobid="bash:0:es-2-virt3-cosp"} 0
lustre_job_stats_total{operation="rmdir",component="mdt",target="es01a-MDT0000",jobid="bash:0:es-2-virt3-cosp"} 0
lustre_job_stats_total{operation="rename",component="mdt",target="es01a-MDT0000",jobid="bash:0:es-2-virt3-cosp"} 0
lustre_job_stats_total{operation="getattr",component="mdt",target="es01a-MDT0000",jobid="bash:0:es-2-virt3-cosp"} 1
lustre_job_stats_total{operation="setattr",component="mdt",target="es01a-MDT0000",jobid="bash:0:es-2-virt3-cosp"} 0
lustre_job_stats_total{operation="getxattr",component="mdt",target="es01a-MDT0000",jobid="bash:0:es-2-virt3-cosp"} 0
lustre_job_stats_total{operation="setxattr",component="mdt",target="es01a-MDT0000",jobid="bash:0:es-2-virt3-cosp"} 0
lustre_job_stats_total{operation="statfs",component="mdt",target="es01a-MDT0000",jobid="bash:0:es-2-virt3-cosp"} 0
lustre_job_stats_total{operation="sync",component="mdt",target="es01a-MDT0000",jobid="bash:0:es-2-virt3-cosp"} 0
lustre_job_stats_total{operation="samedir_rename",component="mdt",target="es01a-MDT0000",jobid="bash:0:es-2-virt3-cosp"} 0
lustre_job_stats_total{operation="parallel_rename_file",component="mdt",target="es01a-MDT0000",jobid="bash:0:es-2-virt3-cosp"} 0
lustre_job_stats_total{operation="parallel_rename_dir",component="mdt",target="es01a-MDT0000",jobid="bash:0:es-2-virt3-cosp"} 0
lustre_job_stats_total{operation="crossdir_rename",component="mdt",target="es01a-MDT0000",jobid="bash:0:es-2-virt3-cosp"} 0
lustre_job_stats_total{operation="read",component="mdt",target="es01a-MDT0000",jobid="bash:0:es-2-virt3-cosp"} 0
lustre_job_stats_total{operation="write",component="mdt",target="es01a-MDT0000",jobid="bash:0:es-2-virt3-cosp"} 0
lustre_job_stats_total{operation="read_bytes",component="mdt",target="es01a-MDT0000",jobid="bash:0:es-2-virt3-cosp"} 0
lustre_job_stats_total{operation="write_bytes",component="mdt",target="es01a-MDT0000",jobid="bash:0:es-2-virt3-cosp"} 0
lustre_job_stats_total{operation="punch",component="mdt",target="es01a-MDT0000",jobid="bash:0:es-2-virt3-cosp"} 0
lustre_job_stats_total{operation="migrate",component="mdt",target="es01a-MDT0000",jobid="bash:0:es-2-virt3-cosp"} 0
lustre_job_stats_total{operation="open",component="mdt",target="es01a-MDT0000",jobid="fio:0:es-2-virt3-cosp"} 123
lustre_job_stats_total{operation="close",component="mdt",target="es01a-MDT0000",jobid="fio:0:es-2-virt3-cosp"} 122
lustre_job_stats_total{operation="mknod",component="mdt",target="es01a-MDT0000",jobid="fio:0:es-2-virt3-cosp"} 1
lustre_job_stats_total{operation="link",component="mdt",target="es01a-MDT0000",jobid="fio:0:es-2-virt3-cosp"} 0
lustre_job_stats_total{operation="unlink",component="mdt",target="es01a-MDT0000",jobid="fio:0:es-2-virt3-cosp"} 0
lustre_job_stats_total{operation="mkdir",component="mdt",target="es01a-MDT0000",jobid="fio:0:es-2-virt3-cosp"} 0
lustre_job_stats_total{operation="rmdir",component="mdt",target="es01a-MDT0000",jobid="fio:0:es-2-virt3-cosp"} 0
lustre_job_stats_total{operation="rename",component="mdt",target="es01a-MDT0000",jobid="fio:0:es-2-virt3-cosp"} 0
lustre_job_stats_total{operation="getattr",component="mdt",target="es01a-MDT0000",jobid="fio:0:es-2-virt3-cosp"} 120
lustre_job_stats_total{operation="setattr",component="mdt",target="es01a-MDT0000",jobid="fio:0:es-2-virt3-cosp"} 1
lustre_job_stats_total{operation="getxattr",component="mdt",target="es01a-MDT0000",jobid="fio:0:es-2-virt3-cosp"} 1
lustre_job_stats_total{operation="setxattr",component="mdt",target="es01a-MDT0000",jobid="fio:0:es-2-virt3-cosp"} 0
lustre_job_stats_total{operation="statfs",component="mdt",target="es01a-MDT0000",jobid="fio:0:es-2-virt3-cosp"} 0
lustre_job_stats_total{operation="sync",component="mdt",target="es01a-MDT0000",jobid="fio:0:es-2-virt3-cosp"} 1
lustre_job_stats_total{operation="samedir_rename",component="mdt",target="es01a-MDT0000",jobid="fio:0:es-2-virt3-cosp"} 0
lustre_job_stats_total{operation="parallel_rename_file",component="mdt",target="es01a-MDT0000",jobid="fio:0:es-2-virt3-cosp"} 0
lustre_job_stats_total{operation="parallel_rename_dir",component="mdt",target="es01a-MDT0000",jobid="fio:0:es-2-virt3-cosp"} 0
lustre_job_stats_total{operation="crossdir_rename",component="mdt",target="es01a-MDT0000",jobid="fio:0:es-2-virt3-cosp"} 0
lustre_job_stats_total{operation="read",component="mdt",target="es01a-MDT0000",jobid="fio:0:es-2-virt3-cosp"} 0
lustre_job_stats_total{operation="write",component="mdt",target="es01a-MDT0000",jobid="fio:0:es-2-virt3-cosp"} 0
lustre_job_stats_total{operation="read_bytes",component="mdt",target="es01a-MDT0000",jobid="fio:0:es-2-virt3-cosp"} 0
lustre_job_stats_total{operation="write_bytes",component="mdt",target="es01a-MDT0000",jobid="fio:0:es-2-virt3-cosp"} 0
lustre_job_stats_total{operation="punch",component="mdt",target="es01a-MDT0000",jobid="fio:0:es-2-virt3-cosp"} 0
lustre_job_stats_total{operation="migrate",component="mdt",target="es01a-MDT0000",jobid="fio:0:es-2-virt3-cosp"} 0
lustre_job_stats_total{operation="open",component="mdt",target="es01a-MDT0000",jobid="df:0:es-2-virt3-cosp"} 0
lustre_job_stats_total{operation="close",component="mdt",target="es01a-MDT0000",jobid="df:0:es-2-virt3-cosp"} 0
lustre_job_stats_total{operation="mknod",component="mdt",target="es01a-MDT0000",jobid="df:0:es-2-virt3-cosp"} 0
lustre_job_stats_total{operation="link",component="mdt",target="es01a-MDT0000",jobid="df:0:es-2-virt3-cosp"} 0
lustre_job_stats_total{operation="unlink",component="mdt",target="es01a-MDT0000",jobid="df:0:es-2-virt3-cosp"} 0
lustre_job_stats_total{operation="mkdir",component="mdt",target="es01a-MDT0000",jobid="df:0:es-2-virt3-cosp"} 0
lustre_job_stats_total{operation="rmdir",component="mdt",target="es01a-MDT0000",jobid="df:0:es-2-virt3-cosp"} 0
lustre_job_stats_total{operation="rename",component="mdt",target="es01a-MDT0000",jobid="df:0:es-2-virt3-cosp"} 0
lustre_job_stats_total{operation="getattr",component="mdt",target="es01a-MDT0000",jobid="df:0:es-2-virt3-cosp"} 2
lustre_job_stats_total{operation="setattr",component="mdt",target="es01a-MDT0000",jobid="df:0:es-2-virt3-cosp"} 0
lustre_job_stats_total{operation="getxattr",component="mdt",target="es01a-MDT0000",jobid="df:0:es-2-virt3-cosp"} 0
lustre_job_stats_total{operation="setxattr",component="mdt",target="es01a-MDT0000",jobid="df:0:es-2-virt3-cosp"} 0
lustre_job_stats_total{operation="statfs",component="mdt",target="es01a-MDT0000",jobid="df:0:es-2-virt3-cosp"} 2
lustre_job_stats_total{operation="sync",component="mdt",target="es01a-MDT0000",jobid="df:0:es-2-virt3-cosp"} 0
lustre_job_stats_total{operation="samedir_rename",component="mdt",target="es01a-MDT0000",jobid="df:0:es-2-virt3-cosp"} 0
lustre_job_stats_total{operation="parallel_rename_file",component="mdt",target="es01a-MDT0000",jobid="df:0:es-2-virt3-cosp"} 0
lustre_job_stats_total{operation="parallel_rename_dir",component="mdt",target="es01a-MDT0000",jobid="df:0:es-2-virt3-cosp"} 0
lustre_job_stats_total{operation="crossdir_rename",component="mdt",target="es01a-MDT0000",jobid="df:0:es-2-virt3-cosp"} 0
lustre_job_stats_total{operation="read",component="mdt",target="es01a-MDT0000",jobid="df:0:es-2-virt3-cosp"} 0
lustre_job_stats_total{operation="write",component="mdt",target="es01a-MDT0000",jobid="df:0:es-2-virt3-cosp"} 0
lustre_job_stats_total{operation="read_bytes",component="mdt",target="es01a-MDT0000",jobid="df:0:es-2-virt3-cosp"} 0
lustre_job_stats_total{operation="write_bytes",component="mdt",target="es01a-MDT0000",jobid="df:0:es-2-virt3-cosp"} 0
lustre_job_stats_total{operation="punch",component="mdt",target="es01a-MDT0000",jobid="df:0:es-2-virt3-cosp"} 0
lustre_job_stats_total{operation="migrate",component="mdt",target="es01a-MDT0000",jobid="df:0:es-2-virt3-cosp"} 0
lustre_job_stats_total{operation="open",component="mdt",target="es02a-MDT0000",jobid="node_exporter:989:es-2-virt3-co"} 0
lustre_job_stats_total{operation="close",component="mdt",target="es02a-MDT0000",jobid="node_exporter:989:es-2-virt3-co"} 0
lustre_job_stats_total{operation="mknod",component="mdt",target="es02a-MDT0000",jobid="node_exporter:989:es-2-virt3-co"} 0
lustre_job_stats_total{operation="link",component="mdt",target="es02a-MDT0000",jobid="node_exporter:989:es-2-virt3-co"} 0
lustre_job_stats_total{operation="unlink",component="mdt",target="es02a-MDT0000",jobid="node_exporter:989:es-2-virt3-co"} 0
lustre_job_stats_total{operation="mkdir",component="mdt",target="es02a-MDT0000",jobid="node_exporter:989:es-2-virt3-co"} 0
lustre_job_stats_total{operation="rmdir",component="mdt",target="es02a-MDT0000",jobid="node_exporter:989:es-2-virt3-co"} 0
lustre_job_stats_total{operation="rename",component="mdt",target="es02a-MDT0000",jobid="node_exporter:989:es-2-virt3-co"} 0
lustre_job_stats_total{operation="getattr",component="mdt",target="es02a-MDT0000",jobid="node_exporter:989:es-2-virt3-co"} 0
lustre_job_stats_total{operation="setattr",component="mdt",target="es02a-MDT0000",jobid="node_exporter:989:es-2-virt3-co"} 0
lustre_job_stats_total{operation="getxattr",component="mdt",target="es02a-MDT0000",jobid="node_exporter:989:es-2-virt3-co"} 0
lustre_job_stats_total{operation="setxattr",component="mdt",target="es02a-MDT0000",jobid="node_exporter:989:es-2-virt3-co"} 0
lustre_job_stats_total{operation="statfs",component="mdt",target="es02a-MDT0000",jobid="node_exporter:989:es-2-virt3-co"} 326
lustre_job_stats_total{operation="sync",component="mdt",target="es02a-MDT0000",jobid="node_exporter:989:es-2-virt3-co"} 0
lustre_job_stats_total{operation="samedir_rename",component="mdt",target="es02a-MDT0000",jobid="node_exporter:989:es-2-virt3-co"} 0
lustre_job_stats_total{operation="parallel_rename_file",component="mdt",target="es02a-MDT0000",jobid="node_exporter:989:es-2-virt3-co"} 0
lustre_job_stats_total{operation="parallel_rename_dir",component="mdt",target="es02a-MDT0000",jobid="node_exporter:989:es-2-virt3-co"} 0
lustre_job_stats_total{operation="crossdir_rename",component="mdt",target="es02a-MDT0000",jobid="node_exporter:989:es-2-virt3-co"} 0
lustre_job_stats_total{operation="read",component="mdt",target="es02a-MDT0000",jobid="node_exporter:989:es-2-virt3-co"} 0
lustre_job_stats_total{operation="write",component="mdt",target="es02a-MDT0000",jobid="node_exporter:989:es-2-virt3-co"} 0
lustre_job_stats_total{operation="read_bytes",component="mdt",target="es02a-MDT0000",jobid="node_exporter:989:es-2-virt3-co"} 0
lustre_job_stats_total{operation="write_bytes",component="mdt",target="es02a-MDT0000",jobid="node_exporter:989:es-2-virt3-co"} 0
lustre_job_stats_total{operation="punch",component="mdt",target="es02a-MDT0000",jobid="node_exporter:989:es-2-virt3-co"} 0
lustre_job_stats_total{operation="migrate",component="mdt",target="es02a-MDT0000",jobid="node_exporter:989:es-2-virt3-co"} 0
lustre_job_stats_total{operation="open",component="mdt",target="es02a-MDT0000",jobid="df:0:es-2-virt3-cosp"} 0
lustre_job_stats_total{operation="close",component="mdt",target="es02a-MDT0000",jobid="df:0:es-2-virt3-cosp"} 0
lustre_job_stats_total{operation="mknod",component="mdt",target="es02a-MDT0000",jobid="df:0:es-2-virt3-cosp"} 0
lustre_job_stats_total{operation="link",component="mdt",target="es02a-MDT0000",jobid="df:0:es-2-virt3-cosp"} 0
lustre_job_stats_total{operation="unlink",component="mdt",target="es02a-MDT0000",jobid="df:0:es-2-virt3-cosp"} 0
lustre_job_stats_total{operation="mkdir",component="mdt",target="es02a-MDT0000",jobid="df:0:es-2-virt3-cosp"} 0
lustre_job_stats_total{operation="rmdir",component="mdt",target="es02a-MDT0000",jobid="df:0:es-2-virt3-cosp"} 0
lustre_job_stats_total{operation="rename",component="mdt",target="es02a-MDT0000",jobid="df:0:es-2-virt3-cosp"} 0
lustre_job_stats_total{operation="getattr",component="mdt",target="es02a-MDT0000",jobid="df:0:es-2-virt3-cosp"} 1
lustre_job_stats_total{operation="setattr",component="mdt",target="es02a-MDT0000",jobid="df:0:es-2-virt3-cosp"} 0
lustre_job_stats_total{operation="getxattr",component="mdt",target="es02a-MDT0000",jobid="df:0:es-2-virt3-cosp"} 0
lustre_job_stats_total{operation="setxattr",component="mdt",target="es02a-MDT0000",jobid="df:0:es-2-virt3-cosp"} 0
lustre_job_stats_total{operation="statfs",component="mdt",target="es02a-MDT0000",jobid="df:0:es-2-virt3-cosp"} 2
lustre_job_stats_total{operation="sync",component="mdt",target="es02a-MDT0000",jobid="df:0:es-2-virt3-cosp"} 0
lustre_job_stats_total{operation="samedir_rename",component="mdt",target="es02a-MDT0000",jobid="df:0:es-2-virt3-cosp"} 0
lustre_job_stats_total{operation="parallel_rename_file",component="mdt",target="es02a-MDT0000",jobid="df:0:es-2-virt3-cosp"} 0
lustre_job_stats_total{operation="parallel_rename_dir",component="mdt",target="es02a-MDT0000",jobid="df:0:es-2-virt3-cosp"} 0
lustre_job_stats_total{operation="crossdir_rename",component="mdt",target="es02a-MDT0000",jobid="df:0:es-2-virt3-cosp"} 0
lustre_job_stats_total{operation="read",component="mdt",target="es02a-MDT0000",jobid="df:0:es-2-virt3-cosp"} 0
lustre_job_stats_total{operation="write",component="mdt",target="es02a-MDT0000",jobid="df:0:es-2-virt3-cosp"} 0
lustre_job_stats_total{operation="read_bytes",component="mdt",target="es02a-MDT0000",jobid="df:0:es-2-virt3-cosp"} 0
lustre_job_stats_total{operation="write_bytes",component="mdt",target="es02a-MDT0000",jobid="df:0:es-2-virt3-cosp"} 0
lustre_job_stats_total{operation="punch",component="mdt",target="es02a-MDT0000",jobid="df:0:es-2-virt3-cosp"} 0
lustre_job_stats_total{operation="migrate",component="mdt",target="es02a-MDT0000",jobid="df:0:es-2-virt3-cosp"} 0
lustre_job_stats_total{operation="open",component="mdt",target="es02a-MDT0000",jobid="vi:0:es-2-virt3-cosp"} 11
lustre_job_stats_total{operation="close",component="mdt",target="es02a-MDT0000",jobid="vi:0:es-2-virt3-cosp"} 11
lustre_job_stats_total{operation="mknod",component="mdt",target="es02a-MDT0000",jobid="vi:0:es-2-virt3-cosp"} 9
lustre_job_stats_total{operation="link",component="mdt",target="es02a-MDT0000",jobid="vi:0:es-2-virt3-cosp"} 0
lustre_job_stats_total{operation="unlink",component="mdt",target="es02a-MDT0000",jobid="vi:0:es-2-virt3-cosp"} 8
lustre_job_stats_total{operation="mkdir",component="mdt",target="es02a-MDT0000",jobid="vi:0:es-2-virt3-cosp"} 0
lustre_job_stats_total{operation="rmdir",component="mdt",target="es02a-MDT0000",jobid="vi:0:es-2-virt3-cosp"} 0
lustre_job_stats_total{operation="rename",component="mdt",target="es02a-MDT0000",jobid="vi:0:es-2-virt3-cosp"} 1
lustre_job_stats_total{operation="getattr",component="mdt",target="es02a-MDT0000",jobid="vi:0:es-2-virt3-cosp"} 24
lustre_job_stats_total{operation="setattr",component="mdt",target="es02a-MDT0000",jobid="vi:0:es-2-virt3-cosp"} 5
lustre_job_stats_total{operation="getxattr",component="mdt",target="es02a-MDT0000",jobid="vi:0:es-2-virt3-cosp"} 1
lustre_job_stats_total{operation="setxattr",component="mdt",target="es02a-MDT0000",jobid="vi:0:es-2-virt3-cosp"} 1
lustre_job_stats_total{operation="statfs",component="mdt",target="es02a-MDT0000",jobid="vi:0:es-2-virt3-cosp"} 0
lustre_job_stats_total{operation="sync",component="mdt",target="es02a-MDT0000",jobid="vi:0:es-2-virt3-cosp"} 5
lustre_job_stats_total{operation="samedir_rename",component="mdt",target="es02a-MDT0000",jobid="vi:0:es-2-virt3-cosp"} 1
lustre_job_stats_total{operation="parallel_rename_file",component="mdt",target="es02a-MDT0000",jobid="vi:0:es-2-virt3-cosp"} 1
lustre_job_stats_total{operation="parallel_rename_dir",component="mdt",target="es02a-MDT0000",jobid="vi:0:es-2-virt3-cosp"} 0
lustre_job_stats_total{operation="crossdir_rename",component="mdt",target="es02a-MDT0000",jobid="vi:0:es-2-virt3-cosp"} 0
lustre_job_stats_total{operation="read",component="mdt",target="es02a-MDT0000",jobid="vi:0:es-2-virt3-cosp"} 0
lustre_job_stats_total{operation="write",component="mdt",target="es02a-MDT0000",jobid="vi:0:es-2-virt3-cosp"} 0
lustre_job_stats_total{operation="read_bytes",component="mdt",target="es02a-MDT0000",jobid="vi:0:es-2-virt3-cosp"} 0
lustre_job_stats_total{operation="write_bytes",component="mdt",target="es02a-MDT0000",jobid="vi:0:es-2-virt3-cosp"} 0
lustre_job_stats_total{operation="punch",component="mdt",target="es02a-MDT0000",jobid="vi:0:es-2-virt3-cosp"} 0
lustre_job_stats_total{operation="migrate",component="mdt",target="es02a-MDT0000",jobid="vi:0:es-2-virt3-cosp"} 0
lustre_job_stats_total{operation="open",component="mdt",target="es02a-MDT0000",jobid="ls:0:es-2-virt3-cosp"} 0
lustre_job_stats_total{operation="close",component="mdt",target="es02a-MDT0000",jobid="ls:0:es-2-virt3-cosp"} 0
lustre_job_stats_total{operation="mknod",component="mdt",target="es02a-MDT0000",jobid="ls:0:es-2-virt3-cosp"} 0
lustre_job_stats_total{operation="link",component="mdt",target="es02a-MDT0000",jobid="ls:0:es-2-virt3-cosp"} 0
lustre_job_stats_total{operation="unlink",component="mdt",target="es02a-MDT0000",jobid="ls:0:es-2-virt3-cosp"} 0
lustre_job_stats_total{operation="mkdir",component="mdt",target="es02a-MDT0000",jobid="ls:0:es-2-virt3-cosp"} 0
lustre_job_stats_total{operation="rmdir",component="mdt",target="es02a-MDT0000",jobid="ls:0:es-2-virt3-cosp"} 0
lustre_job_stats_total{operation="rename",component="mdt",target="es02a-MDT0000",jobid="ls:0:es-2-virt3-cosp"} 0
lustre_job_stats_total{operation="getattr",component="mdt",target="es02a-MDT0000",jobid="ls:0:es-2-virt3-cosp"} 0
lustre_job_stats_total{operation="setattr",component="mdt",target="es02a-MDT0000",jobid="ls:0:es-2-virt3-cosp"} 0
lustre_job_stats_total{operation="getxattr",component="mdt",target="es02a-MDT0000",jobid="ls:0:es-2-virt3-cosp"} 1
lustre_job_stats_total{operation="setxattr",component="mdt",target="es02a-MDT0000",jobid="ls:0:es-2-virt3-cosp"} 0
lustre_job_stats_total{operation="statfs",component="mdt",target="es02a-MDT0000",jobid="ls:0:es-2-virt3-cosp"} 0
lustre_job_stats_total{operation="sync",component="mdt",target="es02a-MDT0000",jobid="ls:0:es-2-virt3-cosp"} 0
lustre_job_stats_total{operation="samedir_rename",component="mdt",target="es02a-MDT0000",jobid="ls:0:es-2-virt3-cosp"} 0
lustre_job_stats_total{operation="parallel_rename_file",component="mdt",target="es02a-MDT0000",jobid="ls:0:es-2-virt3-cosp"} 0
lustre_job_stats_total{operation="parallel_rename_dir",component="mdt",target="es02a-MDT0000",jobid="ls:0:es-2-virt3-cosp"} 0
lustre_job_stats_total{operation="crossdir_rename",component="mdt",target="es02a-MDT0000",jobid="ls:0:es-2-virt3-cosp"} 0
lustre_job_stats_total{operation="read",component="mdt",target="es02a-MDT0000",jobid="ls:0:es-2-virt3-cosp"} 0
lustre_job_stats_total{operation="write",component="mdt",target="es02a-MDT0000",jobid="ls:0:es-2-virt3-cosp"} 0
lustre_job_stats_total{operation="read_bytes",component="mdt",target="es02a-MDT0000",jobid="ls:0:es-2-virt3-cosp"} 0
lustre_job_stats_total{operation="write_bytes",component="mdt",target="es02a-MDT0000",jobid="ls:0:es-2-virt3-cosp"} 0
lustre_job_stats_total{operation="punch",component="mdt",target="es02a-MDT0000",jobid="ls:0:es-2-virt3-cosp"} 0
lustre_job_stats_total{operation="migrate",component="mdt",target="es02a-MDT0000",jobid="ls:0:es-2-virt3-cosp"} 0
lustre_job_stats_total{operation="open",component="mdt",target="es02a-MDT0000",jobid="mv:0:es-2-virt3-cosp"} 0
lustre_job_stats_total{operation="close",component="mdt",target="es02a-MDT0000",jobid="mv:0:es-2-virt3-cosp"} 0
lustre_job_stats_total{operation="mknod",component="mdt",target="es02a-MDT0000",jobid="mv:0:es-2-virt3-cosp"} 0
lustre_job_stats_total{operation="link",component="mdt",target="es02a-MDT0000",jobid="mv:0:es-2-virt3-cosp"} 0
lustre_job_stats_total{operation="unlink",component="mdt",target="es02a-MDT0000",jobid="mv:0:es-2-virt3-cosp"} 0
lustre_job_stats_total{operation="mkdir",component="mdt",target="es02a-MDT0000",jobid="mv:0:es-2-virt3-cosp"} 0
lustre_job_stats_total{operation="rmdir",component="mdt",target="es02a-MDT0000",jobid="mv:0:es-2-virt3-cosp"} 0
lustre_job_stats_total{operation="rename",component="mdt",target="es02a-MDT0000",jobid="mv:0:es-2-virt3-cosp"} 1
lustre_job_stats_total{operation="getattr",component="mdt",target="es02a-MDT0000",jobid="mv:0:es-2-virt3-cosp"} 0
lustre_job_stats_total{operation="setattr",component="mdt",target="es02a-MDT0000",jobid="mv:0:es-2-virt3-cosp"} 0
lustre_job_stats_total{operation="getxattr",component="mdt",target="es02a-MDT0000",jobid="mv:0:es-2-virt3-cosp"} 0
lustre_job_stats_total{operation="setxattr",component="mdt",target="es02a-MDT0000",jobid="mv:0:es-2-virt3-cosp"} 0
lustre_job_stats_total{operation="statfs",component="mdt",target="es02a-MDT0000",jobid="mv:0:es-2-virt3-cosp"} 0
lustre_job_stats_total{operation="sync",component="mdt",target="es02a-MDT0000",jobid="mv:0:es-2-virt3-cosp"} 0
lustre_job_stats_total{operation="samedir_rename",component="mdt",target="es02a-MDT0000",jobid="mv:0:es-2-virt3-cosp"} 1
lustre_job_stats_total{operation="parallel_rename_file",component="mdt",target="es02a-MDT0000",jobid="mv:0:es-2-virt3-cosp"} 1
lustre_job_stats_total{operation="parallel_rename_dir",component="mdt",target="es02a-MDT0000",jobid="mv:0:es-2-virt3-cosp"} 0
lustre_job_stats_total{operation="crossdir_rename",component="mdt",target="es02a-MDT0000",jobid="mv:0:es-2-virt3-cosp"} 0
lustre_job_stats_total{operation="read",component="mdt",target="es02a-MDT0000",jobid="mv:0:es-2-virt3-cosp"} 0
lustre_job_stats_total{operation="write",component="mdt",target="es02a-MDT0000",jobid="mv:0:es-2-virt3-cosp"} 0
lustre_job_stats_total{operation="read_bytes",component="mdt",target="es02a-MDT0000",jobid="mv:0:es-2-virt3-cosp"} 0
lustre_job_stats_total{operation="write_bytes",component="mdt",target="es02a-MDT0000",jobid="mv:0:es-2-virt3-cosp"} 0
lustre_job_stats_total{operation="punch",component="mdt",target="es02a-MDT0000",jobid="mv:0:es-2-virt3-cosp"} 0
lustre_job_stats_total{operation="migrate",component="mdt",target="es02a-MDT0000",jobid="mv:0:es-2-virt3-cosp"} 0
lustre_job_stats_total{operation="open",component="mdt",target="es02a-MDT0000",jobid="bash:0:es-2-virt3-cosp"} 0
lustre_job_stats_total{operation="close",component="mdt",target="es02a-MDT0000",jobid="bash:0:es-2-virt3-cosp"} 0
lustre_job_stats_total{operation="mknod",component="mdt",target="es02a-MDT0000",jobid="bash:0:es-2-virt3-cosp"} 0
lustre_job_stats_total{operation="link",component="mdt",target="es02a-MDT0000",jobid="bash:0:es-2-virt3-cosp"} 0
lustre_job_stats_total{operation="unlink",component="mdt",target="es02a-MDT0000",jobid="bash:0:es-2-virt3-cosp"} 0
lustre_job_stats_total{operation="mkdir",component="mdt",target="es02a-MDT0000",jobid="bash:0:es-2-virt3-cosp"} 0
lustre_job_stats_total{operation="rmdir",component="mdt",target="es02a-MDT0000",jobid="bash:0:es-2-virt3-cosp"} 0
lustre_job_stats_total{operation="rename",component="mdt",target="es02a-MDT0000",jobid="bash:0:es-2-virt3-cosp"} 0
lustre_job_stats_total{operation="getattr",component="mdt",target="es02a-MDT0000",jobid="bash:0:es-2-virt3-cosp"} 1
lustre_job_stats_total{operation="setattr",component="mdt",target="es02a-MDT0000",jobid="bash:0:es-2-virt3-cosp"} 0
lustre_job_stats_total{operation="getxattr",component="mdt",target="es02a-MDT0000",jobid="bash:0:es-2-virt3-cosp"} 0
lustre_job_stats_total{operation="setxattr",component="mdt",target="es02a-MDT0000",jobid="bash:0:es-2-virt3-cosp"} 0
lustre_job_stats_total{operation="statfs",component="mdt",target="es02a-MDT0000",jobid="bash:0:es-2-virt3-cosp"} 0
lustre_job_stats_total{operation="sync",component="mdt",target="es02a-MDT0000",jobid="bash:0:es-2-virt3-cosp"} 0
lustre_job_stats_total{operation="samedir_rename",component="mdt",target="es02a-MDT0000",jobid="bash:0:es-2-virt3-cosp"} 0
lustre_job_stats_total{operation="parallel_rename_file",component="mdt",target="es02a-MDT0000",jobid="bash:0:es-2-virt3-cosp"} 0
lustre_job_stats_total{operation="parallel_rename_dir",component="mdt",target="es02a-MDT0000",jobid="bash:0:es-2-virt3-cosp"} 0
lustre_job_stats_total{operation="crossdir_rename",component="mdt",target="es02a-MDT0000",jobid="bash:0:es-2-virt3-cosp"} 0
lustre_job_stats_total{operation="read",component="mdt",target="es02a-MDT0000",jobid="bash:0:es-2-virt3-cosp"} 0
lustre_job_stats_total{operation="write",component="mdt",target="es02a-MDT0000",jobid="bash:0:es-2-virt3-cosp"} 0
lustre_job_stats_total{operation="read_bytes",component="mdt",target="es02a-MDT0000",jobid="bash:0:es-2-virt3-cosp"} 0
lustre_job_stats_total{operation="write_bytes",component="mdt",target="es02a-MDT0000",jobid="bash:0:es-2-virt3-cosp"} 0
lustre_job_stats_total{operation="punch",component="mdt",target="es02a-MDT0000",jobid="bash:0:es-2-virt3-cosp"} 0
lustre_job_stats_total{operation="migrate",component="mdt",target="es02a-MDT0000",jobid="bash:0:es-2-virt3-cosp"} 0
lustre_job_stats_total{operation="open",component="mdt",target="es02a-MDT0000",jobid="fio:0:es-2-virt3-cosp"} 51
lustre_job_stats_total{operation="close",component="mdt",target="es02a-MDT0000",jobid="fio:0:es-2-virt3-cosp"} 50
lustre_job_stats_total{operation="mknod",component="mdt",target="es02a-MDT0000",jobid="fio:0:es-2-virt3-cosp"} 1
lustre_job_stats_total{operation="link",component="mdt",target="es02a-MDT0000",jobid="fio:0:es-2-virt3-cosp"} 0
lustre_job_stats_total{operation="unlink",component="mdt",target="es02a-MDT0000",jobid="fio:0:es-2-virt3-cosp"} 0
lustre_job_stats_total{operation="mkdir",component="mdt",target="es02a-MDT0000",jobid="fio:0:es-2-virt3-cosp"} 0
lustre_job_stats_total{operation="rmdir",component="mdt",target="es02a-MDT0000",jobid="fio:0:es-2-virt3-cosp"} 0
lustre_job_stats_total{operation="rename",component="mdt",target="es02a-MDT0000",jobid="fio:0:es-2-virt3-cosp"} 0
lustre_job_stats_total{operation="getattr",component="mdt",target="es02a-MDT0000",jobid="fio:0:es-2-virt3-cosp"} 50
lustre_job_stats_total{operation="setattr",component="mdt",target="es02a-MDT0000",jobid="fio:0:es-2-virt3-cosp"} 1
lustre_job_stats_total{operation="getxattr",component="mdt",target="es02a-MDT0000",jobid="fio:0:es-2-virt3-cosp"} 1
lustre_job_stats_total{operation="setxattr",component="mdt",target="es02a-MDT0000",jobid="fio:0:es-2-virt3-cosp"} 0
lustre_job_stats_total{operation="statfs",component="mdt",target="es02a-MDT0000",jobid="fio:0:es-2-virt3-cosp"} 0
lustre_job_stats_total{operation="sync",component="mdt",target="es02a-MDT0000",jobid="fio:0:es-2-virt3-cosp"} 1
lustre_job_stats_total{operation="samedir_rename",component="mdt",target="es02a-MDT0000",jobid="fio:0:es-2-virt3-cosp"} 0
lustre_job_stats_total{operation="parallel_rename_file",component="mdt",target="es02a-MDT0000",jobid="fio:0:es-2-virt3-cosp"} 0
lustre_job_stats_total{operation="parallel_rename_dir",component="mdt",target="es02a-MDT0000",jobid="fio:0:es-2-virt3-cosp"} 0
lustre_job_stats_total{operation="crossdir_rename",component="mdt",target="es02a-MDT0000",jobid="fio:0:es-2-virt3-cosp"} 0
lustre_job_stats_total{operation="read",component="mdt",target="es02a-MDT0000",jobid="fio:0:es-2-virt3-cosp"} 0
lustre_job_stats_total{operation="write",component="mdt",target="es02a-MDT0000",jobid="fio:0:es-2-virt3-cosp"} 0
lustre_job_stats_total{operation="read_bytes",component="mdt",target="es02a-MDT0000",jobid="fio:0:es-2-virt3-cosp"} 0
lustre_job_stats_total{operation="write_bytes",component="mdt",target="es02a-MDT0000",jobid="fio:0:es-2-virt3-cosp"} 0
lustre_job_stats_total{operation="punch",component="mdt",target="es02a-MDT0000",jobid="fio:0:es-2-virt3-cosp"} 0
lustre_job_stats_total{operation="migrate",component="mdt",target="es02a-MDT0000",jobid="fio:0:es-2-virt3-cosp"} 0
