---
source: src/mds/client_count_parser.rs
expression: result
---
(
    "es01a-MDT0000",
    "",
)
